PASS  single_file_in_sync  (0.5s)
PASS  listeners_do_not_accumulate  (2.8s)
PASS  customer_full_flow_and_economy  (1.8s)
PASS  cooking_every_recipe  (1.3s)
PASS  cat_ai_keeps_running  (2.3s)
PASS  kitchen_staff_ladder  (1.5s)
PASS  waiting_bench  (1.3s)
PASS  dylan_pays_tidies_and_is_not_staff  (1.3s)
PASS  world_stays_visible_across_days  (66.6s)
PASS  daylight_returns_every_morning  (13.9s)
PASS  hold_recipes_never_lock_the_game  (86.0s)
PASS  weather_days_and_stock_v182  (1.4s)
PASS  rating_story_records_and_panels_v182  (3.3s)
PASS  achievements_and_hold_variation_v182  (0.9s)
PASS  golden_scenario  (3.8s)
PASS  golden_frames  (194.6s)
PASS  the_street_has_passers_by_and_some_walk_in  (68.4s)
PASS  a2_the_game_never_buys_stock_for_the_player_and_money_never_goes_negative  (24.7s)
PASS  a5_money_is_one_number_everywhere_after_the_side_hall  (10.1s)
PASS  c_restock_shortcuts_respect_both_the_fridge_and_the_money  (3.9s)
PASS  d_service_speed_scales_the_whole_simulation_and_keeps_hand_timing_fair  (9.7s)
PASS  e_rating_card_is_structured_and_records_are_chips  (2.0s)
PASS  o_toggling_a_dish_keeps_the_scroll_position  (2.6s)
PASS  f_reviews_name_only_the_cats_the_table_actually_met  (3.5s)
PASS  g_lines_and_reviews_do_not_repeat_themselves  (2.8s)
PASS  h_i_k_t_shop_rooms_decoration_pass_and_dreams  (8.6s)
PASS  l_m_n_hospitality_set_sales_and_the_weather_suggestion  (6.6s)
PASS  q_portraits_are_one_system_with_a_fallback_and_fit_a_phone  (7.8s)
PASS  speech_log_logs_each_spoken_line_once  (4.1s)
PASS  workstation_assignment_is_explicit_with_capacities_and_swaps  (5.5s)
PASS  weather_dish_replaces_a_chosen_dish_when_the_menu_is_full  (2.8s)
PASS  main_and_side_hall_are_one_layout_system  (3.4s)
PASS  hospitality_stays_with_a_guest_from_stranger_to_regular  (11.0s)
PASS  stock_suggestion_follows_each_dish_and_counts_the_demand_it_missed  (18.7s)
PASS  named_guests_keep_one_face_and_the_staff_have_theirs  (2.3s)
PASS  story_foundation_facts_lanes_overdue_and_reload  (1.5s)
PASS  the_lounge_is_the_same_restaurant_one_guest_one_visit_one_tab  (7.4s)
PASS  phase8_reviews_say_what_happened_posts_amplify_it_and_a_campaign_is_counted  (3.6s)
PASS  journal_social_page_opens_the_same_day_as_the_shops  (1.3s)
PASS  story_photos_show_the_current_art_not_an_old_copy  (2.6s)
PASS  regular_card_says_her_for_sophie_and_mia  (3.2s)
PASS  guest_book_notes_drinks_the_usual_and_spacing  (2.7s)
PASS  v24_legacy_tenure_is_a_class_not_the_days_since_v23  (2.1s)
PASS  v24_story_presence_for_one_day  (8.7s)
PASS  v24_walk_over_is_a_floor_walk_and_never_a_cook  (8.3s)
PASS  v24_illustrations_show_with_the_scene_and_reopen  (2.1s)
PASS  v24_xiuqin_is_there_from_day_one_and_is_not_free_labour  (5.2s)
PASS  rc83_a_special_evening_comes_back_with_its_room  (44.9s)
PASS  rc83_the_queue_waits_at_the_shopfront  (2.6s)
PASS  rc83_a_new_space_has_its_first_photo  (2.5s)
PASS  rc85_the_rooms_upstairs_are_bought_by_their_buttons  (3.4s)
PASS  v24_rc6_private_dining_bookings_are_seen_and_grow_with_the_room  (2.7s)
PASS  v24_rc6_two_more_restaurant_places_and_the_lounge_unchanged  (4.2s)
PASS  v24_rc6_the_floor_and_its_rooms_are_tabs  (40.2s)
PASS  v24_rc6_the_staff_room_has_a_way_to_every_seat  (10.1s)
PASS  v24_rc6_a_name_finds_its_person_and_a_person_its_name  (14.5s)
PASS  v24_rc6_cats_visit_the_rooms_and_leave  (36.7s)
PASS  v24_rc6_bar_bites_take_no_menu_slot  (3.2s)
PASS  v24_rc6_an_authored_beat_holds_the_service_until_it_is_read  (41.8s)
PASS  v24_rc6_a_finished_lounge_opens_the_floor_in_a_mature_save  (25.4s)
PASS  v24_rc6_more_to_spend_on  (7.2s)
PASS  v24_rc6_new_places_have_their_photos  (6.5s)
PASS  v24_rc6_qing_and_tuo_move_on  (3.1s)
PASS  v24_rc6_the_morning_reports  (5.4s)
PASS  v24_rc7_ken_comes_back_and_proposes_a_tasting  (3.3s)
PASS  v24_rc7_the_wine_and_monsieur_du  (3.3s)
PASS  v24_rc7_2_a_regulars_head_at_a_busy_table_and_the_log_closes  (4.5s)
PASS  v24_rc7_2_the_random_menu  (3.8s)
PASS  v24_rc73_jills_room_is_there_from_day_one  (15.9s)
PASS  v24_rc73_the_evening_is_in_her_room  (46.4s)
PASS  v24_rc73_the_cats_live_between_the_room_and_the_restaurant  (7.7s)
PASS  v24_rc73_the_cats_try_their_luck_and_never_get_it  (27.5s)
PASS  v24_rc73_posts_carry_their_picture_and_likes_that_keep_coming  (3.9s)
PASS  v24_rc73_tora_waits_for_jill_after_closing  (138.5s)
PASS  v24_rc74_the_lounge_tv_and_its_sound  (8.8s)
PASS  v24_rc75_the_pizza_oven_one_more_cook_and_the_bar_pizza  (30.3s)
PASS  v25_first_photo_day_one_dylan_takes_one_of_jills_cameras  (10.3s)
PASS  v25_first_photo_a_mature_save_gets_day_one_as_history  (4.5s)
PASS  v24_rc77_evan_is_behind_the_bar_from_the_first_night  (5.2s)
PASS  v24_rc77_the_lounge_pours_kens_rounds  (12.9s)
PASS  v24_rc77_kens_share_of_a_tasting_night  (13.9s)
PASS  v24_rc8_mature_saves_get_the_line_as_history  (16.4s)
PASS  v24_lounge_one_after_the_viewing_and_50000_no_wait_for_her_last_night  (32.4s)
PASS  qa_a_late_day_by_taps_from_prep_to_the_next_prep  (238.4s)
PASS  qa_every_button_on_the_prep_screen_does_something  (162.1s)
PASS  qa_the_private_dining_room_is_bought_by_a_tap  (1.8s)
PASS  qa_the_screens_fit_375_390_430  (165.1s)
PASS  qa_every_tab_reaches_by_finger  (18.9s)
PASS  qa_the_pause_button_works_outside_the_service  (2.6s)
PASS  qa_the_inspection_money_is_in_the_summary  (243.2s)
PASS  qa_table_hearts_only_for_sophie_and_mia  (104.2s)
PASS  qa_a_new_game_gets_no_old_version_notes  (5.9s)
PASS  qa_the_signature_editor_shows_the_menus_price  (1.7s)
PASS  qa_stories_wait_for_stories_not_for_dates  (0.7s)
PASS  qa_after_the_reveal_dylan_is_not_a_stranger  (4.4s)
PASS  qa_the_summarys_tomorrow_matches_the_shop  (0.8s)
PASS  qa_one_exchange_at_a_time  (26.7s)
PASS  qa_a_story_photo_comes_after_its_lines  (4.3s)
PASS  qa_a_long_scene_is_kept_whole_on_its_page  (8.2s)
PASS  sim_player_hires_when_guests_wait_and_keeps_the_reserve  (0.0s)
PASS  sim_player_waits_out_a_space_shown_on_its_first_day  (18.2s)

101 passed, 0 failed
