PASS  five_cats_initialise  (0.7s)
PASS  save_and_load_roundtrip  (2.8s)
PASS  ui_basics  (3.5s)
PASS  cats_use_sofa_by_personality  (39.8s)
PASS  dylan_hidden_reveal  (10.7s)
PASS  long_play_is_stable  (12.1s)
PASS  cooking_flow_families  (1.2s)
PASS  v16_save_continues_in_v17  (11.6s)
PASS  research_is_solvable_from_visible_info  (2.8s)
PASS  album_notes_and_journal  (388.4s)
PASS  demand_recommendation_staff_v181  (2.9s)
PASS  album_store_and_viewer_v181  (138.5s)
PASS  tickets_keep_the_guest_v182  (1.2s)
PASS  regulars_have_lives_v182  (5.2s)
PASS  economy_ops_duties_and_prices_v182  (2.2s)
PASS  purchases_change_the_place  (56.7s)
PASS  cats_use_their_things_and_stay_inside  (213.5s)
PASS  a1_failed_restock_changes_nothing_and_the_suggestion_holds_still  (3.4s)
PASS  a3_the_pause_menu_is_reachable_on_a_short_phone_and_every_way_out_works  (12.8s)
PASS  x_a_desktop_window_is_used_and_the_mouse_and_keyboard_work  (3.5s)
PASS  wangs_are_two_people_who_usually_come_together  (2.0s)
PASS  restaurant_records_are_readable_in_the_journal  (1.9s)
PASS  the_players_saves_load_through_a_real_reload  (6.9s)
PASS  infrastructure_you_can_see_and_a_calmer_incident_calendar  (2.7s)
PASS  a_day_with_the_hooks_writes_copresence_named_history_and_nothing_twice  (5.7s)
PASS  a_lounge_guest_pays_once_per_phase_and_a_review_only_for_the_visit  (7.7s)
PASS  the_lounge_has_an_origin_ken_wine_a_tasting_and_a_project_that_never_disappears  (6.1s)
PASS  lounge_i_content_bar_food_in_the_kitchen_wine_at_dinner_the_cast_by_name  (8.2s)
PASS  staff_learn_places_coarsely_and_veterans_stay_useful  (8.7s)
PASS  phase7_the_arcs_run_on_real_history_and_leave_it_changed  (6.7s)
PASS  phase9_the_restaurant_remembers_milestones_slots_and_small_crossovers  (3.3s)
PASS  followup_story_progress_is_visible_retrievable_and_honest  (9.9s)
PASS  followup_a_busy_service_keeps_every_line_and_the_journal_is_reachable  (3.6s)
PASS  followup_a_campaign_is_felt_in_the_room  (3.6s)
PASS  followup_the_manual_describes_the_current_game  (1.3s)
PASS  qa_merged_room_tabs_cushion_light_and_social_entrances  (3.8s)
PASS  dylan_dialogue_revisions_2026_10_01  (4.0s)
PASS  regulars_remember_their_life_not_replay_it  (1.7s)
PASS  story_page_counts_only_real_beats_numbered_with_unseen_stages  (5.3s)
PASS  journal_pages_never_show_undefined  (10.9s)
PASS  window_line_cats_stay_inside_and_in_sight  (15.2s)
PASS  v24_back_of_house_is_a_work_area_and_keeps_its_two  (1.8s)
PASS  v24_stage_gates_follow_the_chronology_and_their_own_gaps  (1.7s)
PASS  v24_the_wall_is_written_to_the_rules  (0.7s)
PASS  v24_manual_tutorial_and_news_cover_the_new_content  (5.1s)
PASS  rc8_duode_has_no_picture  (2.2s)
PASS  rc85_a_picture_always_holds_the_service  (18.1s)
PASS  rc85_small_talk_is_rare_and_makes_sense  (39.6s)
PASS  v24_the_day_is_held_for_the_beat_its_people_came_for  (2.6s)
PASS  v24_restaurant_and_lounge_staff_are_two_pools_that_never_share_places  (4.3s)
PASS  v24_a_guest_who_came_for_the_signature_says_so_rarely_and_in_different_words  (26.7s)
PASS  v24_the_second_floor_is_a_story_before_it_is_a_room  (1.5s)
PASS  v24_the_night_cut_short_is_not_counted_and_comes_again  (11.7s)
PASS  v24_jill_calls_the_landlord_and_the_whole_floor_is_hers  (87.9s)
PASS  v24_rc6_the_staff_room_is_used_and_the_pools_stay_apart  (11.2s)
PASS  v24_rc6_the_floor_plan_grows_with_the_building  (3.1s)
PASS  v24_rc6_the_staff_room_plays_a_frame_and_dozes  (33.2s)
PASS  v24_rc6_anan_works_the_lounge_first  (5.9s)
PASS  v24_rc6_sophie_and_mia_begin  (32.2s)
PASS  v24_rc6_new_things_are_talked_about  (27.4s)
PASS  v24_rc6_the_open_floor_keeps_its_ways  (3.7s)
PASS  v24_rc6_a_booked_party_comes_eats_and_pays  (8.8s)
PASS  v24_rc6_a_regulars_dated_beat_keeps_its_day  (2.2s)
PASS  v24_rc6_stalled_lines_move_on  (5.8s)
      the scene: —：下午，房東來了一趟。 / 房東：我上去一下，拿個東西。 / —：樓梯門在側廳。房東一開鎖，寶寶就從他腳邊鑽進去，一路跑上樓。 / Jill：寶寶！ / —：Jill 跟上去帶寶寶下來。整層都是空的，寶寶已經跳上窗台了。 / 房東：上面就這樣，空很久了。地板是好的，窗戶也是好的。 / Jill：嗯。 / —：角落靠著兩支舊滅火器；消防檢查快到了，他上來就是要拿去換新的。 / —：Jill 抱著寶寶下樓。房東一手提一支滅火器，把門鎖好才走。
PASS  v24_rc7_the_landlord_goes_up  (4.5s)
PASS  v24_rc7_a_line_finds_its_table  (7.6s)
PASS  v24_rc7_story_guests_have_their_own_faces  (0.8s)
PASS  v24_rc7_2_xiuqin_first_evening_holds_the_service  (2.7s)
PASS  v24_rc7_2_the_heart_and_the_treat_chip_on_a_ticket  (1.1s)
PASS  v24_rc7_2_the_missing_cats_stop_the_evening  (45.3s)
PASS  v24_rc7_2_sophies_pad_seen_and_marked  (4.2s)
PASS  v24_rc7_2_the_lounges_own_waiter_carries_its_bites  (4.5s)
PASS  v24_rc7_2_no_firing_and_the_wages  (2.6s)
PASS  v24_rc74_the_lounges_new_bites  (23.6s)
PASS  v24_rc76_dylan_at_home_keeps_his_hood_up  (2.3s)
PASS  v24_rc8_madame_lin_next_door_on_day_one  (5.2s)
PASS  v24_the_tasting_night_comes_from_kens_story_alone  (0.9s)
PASS  v24_rc8_the_bar_next_door_scenes_are_staged_where_they_happen  (18.7s)
PASS  v24_rc8_mature_saves_hear_nothing_new_from_next_door  (14.5s)
PASS  v24_rc8_the_restaurants_three_lists_and_the_lounges_one  (60.5s)
PASS  v24_rc8_the_signing_the_work_and_the_opening  (20.2s)
PASS  v24_rc8_madame_lin_comes_back_as_a_guest  (9.0s)
PASS  v24_rc8_the_bell_rings_when_the_door_opens  (1.5s)
PASS  v24_rc8_qing_tuo_after_work_five_scenes  (91.9s)
PASS  qa_a_new_game_first_day_by_taps  (7.7s)
PASS  qa_every_button_in_the_shop_does_something  (72.7s)
PASS  qa_lounge_one_signs_before_her_last_night  (5.4s)
PASS  qa_the_players_checkpoints_resume  (169.3s)
PASS  qa_a_held_story_survives_leaving_the_app  (110.7s)
PASS  qa_leaving_while_closing_after_a_resume_keeps_the_day  (152.5s)
PASS  qa_the_album_counts_all_five_cats  (2.4s)
PASS  qa_photos_of_jills_room_are_taken_in_her_room  (1.7s)
PASS  qa_a_favourite_is_missed_only_when_it_is_off_the_menu  (3.4s)
PASS  qa_a_review_talks_about_the_food_not_the_glass  (3.3s)
PASS  qa_every_level_named_in_the_text_exists  (0.0s)
PASS  qa_continuing_the_day_does_not_replay_its_opening  (3.0s)
PASS  qa_two_stories_do_not_share_a_panel  (5.1s)
PASS  qa_a_chapter_is_listed_only_where_it_is_shown  (1.5s)
PASS  qa_lines_with_a_face_do_not_cover_toasts  (14.5s)
PASS  qa_a_story_waiting_its_turn_is_not_done_yet  (3.1s)
PASS  qa_a_guest_who_moves_to_the_lounge_is_counted_once  (3.4s)
PASS  sim_player_plays_three_days_by_taps  (21.2s)

102 passed, 0 failed
