PASS  new_game_starts  (1.1s)
PASS  main_loop_single_instance  (3.3s)
PASS  close_shop_early  (1.5s)
PASS  old_saves_load  (8.2s)
PASS  unreadable_save_is_kept  (3.3s)
PASS  cat_personality_fingerprint  (2.8s)
PASS  touch_controls  (8.7s)
PASS  sofa_geometry  (0.7s)
PASS  jill_evening_life  (27.5s)
PASS  dylan_stays_a_quiet_regular_early_on  (9.0s)
PASS  waiter_serves_ready_food  (1.8s)
PASS  service_checkpoint_resumes_the_day  (41.4s)
PASS  jill_rests_when_staff_cover_the_floor  (168.1s)
PASS  tables_need_clearing_after_checkout  (1.0s)
PASS  frame_loop_survives_a_draw_error  (0.9s)
PASS  dylan_is_present_v182  (1.1s)
PASS  save_backup_and_restore  (2.8s)
PASS  mature_save_loads_into_2_0  (31.9s)
PASS  kitchen_cooks_walk_the_line_and_plate  (27.3s)
PASS  goal_ladder_and_dylan_scenes  (4.7s)
PASS  specials_are_a_finer_version_of_a_mastered_dish  (37.8s)
PASS  a4_the_album_opens_without_a_render_storm_and_progress_survives_a_kill  (9.4s)
PASS  b_staff_are_grouped_by_job  (2.0s)
PASS  a4b_a_mid_service_checkpoint_is_consistent_and_the_day_finishes_after_it  (187.7s)
PASS  dylan_is_a_presence_not_a_story_trigger  (26.0s)
PASS  j_cat_furniture_comes_in_tiers_and_the_grass_pot_is_used  (19.0s)
PASS  q_plus_world_sprites_keep_jill_and_dylan_their_own  (0.8s)
PASS  u_v_world_memory_and_regulars_speak_with_their_faces  (8.9s)
PASS  w_the_album_is_a_living_history  (2.7s)
PASS  z_regression_rooms_kitchen_construction_and_staff_assignment  (290.0s)
PASS  portrait_crops_isolate_each_figure  (7.9s)
PASS  restock_during_service_is_one_tap_with_immediate_feedback  (3.8s)
PASS  album_has_two_entries_history_from_the_start_and_todays_photos_from_the_summary  (2.4s)
PASS  outdoor_area_is_a_project_and_its_tables_are_furniture_and_the_dog_rests_outside  (3.7s)
PASS  dylan_leaves_a_trace_and_never_vanishes_at_a_closed_door  (4.7s)
PASS  a_second_signature_the_dessert_with_its_own_progression  (5.8s)
PASS  story_state_is_empty_on_old_saves_and_stable_over_reloads  (10.8s)
PASS  sophie_and_baobao_the_arc_runs_on_real_conditions_and_leaves_a_pad_a_fact_and_a_story_photo  (3.7s)
PASS  every_player_save_migrates_plays_a_day_and_keeps_its_story  (245.7s)
PASS  kitchen_works_walk_in_and_a_second_coffee_machine  (11.3s)
PASS  dogs_five_kinds_and_the_house_by_the_door  (2.8s)
PASS  side_room_booths_one_row_at_a_time  (6.8s)
PASS  v24_eras_open_in_order_and_dormant_ones_never_reverse  (1.7s)
PASS  v24_names_staff_and_outside_cast_are_not_random_guests  (0.6s)
PASS  v24_saves_load_and_nothing_fires_on_load  (65.2s)
PASS  v24_yijun_comes_to_eat_and_her_mother_walks_over  (4.3s)
PASS  v24_day52_save_plays_the_stories_in_order_over_forty_days  (161.5s)
PASS  v24_xiuqin_goes_home_a_while_into_the_closing  (1.6s)
PASS  v24_the_first_cleaner_hired_is_her_and_keeps_what_she_knows  (2.4s)
PASS  v24_yijun_comes_early_in_a_fresh_game_and_meets_her_mother_at_closing  (16.2s)
PASS  rc8_the_manual_shows_a_space_once_the_shop_has_it  (3.4s)
PASS  rc8_jill_has_things_to_do_in_her_room  (141.2s)
PASS  rc8_a_booked_out_lounge_never_shares_its_evening_with_the_trial  (2.2s)
PASS  rc83_three_pizzas  (2.6s)
PASS  rc83_small_things_from_the_players_evenings  (2.6s)
PASS  rc84_kens_three_nights_three_pictures  (2.3s)
PASS  rc85_the_crew_go_up_to_the_staff_room_in_a_busy_evening  (19.2s)
PASS  v24_an_old_shared_cap_save_keeps_everyone_and_waits  (2.9s)
PASS  v24_the_signature_steppers_stay_on_their_own_line  (2.9s)
PASS  v24_the_night_of_the_missing_cats  (90.7s)
PASS  v24_rc6_the_staff_room_comes_from_a_need_and_grows_in_place  (4.9s)
PASS  v24_rc6_private_dining_reservations_follow_the_rules  (4.6s)
PASS  v24_rc6_private_dining_story_needs_two_tables_and_a_lived_in_staff_room  (2.1s)
PASS  v24_rc6_the_floor_is_shown_when_it_changes  (6.8s)
PASS  v24_rc6_no_empty_sheet_over_a_service  (5.2s)
PASS  v24_rc6_story_pages_keep_only_their_own_lines  (12.0s)
PASS  v24_rc6_the_private_dining_room_minimum_service_and_long_table  (4.2s)
PASS  v24_rc7_the_money  (16.1s)
PASS  v24_rc7_madame_lin_says_which_corner  (1.4s)
PASS  v24_rc7_ken_hosts_his_tasting_nights  (24.9s)
PASS  v24_rc7_yuan_comes_to_play_the_piano  (25.3s)
PASS  v24_rc7_2_a_tap_on_the_pass_sends_the_plates  (1.0s)
PASS  v24_rc7_2_a_named_guests_line_answers_a_touch  (8.9s)
PASS  v24_rc7_2_a_story_on_the_summary_opens_its_page  (8.1s)
PASS  v24_rc7_2_vip_cards_and_the_lounge_after_dinner  (4.0s)
PASS  v24_rc74_favourites_learned_in_play_and_marked_on_the_menu  (3.2s)
PASS  v24_rc76_the_bar_turns_into_an_l  (5.8s)
PASS  v24_rc76_after_the_wine_the_tasting_night_is_the_players  (9.6s)
PASS  v24_rc76_the_chefs_night  (14.7s)
PASS  v24_rc77_the_page_carries_only_the_portraits_the_game_shows  (0.5s)
PASS  v24_rc8_the_lounge_is_the_shop_next_door  (11.9s)
PASS  v24_rc8_the_bar_next_door_from_kens_question_to_jills_decision  (96.7s)
PASS  v24_story_first_the_doors_of_the_stories_open_with_story_keys  (1.4s)
PASS  qa_restock_says_why_it_cannot  (3.0s)
PASS  qa_a_checkpoint_survives_a_new_table_count  (2.4s)
PASS  qa_every_tab_reaches_by_mouse_in_a_small_window  (41.1s)
PASS  qa_the_selected_tab_is_on_screen  (5.4s)
PASS  qa_a_drink_on_a_ticket_reads_right  (53.0s)
PASS  qa_waiting_staff_do_not_stand_on_one_spot  (73.7s)
PASS  qa_the_first_two_days_say_the_stock_fills_itself  (4.2s)
PASS  qa_the_stock_rule_is_said_the_way_it_works  (4.5s)
PASS  qa_no_text_copy_backup  (1.4s)
PASS  qa_the_second_burner_bought_on_day_two_is_paid_back  (3.6s)
PASS  qa_who_is_still_there_at_closing  (3.4s)
PASS  qa_named_people_do_not_speak_a_strangers_lines  (12.3s)
PASS  qa_the_days_text_matches_the_day  (4.4s)
PASS  qa_regulars_do_not_repeat_a_line_within_the_week  (3.3s)
PASS  qa_room_lines_wait_for_the_story_panel  (11.4s)
PASS  qa_a_late_save_reads_true  (5.4s)
PASS  qa_the_savings_goals_are_in_tonights_shop  (2.2s)
PASS  sim_player_reads_only_the_screen  (0.8s)
PASS  sim_player_answers_a_window_that_stops_the_day  (4.8s)

102 passed, 0 failed
