PASS  jill_evening_life  (25.3s)
PASS  service_checkpoint_resumes_the_day  (39.6s)
PASS  purchases_change_the_place  (63.5s)
PASS  h_i_k_t_shop_rooms_decoration_pass_and_dreams  (10.3s)
PASS  sophie_and_baobao_the_arc_runs_on_real_conditions_and_leaves_a_pad_a_fact_and_a_story_photo  (4.0s)
PASS  the_lounge_has_an_origin_ken_wine_a_tasting_and_a_project_that_never_disappears  (6.7s)
PASS  followup_the_manual_describes_the_current_game  (1.3s)
PASS  v24_back_of_house_is_a_work_area_and_keeps_its_two  (2.0s)
PASS  v24_manual_tutorial_and_news_cover_the_new_content  (5.8s)
PASS  rc8_the_manual_shows_a_space_once_the_shop_has_it  (4.1s)
PASS  rc84_kens_three_nights_three_pictures  (2.3s)
PASS  v24_rc6_story_pages_keep_only_their_own_lines  (13.1s)
PASS  v24_rc7_the_money  (16.7s)
PASS  v24_rc7_ken_hosts_his_tasting_nights  (27.4s)
PASS  v24_rc7_2_the_lounges_own_waiter_carries_its_bites  (4.7s)
PASS  v24_rc8_the_bar_next_door_scenes_are_staged_where_they_happen  (20.0s)
PASS  v24_story_first_the_doors_of_the_stories_open_with_story_keys  (1.8s)
PASS  qa_every_button_in_the_shop_does_something  (88.4s)
PASS  qa_the_private_dining_room_is_bought_by_a_tap  (2.1s)
PASS  qa_the_screens_fit_375_390_430  (169.7s)
PASS  qa_a_review_talks_about_the_food_not_the_glass  (3.2s)
PASS  qa_no_text_copy_backup  (1.4s)
PASS  qa_who_is_still_there_at_closing  (3.4s)
PASS  qa_after_the_reveal_dylan_is_not_a_stranger  (4.9s)
PASS  qa_room_lines_wait_for_the_story_panel  (11.9s)
PASS  qa_a_story_photo_comes_after_its_lines  (4.5s)
PASS  qa_a_late_save_reads_true  (6.5s)
PASS  qa_a_story_waiting_its_turn_is_not_done_yet  (2.7s)
PASS  qa_a_guest_who_moves_to_the_lounge_is_counted_once  (3.7s)
PASS  sim_player_reads_only_the_screen  (1.0s)
PASS  sim_player_answers_a_window_that_stops_the_day  (5.8s)

31 passed, 0 failed
