PASS  the_street_has_passers_by_and_some_walk_in  (70.6s)
PASS  dylan_is_a_presence_not_a_story_trigger  (22.9s)
PASS  speech_log_logs_each_spoken_line_once  (3.6s)
PASS  the_players_saves_load_through_a_real_reload  (7.2s)
PASS  rc83_small_things_from_the_players_evenings  (2.7s)
PASS  rc85_small_talk_is_rare_and_makes_sense  (45.6s)
PASS  v24_the_second_floor_is_a_story_before_it_is_a_room  (1.8s)
PASS  v24_jill_calls_the_landlord_and_the_whole_floor_is_hers  (92.5s)
PASS  v24_rc6_the_staff_room_comes_from_a_need_and_grows_in_place  (5.6s)
PASS  v24_rc7_ken_comes_back_and_proposes_a_tasting  (4.1s)
PASS  v24_rc7_yuan_comes_to_play_the_piano  (29.4s)
PASS  v24_rc7_2_the_random_menu  (4.2s)
PASS  v24_rc8_madame_lin_comes_back_as_a_guest  (9.3s)
PASS  v24_rc8_mature_saves_get_the_line_as_history  (17.9s)
FAIL  v24_lounge_one_after_the_viewing_and_50000_no_wait_for_her_last_night  (33.9s)
      Page.evaluate: TypeError: Cannot read properties of undefined (reading '1')
    at eval (eval at window.__jk (http://127.0.0.1:37579/js/game.js:10412:32), <anonymous>:1:61)
    at window.__jk (http://127.0.0.1:37579/js/game.js:10412:32)
    at eval (eval at evaluate (:290:30), <anonymous>:1:11)
    at UtilityScript.evaluate (<anonymous>:297:18)
    at UtilityScript.<anonymous> (<anonymous>:1:44)
PASS  qa_a_held_story_survives_leaving_the_app  (110.7s)
PASS  qa_every_tab_reaches_by_finger  (19.7s)
PASS  qa_every_tab_reaches_by_mouse_in_a_small_window  (47.1s)
PASS  qa_the_selected_tab_is_on_screen  (6.0s)
PASS  qa_the_album_counts_all_five_cats  (2.5s)
PASS  qa_photos_of_jills_room_are_taken_in_her_room  (1.5s)
PASS  qa_a_favourite_is_missed_only_when_it_is_off_the_menu  (3.8s)
PASS  qa_a_new_game_gets_no_old_version_notes  (6.1s)
PASS  qa_the_first_two_days_say_the_stock_fills_itself  (4.2s)
PASS  qa_the_stock_rule_is_said_the_way_it_works  (4.8s)
PASS  qa_named_people_do_not_speak_a_strangers_lines  (11.4s)
PASS  qa_the_days_text_matches_the_day  (3.5s)
PASS  qa_regulars_do_not_repeat_a_line_within_the_week  (3.0s)
FAIL  qa_a_chapter_is_listed_only_where_it_is_shown  (1.1s)
      setup: 晚餐之後 should not be shown before level 4: {'today': ['Madame Lin', '小小的餐廳', '晚餐之後'], 'nums': [1, 2, 3, 4], 'hidden': ['樓上', '大家待的地方', '關上門以後'], 'onPage': True}
PASS  qa_the_savings_goals_are_in_tonights_shop  (2.0s)
PASS  sim_player_hires_when_guests_wait_and_keeps_the_reserve  (0.0s)
PASS  sim_player_waits_out_a_space_shown_on_its_first_day  (18.0s)

30 passed, 2 failed
