PASS  single_file_in_sync  (0.4s)
PASS  customer_full_flow_and_economy  (1.6s)
PASS  ui_basics  (3.0s)
PASS  mature_save_loads_into_2_0  (33.0s)
PASS  goal_ladder_and_dylan_scenes  (4.7s)
PASS  u_v_world_memory_and_regulars_speak_with_their_faces  (9.0s)
PASS  dylan_dialogue_revisions_2026_10_01  (4.3s)
PASS  rc85_the_rooms_upstairs_are_bought_by_their_buttons  (3.2s)
PASS  v24_restaurant_and_lounge_staff_are_two_pools_that_never_share_places  (4.2s)
PASS  v24_rc6_an_authored_beat_holds_the_service_until_it_is_read  (44.9s)
PASS  v24_rc6_qing_and_tuo_move_on  (3.4s)
PASS  v24_rc7_the_wine_and_monsieur_du  (3.6s)
PASS  v24_rc7_2_no_firing_and_the_wages  (2.6s)
PASS  v24_rc77_evan_is_behind_the_bar_from_the_first_night  (5.8s)
PASS  v24_rc77_kens_share_of_a_tasting_night  (15.7s)
PASS  v24_rc8_madame_lin_next_door_on_day_one  (5.6s)
PASS  v24_the_tasting_night_comes_from_kens_story_alone  (0.9s)
PASS  v24_rc8_the_bar_next_door_from_kens_question_to_jills_decision  (113.4s)
PASS  v24_rc8_mature_saves_hear_nothing_new_from_next_door  (16.9s)
PASS  v24_rc8_the_restaurants_three_lists_and_the_lounges_one  (66.5s)
PASS  v24_rc8_the_signing_the_work_and_the_opening  (19.9s)
PASS  qa_lounge_one_signs_before_her_last_night  (5.5s)
PASS  qa_table_hearts_only_for_sophie_and_mia  (109.9s)
PASS  qa_the_second_burner_bought_on_day_two_is_paid_back  (4.1s)
PASS  qa_the_signature_editor_shows_the_menus_price  (1.9s)
PASS  qa_stories_wait_for_stories_not_for_dates  (0.8s)
PASS  qa_continuing_the_day_does_not_replay_its_opening  (3.5s)
PASS  qa_the_summarys_tomorrow_matches_the_shop  (0.8s)
PASS  qa_one_exchange_at_a_time  (25.7s)
PASS  qa_two_stories_do_not_share_a_panel  (6.0s)
PASS  qa_a_long_scene_is_kept_whole_on_its_page  (8.9s)
PASS  qa_lines_with_a_face_do_not_cover_toasts  (15.7s)
PASS  sim_player_plays_three_days_by_taps  (21.3s)

33 passed, 0 failed
