{"variant": "base", "day": 53, "guests": 72, "lost": 33, "angry": 16, "rev": 54795, "net": 53803, "wages": 7112, "drinks": 51, "items": 182, "left": 77, "money": 227163, "restock": 13125, "sold_out": 6, "first_sold_out_t": 105, "bar_full": 0.46, "drinks_waiting": 0.75, "queue": 1.02, "cap": 260, "cups": 2}
{"variant": "base", "day": 54, "guests": 56, "lost": 9, "angry": 26, "rev": 42775, "net": 33234, "wages": 7112, "drinks": 59, "items": 197, "left": 54, "money": 260397, "restock": 18665, "sold_out": 6, "first_sold_out_t": 165, "bar_full": 0.57, "drinks_waiting": 2.48, "queue": 1.13, "cap": 260, "cups": 2}
{"variant": "base", "day": 55, "guests": 66, "lost": 48, "angry": 14, "rev": 54600, "net": 50770, "wages": 7112, "drinks": 59, "items": 175, "left": 84, "money": 311167, "restock": 19552, "sold_out": 1, "first_sold_out_t": 235, "bar_full": 0.49, "drinks_waiting": 1.07, "queue": 1.24, "cap": 260, "cups": 2}
TOTAL base {"guests": 194, "lost": 90, "angry": 56, "rev": 152170, "net": 137807, "restock": 51342, "drinks": 169, "sold_out": 13, "bar_full": 0.51, "drinks_waiting": 1.43} errors []
{"variant": "walkin", "day": 53, "guests": 66, "lost": 35, "angry": 19, "rev": 53725, "net": 49109, "wages": 7112, "drinks": 53, "items": 185, "left": 148, "money": 222469, "restock": 20275, "sold_out": 0, "first_sold_out_t": null, "bar_full": 0.41, "drinks_waiting": 0.28, "queue": 0.95, "cap": 400, "cups": 2}
{"variant": "walkin", "day": 54, "guests": 63, "lost": 5, "angry": 28, "rev": 46720, "net": 37444, "wages": 7112, "drinks": 62, "items": 205, "left": 114, "money": 259913, "restock": 18933, "sold_out": 1, "first_sold_out_t": 250, "bar_full": 0.52, "drinks_waiting": 1.0, "queue": 0.94, "cap": 400, "cups": 2}
{"variant": "walkin", "day": 55, "guests": 68, "lost": 55, "angry": 15, "rev": 52190, "net": 42599, "wages": 7112, "drinks": 62, "items": 180, "left": 178, "money": 302512, "restock": 22986, "sold_out": 0, "first_sold_out_t": null, "bar_full": 0.66, "drinks_waiting": 2.48, "queue": 1.27, "cap": 400, "cups": 2}
TOTAL walkin {"guests": 197, "lost": 95, "angry": 62, "rev": 152635, "net": 129152, "restock": 62194, "drinks": 177, "sold_out": 1, "bar_full": 0.53, "drinks_waiting": 1.25} errors []
{"variant": "k2", "day": 53, "guests": 75, "lost": 35, "angry": 15, "rev": 56310, "net": 60335, "wages": 7112, "drinks": 59, "items": 176, "left": 78, "money": 233695, "restock": 13125, "sold_out": 6, "first_sold_out_t": 140, "bar_full": 0.3, "drinks_waiting": 0.55, "queue": 0.95, "cap": 260, "cups": 4}
{"variant": "k2", "day": 54, "guests": 85, "lost": 9, "angry": 20, "rev": 64970, "net": 68359, "wages": 7112, "drinks": 78, "items": 228, "left": 25, "money": 302054, "restock": 17598, "sold_out": 10, "first_sold_out_t": 120, "bar_full": 0.32, "drinks_waiting": 1.42, "queue": 0.77, "cap": 260, "cups": 4}
{"variant": "k2", "day": 55, "guests": 81, "lost": 53, "angry": 4, "rev": 62720, "net": 61460, "wages": 7112, "drinks": 60, "items": 175, "left": 84, "money": 363514, "restock": 21895, "sold_out": 3, "first_sold_out_t": 200, "bar_full": 0.22, "drinks_waiting": 0.42, "queue": 1.33, "cap": 260, "cups": 4}
TOTAL k2 {"guests": 241, "lost": 97, "angry": 39, "rev": 184000, "net": 190154, "restock": 52618, "drinks": 197, "sold_out": 19, "bar_full": 0.28, "drinks_waiting": 0.8} errors []
{"variant": "k2h", "day": 53, "guests": 99, "lost": 30, "angry": 1, "rev": 73645, "net": 86976, "wages": 8232, "drinks": 58, "items": 191, "left": 68, "money": 260336, "restock": 13125, "sold_out": 8, "first_sold_out_t": 135, "bar_full": 0.34, "drinks_waiting": 0.97, "queue": 0.95, "cap": 260, "cups": 4}
{"variant": "k2h", "day": 54, "guests": 111, "lost": 0, "angry": 1, "rev": 87170, "net": 101608, "wages": 8232, "drinks": 72, "items": 222, "left": 31, "money": 361944, "restock": 19840, "sold_out": 9, "first_sold_out_t": 155, "bar_full": 0.48, "drinks_waiting": 1.17, "queue": 0.71, "cap": 260, "cups": 4}
{"variant": "k2h", "day": 55, "guests": 98, "lost": 30, "angry": 0, "rev": 77380, "net": 85619, "wages": 8232, "drinks": 66, "items": 196, "left": 63, "money": 447563, "restock": 22029, "sold_out": 5, "first_sold_out_t": 205, "bar_full": 0.42, "drinks_waiting": 1.36, "queue": 1.54, "cap": 260, "cups": 4}
TOTAL k2h {"guests": 308, "lost": 60, "angry": 2, "rev": 238195, "net": 274203, "restock": 54994, "drinks": 196, "sold_out": 22, "bar_full": 0.41, "drinks_waiting": 1.17} errors []
{"variant": "all", "day": 53, "guests": 96, "lost": 30, "angry": 2, "rev": 67805, "net": 71628, "wages": 8232, "drinks": 58, "items": 189, "left": 144, "money": 244988, "restock": 20275, "sold_out": 2, "first_sold_out_t": 160, "bar_full": 0.4, "drinks_waiting": 1.24, "queue": 1.09, "cap": 400, "cups": 4}
{"variant": "all", "day": 54, "guests": 108, "lost": 7, "angry": 1, "rev": 79640, "net": 91164, "wages": 8232, "drinks": 68, "items": 215, "left": 123, "money": 336152, "restock": 17763, "sold_out": 2, "first_sold_out_t": 230, "bar_full": 0.42, "drinks_waiting": 1.66, "queue": 0.95, "cap": 400, "cups": 4}
{"variant": "all", "day": 55, "guests": 98, "lost": 42, "angry": 2, "rev": 73175, "net": 74415, "wages": 8232, "drinks": 65, "items": 197, "left": 133, "money": 410567, "restock": 19872, "sold_out": 1, "first_sold_out_t": 185, "bar_full": 0.43, "drinks_waiting": 1.27, "queue": 1.32, "cap": 400, "cups": 4}
TOTAL all {"guests": 302, "lost": 79, "angry": 5, "rev": 220620, "net": 237207, "restock": 57910, "drinks": 191, "sold_out": 5, "bar_full": 0.42, "drinks_waiting": 1.39} errors []
