PASS  single_file_in_sync  (1.2s)
PASS  new_game_starts  (0.7s)
PASS  close_shop_early  (1.0s)
PASS  five_cats_initialise  (0.5s)
PASS  sofa_geometry  (0.4s)
PASS  cats_use_sofa_by_personality  (26.6s)
PASS  dylan_stays_a_quiet_regular_early_on  (5.7s)
PASS  cooking_flow_families  (0.8s)
FAIL  jill_rests_when_staff_cover_the_floor  (47.6s)
      even on a busy day she pats a cat that comes by
PASS  research_is_solvable_from_visible_info  (1.7s)
PASS  album_notes_and_journal  (301.8s)
PASS  dylan_is_present_v182  (1.1s)
PASS  weather_days_and_stock_v182  (1.2s)
PASS  achievements_and_hold_variation_v182  (0.9s)
PASS  save_backup_and_restore  (3.1s)
FAIL  golden_scenario  (3.8s)
      day 1 differs from golden baseline: {"stats": [{"guests": 16, "perfect": 16, "days": 1, "walkins": 0, "families": 0}, {"guests": 18, "perfect": 18, "days": 1, "walkins": 0, "families": 0}], "catHash": ["8b27b1b4", "4f63823a"], "lifetime": [2267, 2478], "money": [2126, 2231], "reviews": [4, 2], "summary": [{"rev": 1920, "cost": 596, "tips": 347, "bonus": 255, "wages": 0, "net": 1626, "guests": 16, "lost": 0, "perfect": 16, "plated": 16, "avg": 98, "top": "friedrice", "stars": 5}, {"rev": 2160, "cost": 702, "tips": 318, "bonus": 255, "wages": 0, "net": 1731, "guests": 18, "lost": 0, "perfect": 18, "plated": 18, "avg": 98, "top": "friedrice", "stars": 5}], "cats": [[["tora", "home", "loaf", 140, 90, -1, true], ["ban", "walk", "groom", 228, 179, -1, false], ["snow", "home", "loaf", 72, 525, -1, true], ["mikan", "side", "sit", 222, 529, -1, false], ["mei", "walk", "groom", 175, 485, -1, false]], [["tora", "home", "curl", 202, 100, -1, true], ["ban", "side", "sit", 222, 529, -1, false], ["snow", "home", "curl", 136, 132, -1, true], ["mikan", "home", "loaf", 72, 525, -1, true], ["mei", "walk", "daze", 286, 205, -1, false]]], "weights": ["2098:a91050d8", "2073:f4cf9b46"], "reviewHash": ["3ca010be", "3902d0ce"], "xp": [{"friedrice": 32}, {"friedrice": 36}]}
PASS  kitchen_cooks_walk_the_line_and_plate  (24.2s)
PASS  purchases_change_the_place  (48.2s)
PASS  specials_are_a_finer_version_of_a_mastered_dish  (32.1s)
PASS  a1_failed_restock_changes_nothing_and_the_suggestion_holds_still  (3.0s)
PASS  a2_the_game_never_buys_stock_for_the_player_and_money_never_goes_negative  (17.9s)
PASS  a4_the_album_opens_without_a_render_storm_and_progress_survives_a_kill  (9.7s)
PASS  e_rating_card_is_structured_and_records_are_chips  (2.2s)
PASS  g_lines_and_reviews_do_not_repeat_themselves  (3.1s)
PASS  h_i_k_t_shop_rooms_decoration_pass_and_dreams  (7.2s)
PASS  j_cat_furniture_comes_in_tiers_and_the_grass_pot_is_used  (13.7s)
PASS  l_m_n_hospitality_set_sales_and_the_weather_suggestion  (5.9s)
PASS  q_portraits_are_one_system_with_a_fallback_and_fit_a_phone  (6.4s)
PASS  w_the_album_is_a_living_history  (2.8s)
PASS  x_a_desktop_window_is_used_and_the_mouse_and_keyboard_work  (3.6s)
PASS  weather_dish_replaces_a_chosen_dish_when_the_menu_is_full  (2.9s)
PASS  main_and_side_hall_are_one_layout_system  (3.1s)
PASS  outdoor_area_is_a_project_and_its_tables_are_furniture_and_the_dog_rests_outside  (3.6s)
PASS  hospitality_stays_with_a_guest_from_stranger_to_regular  (8.6s)
PASS  the_players_saves_load_through_a_real_reload  (5.0s)
PASS  stock_suggestion_follows_each_dish_and_counts_the_demand_it_missed  (15.9s)
PASS  sophie_and_baobao_the_arc_runs_on_real_conditions_and_leaves_a_pad_a_fact_and_a_story_photo  (3.5s)
PASS  a_lounge_guest_pays_once_per_phase_and_a_review_only_for_the_visit  (6.2s)
PASS  lounge_i_content_bar_food_in_the_kitchen_wine_at_dinner_the_cast_by_name  (8.6s)
PASS  phase8_reviews_say_what_happened_posts_amplify_it_and_a_campaign_is_counted  (2.6s)
PASS  qa_merged_room_tabs_cushion_light_and_social_entrances  (3.9s)
PASS  regulars_remember_their_life_not_replay_it  (1.5s)
PASS  journal_social_page_opens_the_same_day_as_the_shops  (1.1s)
PASS  kitchen_works_walk_in_and_a_second_coffee_machine  (9.1s)
PASS  v24_legacy_tenure_is_a_class_not_the_days_since_v23  (1.7s)
PASS  v24_yijun_comes_to_eat_and_her_mother_walks_over  (3.8s)
PASS  v24_xiuqin_is_there_from_day_one_and_is_not_free_labour  (4.4s)
PASS  v24_xiuqin_goes_home_a_while_into_the_closing  (1.3s)
PASS  v24_yijun_comes_early_in_a_fresh_game_and_meets_her_mother_at_closing  (14.3s)
PASS  rc8_jill_has_things_to_do_in_her_room  (118.1s)
PASS  rc8_duode_has_no_picture  (2.5s)
PASS  rc83_a_special_evening_comes_back_with_its_room  (39.5s)
PASS  rc85_a_picture_always_holds_the_service  (16.5s)
PASS  rc85_small_talk_is_rare_and_makes_sense  (9.8s)
PASS  v24_a_guest_who_came_for_the_signature_says_so_rarely_and_in_different_words  (22.8s)
PASS  v24_rc6_the_staff_room_comes_from_a_need_and_grows_in_place  (5.6s)
PASS  v24_rc6_the_staff_room_is_used_and_the_pools_stay_apart  (15.6s)
PASS  v24_rc6_private_dining_bookings_are_seen_and_grow_with_the_room  (3.5s)
PASS  v24_rc6_two_more_restaurant_places_and_the_lounge_unchanged  (3.8s)
PASS  v24_rc6_private_dining_story_needs_two_tables_and_a_lived_in_staff_room  (1.9s)
PASS  v24_rc6_the_floor_and_its_rooms_are_tabs  (40.1s)
PASS  v24_rc6_the_floor_is_shown_when_it_changes  (7.5s)
PASS  v24_rc6_the_staff_room_has_a_way_to_every_seat  (9.7s)
PASS  v24_rc6_the_floor_plan_grows_with_the_building  (2.7s)
PASS  v24_rc6_the_morning_reports  (5.0s)
      the scene: —：下午，房東來了一趟。 / 房東：我上去一下，拿個東西。 / —：樓梯門在側廳。房東一開鎖，寶寶就從他腳邊鑽進去，一路跑上樓。 / Jill：寶寶！ / —：Jill 跟上去帶寶寶下來。整層都是空的，寶寶已經跳上窗台了。 / 房東：上面就這樣，空很久了。地板是好的，窗戶也是好的。 / Jill：嗯。 / —：角落靠著兩支舊滅火器；消防檢查快到了，他上來就是要拿去換新的。 / —：Jill 抱著寶寶下樓。房東一手提一支滅火器，把門鎖好才走。
PASS  v24_rc7_the_landlord_goes_up  (4.5s)
PASS  v24_rc7_ken_comes_back_and_proposes_a_tasting  (3.8s)
PASS  v24_rc7_the_wine_and_monsieur_du  (4.1s)
PASS  v24_rc7_2_xiuqin_first_evening_holds_the_service  (2.5s)
PASS  v24_rc7_2_the_missing_cats_stop_the_evening  (36.5s)
PASS  v24_rc7_2_the_lounges_own_waiter_carries_its_bites  (4.4s)
PASS  v24_rc74_the_lounge_tv_and_its_sound  (7.3s)
PASS  v25_first_photo_day_one_dylan_takes_one_of_jills_cameras  (9.3s)
PASS  v24_rc76_dylan_at_home_keeps_his_hood_up  (2.1s)
PASS  v24_rc77_the_lounge_pours_kens_rounds  (15.3s)
PASS  v24_rc8_madame_lin_next_door_on_day_one  (5.4s)
PASS  v24_rc8_the_bar_next_door_from_kens_question_to_jills_decision  (92.6s)
PASS  v24_rc8_the_bar_next_door_scenes_are_staged_where_they_happen  (17.8s)
PASS  v24_rc8_mature_saves_hear_nothing_new_from_next_door  (16.0s)
PASS  v24_rc8_mature_saves_get_the_line_as_history  (13.0s)
PASS  v24_rc8_the_bell_rings_when_the_door_opens  (1.3s)
PASS  v24_rc8_qing_tuo_after_work_five_scenes  (82.7s)

80 passed, 2 failed
EXIT 1
