PASS  main_loop_single_instance  (3.0s)
PASS  customer_full_flow_and_economy  (1.2s)
PASS  cooking_every_recipe  (0.8s)
PASS  unreadable_save_is_kept  (2.1s)
PASS  cat_personality_fingerprint  (1.7s)
PASS  jill_evening_life  (17.8s)
PASS  long_play_is_stable  (7.3s)
PASS  waiter_serves_ready_food  (1.0s)
PASS  waiting_bench  (0.8s)
PASS  dylan_pays_tidies_and_is_not_staff  (0.8s)
PASS  service_checkpoint_resumes_the_day  (23.6s)
PASS  daylight_returns_every_morning  (7.4s)
PASS  tables_need_clearing_after_checkout  (0.8s)
PASS  demand_recommendation_staff_v181  (2.1s)
PASS  hold_recipes_never_lock_the_game  (47.4s)
PASS  tickets_keep_the_guest_v182  (0.9s)
PASS  regulars_have_lives_v182  (3.6s)
PASS  golden_frames  (120.4s)
PASS  the_street_has_passers_by_and_some_walk_in  (36.1s)
PASS  b_staff_are_grouped_by_job  (1.5s)
PASS  d_service_speed_scales_the_whole_simulation_and_keeps_hand_timing_fair  (5.7s)
PASS  o_toggling_a_dish_keeps_the_scroll_position  (1.8s)
PASS  f_reviews_name_only_the_cats_the_table_actually_met  (2.3s)
PASS  dylan_is_a_presence_not_a_story_trigger  (12.3s)
PASS  q_plus_world_sprites_keep_jill_and_dylan_their_own  (0.6s)
PASS  z_regression_rooms_kitchen_construction_and_staff_assignment  (170.0s)
PASS  wangs_are_two_people_who_usually_come_together  (1.6s)
PASS  speech_log_logs_each_spoken_line_once  (2.5s)
PASS  workstation_assignment_is_explicit_with_capacities_and_swaps  (3.8s)
PASS  a_second_signature_the_dessert_with_its_own_progression  (4.0s)
PASS  story_state_is_empty_on_old_saves_and_stable_over_reloads  (6.8s)
PASS  the_lounge_is_the_same_restaurant_one_guest_one_visit_one_tab  (4.4s)
PASS  the_lounge_has_an_origin_ken_wine_a_tasting_and_a_project_that_never_disappears  (4.0s)
PASS  phase7_the_arcs_run_on_real_history_and_leave_it_changed  (4.0s)
PASS  followup_a_busy_service_keeps_every_line_and_the_journal_is_reachable  (2.4s)
PASS  followup_a_campaign_is_felt_in_the_room  (2.5s)
PASS  dylan_dialogue_revisions_2026_10_01  (2.8s)
PASS  story_page_counts_only_real_beats_numbered_with_unseen_stages  (4.4s)
PASS  regular_card_says_her_for_sophie_and_mia  (1.8s)
PASS  journal_pages_never_show_undefined  (7.4s)
PASS  window_line_cats_stay_inside_and_in_sight  (14.5s)
PASS  guest_book_notes_drinks_the_usual_and_spacing  (2.0s)
PASS  v24_back_of_house_is_a_work_area_and_keeps_its_two  (1.3s)
PASS  v24_illustrations_show_with_the_scene_and_reopen  (1.5s)
PASS  v24_stage_gates_follow_the_chronology_and_their_own_gaps  (1.2s)
PASS  v24_day52_save_plays_the_stories_in_order_over_forty_days  (94.9s)
PASS  v24_the_first_cleaner_hired_is_her_and_keeps_what_she_knows  (1.5s)
PASS  v24_manual_tutorial_and_news_cover_the_new_content  (3.4s)
PASS  rc8_the_manual_shows_a_space_once_the_shop_has_it  (2.6s)
PASS  rc83_the_queue_waits_at_the_shopfront  (1.6s)
PASS  rc83_three_pizzas  (1.9s)
PASS  rc85_the_rooms_upstairs_are_bought_by_their_buttons  (1.8s)
PASS  v24_restaurant_and_lounge_staff_are_two_pools_that_never_share_places  (2.7s)
PASS  v24_the_signature_steppers_stay_on_their_own_line  (1.8s)
PASS  v24_the_second_floor_is_a_story_before_it_is_a_room  (1.2s)
PASS  v24_the_night_of_the_missing_cats  (57.1s)
PASS  v24_the_night_cut_short_is_not_counted_and_comes_again  (7.1s)
PASS  v24_rc6_private_dining_reservations_follow_the_rules  (3.4s)
PASS  v24_rc6_the_staff_room_plays_a_frame_and_dozes  (17.9s)
PASS  v24_rc6_a_name_finds_its_person_and_a_person_its_name  (9.1s)
PASS  v24_rc6_cats_visit_the_rooms_and_leave  (24.4s)
PASS  v24_rc6_bar_bites_take_no_menu_slot  (2.7s)
PASS  v24_rc6_no_empty_sheet_over_a_service  (4.2s)
PASS  v24_rc6_an_authored_beat_holds_the_service_until_it_is_read  (28.7s)
PASS  v24_rc7_the_money  (10.5s)
PASS  v24_rc7_madame_lin_says_which_corner  (0.9s)
PASS  v24_rc7_yuan_comes_to_play_the_piano  (15.6s)
PASS  v24_rc7_story_guests_have_their_own_faces  (0.6s)
PASS  v24_rc7_2_a_named_guests_line_answers_a_touch  (6.2s)
PASS  v24_rc7_2_a_regulars_head_at_a_busy_table_and_the_log_closes  (3.2s)
PASS  v24_rc7_2_a_story_on_the_summary_opens_its_page  (5.6s)
PASS  v24_rc7_2_vip_cards_and_the_lounge_after_dinner  (2.9s)
PASS  v24_rc73_the_cats_live_between_the_room_and_the_restaurant  (4.4s)
PASS  v24_rc73_posts_carry_their_picture_and_likes_that_keep_coming  (2.5s)
PASS  v24_rc73_tora_waits_for_jill_after_closing  (85.9s)
PASS  v24_rc74_the_lounges_new_bites  (18.5s)
PASS  v24_rc75_the_pizza_oven_one_more_cook_and_the_bar_pizza  (19.5s)
PASS  v24_rc76_the_bar_turns_into_an_l  (4.0s)
PASS  v24_rc76_after_the_wine_the_tasting_night_is_the_players  (7.6s)
PASS  v24_rc77_the_page_carries_only_the_portraits_the_game_shows  (0.4s)
PASS  v24_rc8_the_lounge_is_the_shop_next_door  (8.9s)
PASS  v24_rc8_madame_lin_comes_back_as_a_guest  (6.1s)

82 passed, 0 failed
EXIT 0
