PASS  single_file_in_sync  (1.0s)
PASS  customer_full_flow_and_economy  (1.2s)
PASS  cat_ai_keeps_running  (1.5s)
PASS  cat_personality_fingerprint  (2.4s)
PASS  jill_evening_life  (22.3s)
PASS  long_play_is_stable  (8.2s)
PASS  waiting_bench  (0.8s)
PASS  service_checkpoint_resumes_the_day  (27.7s)
PASS  album_notes_and_journal  (267.0s)
PASS  hold_recipes_never_lock_the_game  (53.8s)
PASS  regulars_have_lives_v182  (3.5s)
PASS  achievements_and_hold_variation_v182  (0.6s)
PASS  mature_save_loads_into_2_0  (22.5s)
PASS  goal_ladder_and_dylan_scenes  (3.5s)
PASS  a2_the_game_never_buys_stock_for_the_player_and_money_never_goes_negative  (16.4s)
PASS  b_staff_are_grouped_by_job  (2.2s)
PASS  o_toggling_a_dish_keeps_the_scroll_position  (2.3s)
PASS  dylan_is_a_presence_not_a_story_trigger  (17.7s)
PASS  q_portraits_are_one_system_with_a_fallback_and_fit_a_phone  (5.6s)
PASS  x_a_desktop_window_is_used_and_the_mouse_and_keyboard_work  (3.3s)
PASS  portrait_crops_isolate_each_figure  (1.8s)
PASS  album_has_two_entries_history_from_the_start_and_todays_photos_from_the_summary  (1.8s)
PASS  hospitality_stays_with_a_guest_from_stranger_to_regular  (7.7s)
PASS  stock_suggestion_follows_each_dish_and_counts_the_demand_it_missed  (17.6s)
PASS  story_state_is_empty_on_old_saves_and_stable_over_reloads  (8.7s)
PASS  a_lounge_guest_pays_once_per_phase_and_a_review_only_for_the_visit  (5.1s)
PASS  phase7_the_arcs_run_on_real_history_and_leave_it_changed  (5.1s)
PASS  followup_a_busy_service_keeps_every_line_and_the_journal_is_reachable  (2.9s)
PASS  dylan_dialogue_revisions_2026_10_01  (3.0s)
PASS  journal_social_page_opens_the_same_day_as_the_shops  (1.2s)
PASS  kitchen_works_walk_in_and_a_second_coffee_machine  (8.0s)
PASS  guest_book_notes_drinks_the_usual_and_spacing  (2.1s)
PASS  v24_walk_over_is_a_floor_walk_and_never_a_cook  (5.3s)
PASS  v24_saves_load_and_nothing_fires_on_load  (35.4s)
PASS  v24_day52_save_plays_the_stories_in_order_over_forty_days  (97.1s)
PASS  v24_yijun_comes_early_in_a_fresh_game_and_meets_her_mother_at_closing  (10.3s)
PASS  v24_an_old_shared_cap_save_keeps_everyone_and_waits  (1.8s)
PASS  v24_the_night_of_the_missing_cats  (56.4s)
PASS  v24_rc6_the_staff_room_is_used_and_the_pools_stay_apart  (6.3s)
PASS  v24_rc6_private_dining_story_needs_two_tables_and_a_lived_in_staff_room  (1.4s)
PASS  v24_rc6_the_floor_plan_grows_with_the_building  (1.8s)
PASS  v24_rc6_bar_bites_take_no_menu_slot  (2.3s)
PASS  v24_rc6_story_pages_keep_only_their_own_lines  (6.4s)
PASS  v24_rc6_more_to_spend_on  (4.6s)
PASS  v24_rc6_the_private_dining_room_minimum_service_and_long_table  (2.8s)
PASS  v24_rc6_stalled_lines_move_on  (2.9s)
PASS  v24_rc7_a_line_finds_its_table  (4.9s)
PASS  v24_rc7_yuan_comes_to_play_the_piano  (12.8s)
PASS  v24_rc7_2_the_heart_and_the_treat_chip_on_a_ticket  (0.6s)
PASS  v24_rc7_2_the_random_menu  (2.5s)
FAIL  v24_rc7_2_the_lounges_own_waiter_carries_its_bites  (5.1s)
      the manual says so
PASS  v24_rc73_the_cats_live_between_the_room_and_the_restaurant  (4.1s)
PASS  v24_rc74_favourites_learned_in_play_and_marked_on_the_menu  (2.2s)
PASS  v25_first_photo_day_one_dylan_takes_one_of_jills_cameras  (6.5s)
PASS  v24_rc76_after_the_wine_the_tasting_night_is_the_players  (6.1s)
PASS  v24_rc77_the_lounge_pours_kens_rounds  (7.5s)
PASS  v24_rc8_the_bar_next_door_from_kens_question_to_jills_decision  (70.0s)
PASS  v24_rc8_the_signing_the_work_and_the_opening  (12.1s)
PASS  v24_rc8_qing_tuo_after_work_five_scenes  (39.2s)
58 passed, 1 failed
EXIT 1
PASS  new_game_starts  (1.9s)
PASS  close_shop_early  (1.4s)
PASS  save_and_load_roundtrip  (2.5s)
PASS  ui_basics  (2.7s)
PASS  cats_use_sofa_by_personality  (29.6s)
PASS  cooking_flow_families  (0.9s)
PASS  dylan_pays_tidies_and_is_not_staff  (0.9s)
PASS  daylight_returns_every_morning  (9.0s)
PASS  tables_need_clearing_after_checkout  (0.9s)
PASS  frame_loop_survives_a_draw_error  (0.8s)
PASS  weather_days_and_stock_v182  (1.0s)
PASS  save_backup_and_restore  (2.6s)
PASS  kitchen_cooks_walk_the_line_and_plate  (18.6s)
PASS  specials_are_a_finer_version_of_a_mastered_dish  (17.0s)
PASS  a3_the_pause_menu_is_reachable_on_a_short_phone_and_every_way_out_works  (10.6s)
PASS  c_restock_shortcuts_respect_both_the_fridge_and_the_money  (2.8s)
PASS  a4b_a_mid_service_checkpoint_is_consistent_and_the_day_finishes_after_it  (112.0s)
PASS  h_i_k_t_shop_rooms_decoration_pass_and_dreams  (5.9s)
PASS  q_plus_world_sprites_keep_jill_and_dylan_their_own  (0.7s)
PASS  z_regression_rooms_kitchen_construction_and_staff_assignment  (197.3s)
PASS  restock_during_service_is_one_tap_with_immediate_feedback  (2.7s)
PASS  weather_dish_replaces_a_chosen_dish_when_the_menu_is_full  (2.2s)
PASS  the_players_saves_load_through_a_real_reload  (4.9s)
PASS  a_second_signature_the_dessert_with_its_own_progression  (4.7s)
PASS  a_day_with_the_hooks_writes_copresence_named_history_and_nothing_twice  (4.8s)
PASS  the_lounge_has_an_origin_ken_wine_a_tasting_and_a_project_that_never_disappears  (4.7s)
PASS  phase8_reviews_say_what_happened_posts_amplify_it_and_a_campaign_is_counted  (2.2s)
PASS  followup_a_campaign_is_felt_in_the_room  (3.0s)
PASS  regulars_remember_their_life_not_replay_it  (1.4s)
PASS  story_photos_show_the_current_art_not_an_old_copy  (2.2s)
PASS  dogs_five_kinds_and_the_house_by_the_door  (2.5s)
PASS  v24_back_of_house_is_a_work_area_and_keeps_its_two  (1.4s)
PASS  v24_eras_open_in_order_and_dormant_ones_never_reverse  (1.5s)
PASS  v24_stage_gates_follow_the_chronology_and_their_own_gaps  (1.4s)
PASS  v24_xiuqin_is_there_from_day_one_and_is_not_free_labour  (5.1s)
PASS  v24_manual_tutorial_and_news_cover_the_new_content  (4.1s)
PASS  v24_a_guest_who_came_for_the_signature_says_so_rarely_and_in_different_words  (19.7s)
PASS  v24_the_night_cut_short_is_not_counted_and_comes_again  (9.2s)
PASS  v24_rc6_private_dining_reservations_follow_the_rules  (4.5s)
PASS  v24_rc6_the_floor_and_its_rooms_are_tabs  (26.3s)
PASS  v24_rc6_the_staff_room_plays_a_frame_and_dozes  (21.4s)
PASS  v24_rc6_no_empty_sheet_over_a_service  (4.4s)
PASS  v24_rc6_sophie_and_mia_begin  (19.2s)
PASS  v24_rc6_new_places_have_their_photos  (5.4s)
PASS  v24_rc6_qing_and_tuo_move_on  (2.4s)
PASS  v24_rc7_the_money  (10.8s)
PASS  v24_rc7_ken_comes_back_and_proposes_a_tasting  (2.2s)
PASS  v24_rc7_story_guests_have_their_own_faces  (0.5s)
PASS  v24_rc7_2_a_named_guests_line_answers_a_touch  (5.8s)
PASS  v24_rc7_2_the_missing_cats_stop_the_evening  (28.8s)
PASS  v24_rc7_2_no_firing_and_the_wages  (1.7s)
PASS  v24_rc73_the_cats_try_their_luck_and_never_get_it  (12.3s)
PASS  v24_rc74_the_lounges_new_bites  (17.1s)
PASS  v25_first_photo_a_mature_save_gets_day_one_as_history  (2.9s)
PASS  v24_rc76_the_chefs_night  (10.6s)
PASS  v24_rc77_kens_share_of_a_tasting_night  (8.6s)
PASS  v24_rc8_the_bar_next_door_scenes_are_staged_where_they_happen  (11.2s)
PASS  v24_rc8_madame_lin_comes_back_as_a_guest  (5.9s)
58 passed, 0 failed
EXIT 0
PASS  main_loop_single_instance  (3.8s)
PASS  cooking_every_recipe  (1.3s)
PASS  old_saves_load  (6.3s)
PASS  touch_controls  (5.1s)
PASS  dylan_stays_a_quiet_regular_early_on  (6.2s)
PASS  kitchen_staff_ladder  (1.0s)
PASS  world_stays_visible_across_days  (41.9s)
PASS  jill_rests_when_staff_cover_the_floor  (124.3s)
PASS  demand_recommendation_staff_v181  (2.0s)
PASS  tickets_keep_the_guest_v182  (0.9s)
PASS  rating_story_records_and_panels_v182  (2.5s)
PASS  golden_scenario  (2.6s)
PASS  purchases_change_the_place  (38.5s)
PASS  the_street_has_passers_by_and_some_walk_in  (36.0s)
PASS  a4_the_album_opens_without_a_render_storm_and_progress_survives_a_kill  (8.5s)
PASS  d_service_speed_scales_the_whole_simulation_and_keeps_hand_timing_fair  (6.2s)
PASS  f_reviews_name_only_the_cats_the_table_actually_met  (2.7s)
PASS  j_cat_furniture_comes_in_tiers_and_the_grass_pot_is_used  (11.9s)
PASS  u_v_world_memory_and_regulars_speak_with_their_faces  (8.2s)
PASS  wangs_are_two_people_who_usually_come_together  (1.7s)
PASS  restaurant_records_are_readable_in_the_journal  (1.3s)
PASS  main_and_side_hall_are_one_layout_system  (2.8s)
PASS  infrastructure_you_can_see_and_a_calmer_incident_calendar  (1.7s)
PASS  named_guests_keep_one_face_and_the_staff_have_theirs  (1.6s)
PASS  sophie_and_baobao_the_arc_runs_on_real_conditions_and_leaves_a_pad_a_fact_and_a_story_photo  (2.6s)
PASS  lounge_i_content_bar_food_in_the_kitchen_wine_at_dinner_the_cast_by_name  (5.7s)
PASS  phase9_the_restaurant_remembers_milestones_slots_and_small_crossovers  (2.3s)
PASS  followup_the_manual_describes_the_current_game  (0.5s)
PASS  story_page_counts_only_real_beats_numbered_with_unseen_stages  (4.7s)
PASS  regular_card_says_her_for_sophie_and_mia  (2.0s)
PASS  side_room_booths_one_row_at_a_time  (5.4s)
PASS  v24_legacy_tenure_is_a_class_not_the_days_since_v23  (1.5s)
PASS  v24_illustrations_show_with_the_scene_and_reopen  (1.9s)
PASS  v24_yijun_comes_to_eat_and_her_mother_walks_over  (2.8s)
PASS  v24_xiuqin_goes_home_a_while_into_the_closing  (1.1s)
PASS  v24_the_day_is_held_for_the_beat_its_people_came_for  (1.9s)
PASS  v24_the_signature_steppers_stay_on_their_own_line  (2.3s)
PASS  v24_jill_calls_the_landlord_and_the_whole_floor_is_hers  (55.8s)
PASS  v24_rc6_private_dining_bookings_are_seen_and_grow_with_the_room  (2.1s)
PASS  v24_rc6_the_floor_is_shown_when_it_changes  (5.5s)
PASS  v24_rc6_a_name_finds_its_person_and_a_person_its_name  (10.9s)
PASS  v24_rc6_anan_works_the_lounge_first  (4.9s)
PASS  v24_rc6_a_finished_lounge_opens_the_floor_in_a_mature_save  (19.5s)
PASS  v24_rc6_the_open_floor_keeps_its_ways  (3.2s)
PASS  v24_rc6_a_regulars_dated_beat_keeps_its_day  (1.9s)
PASS  v24_rc7_madame_lin_says_which_corner  (1.2s)
PASS  v24_rc7_ken_hosts_his_tasting_nights  (19.3s)
PASS  v24_rc7_2_xiuqin_first_evening_holds_the_service  (2.2s)
PASS  v24_rc7_2_a_regulars_head_at_a_busy_table_and_the_log_closes  (3.4s)
PASS  v24_rc7_2_sophies_pad_seen_and_marked  (3.2s)
PASS  v24_rc73_jills_room_is_there_from_day_one  (11.9s)
PASS  v24_rc73_posts_carry_their_picture_and_likes_that_keep_coming  (3.1s)
PASS  v24_rc74_the_lounge_tv_and_its_sound  (6.5s)
PASS  v24_rc76_the_bar_turns_into_an_l  (4.8s)
PASS  v24_rc77_the_page_carries_only_the_portraits_the_game_shows  (0.4s)
PASS  v24_rc8_the_lounge_is_the_shop_next_door  (8.8s)
PASS  v24_rc8_mature_saves_hear_nothing_new_from_next_door  (11.1s)
PASS  v24_rc8_mature_saves_get_the_line_as_history  (11.2s)
58 passed, 0 failed
EXIT 0
PASS  listeners_do_not_accumulate  (2.9s)
PASS  five_cats_initialise  (0.5s)
PASS  unreadable_save_is_kept  (3.2s)
PASS  sofa_geometry  (0.4s)
PASS  dylan_hidden_reveal  (10.5s)
PASS  waiter_serves_ready_food  (1.3s)
PASS  v16_save_continues_in_v17  (9.2s)
PASS  research_is_solvable_from_visible_info  (1.8s)
PASS  album_store_and_viewer_v181  (92.1s)
PASS  dylan_is_present_v182  (0.8s)
PASS  economy_ops_duties_and_prices_v182  (1.4s)
PASS  golden_frames  (125.7s)
PASS  cats_use_their_things_and_stay_inside  (141.9s)
PASS  a1_failed_restock_changes_nothing_and_the_suggestion_holds_still  (2.3s)
PASS  a5_money_is_one_number_everywhere_after_the_side_hall  (6.7s)
PASS  e_rating_card_is_structured_and_records_are_chips  (1.3s)
PASS  g_lines_and_reviews_do_not_repeat_themselves  (2.0s)
PASS  l_m_n_hospitality_set_sales_and_the_weather_suggestion  (3.9s)
PASS  w_the_album_is_a_living_history  (2.1s)
PASS  speech_log_logs_each_spoken_line_once  (2.6s)
PASS  workstation_assignment_is_explicit_with_capacities_and_swaps  (4.1s)
PASS  outdoor_area_is_a_project_and_its_tables_are_furniture_and_the_dog_rests_outside  (2.7s)
PASS  dylan_leaves_a_trace_and_never_vanishes_at_a_closed_door  (3.5s)
PASS  story_foundation_facts_lanes_overdue_and_reload  (0.9s)
PASS  the_lounge_is_the_same_restaurant_one_guest_one_visit_one_tab  (5.4s)
PASS  staff_learn_places_coarsely_and_veterans_stay_useful  (6.0s)
PASS  followup_story_progress_is_visible_retrievable_and_honest  (8.3s)
PASS  qa_merged_room_tabs_cushion_light_and_social_entrances  (3.1s)
PASS  every_player_save_migrates_plays_a_day_and_keeps_its_story  (135.6s)
PASS  journal_pages_never_show_undefined  (7.3s)
PASS  window_line_cats_stay_inside_and_in_sight  (14.6s)
PASS  v24_story_presence_for_one_day  (5.9s)
PASS  v24_names_staff_and_outside_cast_are_not_random_guests  (0.4s)
PASS  v24_the_wall_is_written_to_the_rules  (0.4s)
PASS  v24_the_first_cleaner_hired_is_her_and_keeps_what_she_knows  (1.6s)
PASS  v24_restaurant_and_lounge_staff_are_two_pools_that_never_share_places  (3.0s)
PASS  v24_the_second_floor_is_a_story_before_it_is_a_room  (1.2s)
PASS  v24_rc6_the_staff_room_comes_from_a_need_and_grows_in_place  (2.6s)
PASS  v24_rc6_two_more_restaurant_places_and_the_lounge_unchanged  (3.4s)
PASS  v24_rc6_the_staff_room_has_a_way_to_every_seat  (7.6s)
PASS  v24_rc6_cats_visit_the_rooms_and_leave  (23.5s)
PASS  v24_rc6_an_authored_beat_holds_the_service_until_it_is_read  (29.8s)
PASS  v24_rc6_new_things_are_talked_about  (17.8s)
PASS  v24_rc6_a_booked_party_comes_eats_and_pays  (5.2s)
PASS  v24_rc6_the_morning_reports  (3.4s)
      the scene: —：下午，房東來了一趟。 / 房東：我上去一下，拿個東西。 / —：樓梯門在側廳。房東一開鎖，寶寶就從他腳邊鑽進去，一路跑上樓。 / Jill：寶寶！ / —：Jill 跟上去帶寶寶下來。整層都是空的，寶寶已經跳上窗台了。 / 房東：上面就這樣，空很久了。地板是好的，窗戶也是好的。 / Jill：嗯。 / —：角落靠著兩支舊滅火器；消防檢查快到了，他上來就是要拿去換新的。 / —：Jill 抱著寶寶下樓。房東一手提一支滅火器，把門鎖好才走。
PASS  v24_rc7_the_landlord_goes_up  (3.9s)
PASS  v24_rc7_the_wine_and_monsieur_du  (1.9s)
PASS  v24_rc7_2_a_tap_on_the_pass_sends_the_plates  (0.6s)
PASS  v24_rc7_2_a_story_on_the_summary_opens_its_page  (4.9s)
PASS  v24_rc7_2_vip_cards_and_the_lounge_after_dinner  (2.4s)
PASS  v24_rc73_the_evening_is_in_her_room  (26.0s)
PASS  v24_rc73_tora_waits_for_jill_after_closing  (79.9s)
PASS  v24_rc75_the_pizza_oven_one_more_cook_and_the_bar_pizza  (17.7s)
PASS  v24_rc76_dylan_at_home_keeps_his_hood_up  (1.4s)
PASS  v24_rc77_evan_is_behind_the_bar_from_the_first_night  (3.3s)
PASS  v24_rc8_madame_lin_next_door_on_day_one  (3.2s)
PASS  v24_rc8_the_restaurants_three_lists_and_the_lounges_one  (29.0s)
PASS  v24_rc8_the_bell_rings_when_the_door_opens  (1.0s)
58 passed, 0 failed
EXIT 0
