PASS  single_file_in_sync  (0.1s)
PASS  new_game_starts  (0.4s)
PASS  main_loop_single_instance  (2.5s)
PASS  listeners_do_not_accumulate  (1.0s)
PASS  customer_full_flow_and_economy  (0.6s)
PASS  close_shop_early  (0.6s)
PASS  cooking_every_recipe  (0.4s)
PASS  five_cats_initialise  (0.2s)
PASS  cat_ai_keeps_running  (0.6s)
PASS  save_and_load_roundtrip  (1.1s)
PASS  old_saves_load  (2.7s)
PASS  unreadable_save_is_kept  (1.3s)
PASS  cat_personality_fingerprint  (1.1s)
PASS  ui_basics  (1.2s)
PASS  touch_controls  (3.3s)
PASS  sofa_geometry  (0.2s)
PASS  jill_evening_life  (9.7s)
PASS  cats_use_sofa_by_personality  (13.2s)
PASS  dylan_stays_a_quiet_regular_early_on  (2.8s)
PASS  dylan_hidden_reveal  (7.8s)
PASS  long_play_is_stable  (4.1s)
PASS  cooking_flow_families  (0.4s)
PASS  kitchen_staff_ladder  (0.4s)
PASS  waiter_serves_ready_food  (0.6s)
PASS  waiting_bench  (0.4s)
PASS  dylan_pays_tidies_and_is_not_staff  (0.4s)
PASS  world_stays_visible_across_days  (30.8s)
PASS  v16_save_continues_in_v17  (5.7s)
PASS  service_checkpoint_resumes_the_day  (21.3s)
PASS  daylight_returns_every_morning  (6.6s)
PASS  jill_rests_when_staff_cover_the_floor  (103.0s)
PASS  research_is_solvable_from_visible_info  (0.9s)
PASS  album_notes_and_journal  (235.7s)
PASS  tables_need_clearing_after_checkout  (0.4s)
PASS  demand_recommendation_staff_v181  (1.2s)
PASS  album_store_and_viewer_v181  (77.9s)
PASS  hold_recipes_never_lock_the_game  (34.0s)
PASS  frame_loop_survives_a_draw_error  (0.4s)
PASS  tickets_keep_the_guest_v182  (0.5s)
PASS  dylan_is_present_v182  (0.4s)
PASS  regulars_have_lives_v182  (2.6s)
PASS  weather_days_and_stock_v182  (0.4s)
PASS  rating_story_records_and_panels_v182  (1.0s)
PASS  economy_ops_duties_and_prices_v182  (0.7s)
PASS  achievements_and_hold_variation_v182  (0.3s)
PASS  save_backup_and_restore  (1.9s)
PASS  golden_scenario  (1.5s)
PASS  golden_frames  (117.8s)
PASS  mature_save_loads_into_2_0  (18.1s)
PASS  kitchen_cooks_walk_the_line_and_plate  (11.0s)
PASS  purchases_change_the_place  (50.5s)
PASS  cats_use_their_things_and_stay_inside  (115.5s)
PASS  goal_ladder_and_dylan_scenes  (2.0s)
PASS  specials_are_a_finer_version_of_a_mastered_dish  (21.7s)
PASS  the_street_has_passers_by_and_some_walk_in  (12.1s)
PASS  a1_failed_restock_changes_nothing_and_the_suggestion_holds_still  (1.7s)
PASS  a2_the_game_never_buys_stock_for_the_player_and_money_never_goes_negative  (12.6s)
PASS  a3_the_pause_menu_is_reachable_on_a_short_phone_and_every_way_out_works  (7.8s)
PASS  a4_the_album_opens_without_a_render_storm_and_progress_survives_a_kill  (7.5s)
PASS  a5_money_is_one_number_everywhere_after_the_side_hall  (5.5s)
PASS  b_staff_are_grouped_by_job  (0.9s)
PASS  c_restock_shortcuts_respect_both_the_fridge_and_the_money  (2.0s)
PASS  d_service_speed_scales_the_whole_simulation_and_keeps_hand_timing_fair  (4.9s)
PASS  e_rating_card_is_structured_and_records_are_chips  (0.9s)
PASS  o_toggling_a_dish_keeps_the_scroll_position  (1.4s)
PASS  a4b_a_mid_service_checkpoint_is_consistent_and_the_day_finishes_after_it  (94.2s)
PASS  f_reviews_name_only_the_cats_the_table_actually_met  (1.5s)
PASS  g_lines_and_reviews_do_not_repeat_themselves  (1.4s)
PASS  dylan_is_a_presence_not_a_story_trigger  (8.4s)
PASS  h_i_k_t_shop_rooms_decoration_pass_and_dreams  (4.4s)
PASS  j_cat_furniture_comes_in_tiers_and_the_grass_pot_is_used  (9.8s)
PASS  l_m_n_hospitality_set_sales_and_the_weather_suggestion  (2.8s)
PASS  q_portraits_are_one_system_with_a_fallback_and_fit_a_phone  (2.9s)
PASS  q_plus_world_sprites_keep_jill_and_dylan_their_own  (0.3s)
PASS  u_v_world_memory_and_regulars_speak_with_their_faces  (7.4s)
PASS  w_the_album_is_a_living_history  (1.1s)
PASS  x_a_desktop_window_is_used_and_the_mouse_and_keyboard_work  (2.1s)
PASS  z_regression_rooms_kitchen_construction_and_staff_assignment  (155.7s)
PASS  wangs_are_two_people_who_usually_come_together  (0.7s)
PASS  speech_log_logs_each_spoken_line_once  (1.6s)
PASS  portrait_crops_isolate_each_figure  (1.1s)
PASS  restock_during_service_is_one_tap_with_immediate_feedback  (1.5s)
PASS  restaurant_records_are_readable_in_the_journal  (0.7s)
PASS  workstation_assignment_is_explicit_with_capacities_and_swaps  (2.5s)
PASS  album_has_two_entries_history_from_the_start_and_todays_photos_from_the_summary  (0.9s)
PASS  weather_dish_replaces_a_chosen_dish_when_the_menu_is_full  (1.4s)
PASS  main_and_side_hall_are_one_layout_system  (1.7s)
PASS  outdoor_area_is_a_project_and_its_tables_are_furniture_and_the_dog_rests_outside  (1.6s)
PASS  hospitality_stays_with_a_guest_from_stranger_to_regular  (4.7s)
PASS  the_players_saves_load_through_a_real_reload  (2.7s)
PASS  infrastructure_you_can_see_and_a_calmer_incident_calendar  (1.0s)
PASS  dylan_leaves_a_trace_and_never_vanishes_at_a_closed_door  (2.3s)
PASS  stock_suggestion_follows_each_dish_and_counts_the_demand_it_missed  (28.0s)
PASS  a_second_signature_the_dessert_with_its_own_progression  (2.7s)
PASS  named_guests_keep_one_face_and_the_staff_have_theirs  (1.0s)

95 passed, 0 failed
