PASS  single_file_in_sync  (0.1s)
PASS  new_game_starts  (0.5s)
PASS  main_loop_single_instance  (2.6s)
PASS  listeners_do_not_accumulate  (1.1s)
PASS  customer_full_flow_and_economy  (0.7s)
PASS  close_shop_early  (0.6s)
PASS  cooking_every_recipe  (0.5s)
PASS  five_cats_initialise  (0.2s)
PASS  cat_ai_keeps_running  (0.6s)
PASS  save_and_load_roundtrip  (1.1s)
PASS  old_saves_load  (2.7s)
PASS  unreadable_save_is_kept  (1.1s)
PASS  cat_personality_fingerprint  (1.1s)
PASS  ui_basics  (1.4s)
PASS  touch_controls  (4.5s)
PASS  sofa_geometry  (0.2s)
PASS  jill_evening_life  (11.2s)
PASS  cats_use_sofa_by_personality  (15.1s)
PASS  dylan_stays_a_quiet_regular_early_on  (3.3s)
PASS  dylan_hidden_reveal  (4.4s)
PASS  long_play_is_stable  (4.4s)
PASS  cooking_flow_families  (0.5s)
PASS  kitchen_staff_ladder  (0.5s)
PASS  waiter_serves_ready_food  (0.6s)
PASS  waiting_bench  (0.5s)
PASS  dylan_pays_tidies_and_is_not_staff  (0.5s)
PASS  world_stays_visible_across_days  (38.0s)
PASS  v16_save_continues_in_v17  (6.6s)
PASS  service_checkpoint_resumes_the_day  (25.9s)
PASS  daylight_returns_every_morning  (8.4s)
PASS  jill_rests_when_staff_cover_the_floor  (134.8s)
PASS  research_is_solvable_from_visible_info  (0.9s)
PASS  album_notes_and_journal  (295.0s)
PASS  tables_need_clearing_after_checkout  (0.4s)
PASS  demand_recommendation_staff_v181  (1.3s)
PASS  album_store_and_viewer_v181  (96.5s)
PASS  hold_recipes_never_lock_the_game  (41.1s)
PASS  frame_loop_survives_a_draw_error  (0.5s)
PASS  tickets_keep_the_guest_v182  (0.5s)
PASS  dylan_is_present_v182  (0.4s)
PASS  regulars_have_lives_v182  (3.4s)
PASS  weather_days_and_stock_v182  (0.4s)
PASS  rating_story_records_and_panels_v182  (1.2s)
PASS  economy_ops_duties_and_prices_v182  (0.7s)
PASS  achievements_and_hold_variation_v182  (0.3s)
PASS  save_backup_and_restore  (2.0s)
PASS  golden_scenario  (1.6s)
PASS  golden_frames  (149.2s)
PASS  mature_save_loads_into_2_0  (21.8s)
PASS  kitchen_cooks_walk_the_line_and_plate  (13.7s)
PASS  purchases_change_the_place  (34.3s)
PASS  cats_use_their_things_and_stay_inside  (147.0s)
PASS  goal_ladder_and_dylan_scenes  (2.5s)
PASS  specials_are_a_finer_version_of_a_mastered_dish  (18.2s)
PASS  the_street_has_passers_by_and_some_walk_in  (15.3s)
PASS  a1_failed_restock_changes_nothing_and_the_suggestion_holds_still  (1.7s)
PASS  a2_the_game_never_buys_stock_for_the_player_and_money_never_goes_negative  (15.4s)
PASS  a3_the_pause_menu_is_reachable_on_a_short_phone_and_every_way_out_works  (8.0s)
PASS  a4_the_album_opens_without_a_render_storm_and_progress_survives_a_kill  (7.7s)
PASS  a5_money_is_one_number_everywhere_after_the_side_hall  (6.3s)
PASS  b_staff_are_grouped_by_job  (0.9s)
PASS  c_restock_shortcuts_respect_both_the_fridge_and_the_money  (2.0s)
PASS  d_service_speed_scales_the_whole_simulation_and_keeps_hand_timing_fair  (6.0s)
PASS  e_rating_card_is_structured_and_records_are_chips  (0.9s)
PASS  o_toggling_a_dish_keeps_the_scroll_position  (1.4s)
PASS  a4b_a_mid_service_checkpoint_is_consistent_and_the_day_finishes_after_it  (118.4s)
PASS  f_reviews_name_only_the_cats_the_table_actually_met  (1.7s)
PASS  g_lines_and_reviews_do_not_repeat_themselves  (1.4s)
PASS  dylan_is_a_presence_not_a_story_trigger  (10.1s)
PASS  h_i_k_t_shop_rooms_decoration_pass_and_dreams  (5.1s)
PASS  j_cat_furniture_comes_in_tiers_and_the_grass_pot_is_used  (12.2s)
PASS  l_m_n_hospitality_set_sales_and_the_weather_suggestion  (3.2s)
PASS  q_portraits_are_one_system_with_a_fallback_and_fit_a_phone  (3.1s)
PASS  q_plus_world_sprites_keep_jill_and_dylan_their_own  (0.3s)
PASS  u_v_world_memory_and_regulars_speak_with_their_faces  (7.5s)
PASS  w_the_album_is_a_living_history  (1.1s)
PASS  x_a_desktop_window_is_used_and_the_mouse_and_keyboard_work  (2.2s)
PASS  z_regression_rooms_kitchen_construction_and_staff_assignment  (221.1s)
PASS  wangs_are_two_people_who_usually_come_together  (0.8s)

79 passed, 0 failed
