--- cats prep: mean state fractions over 4 seeds (v2.1 | v2.2), flagged if |Δ|>0.08
  tora: bed 0.01|0.04, bench 0.04|0.02, hide 0.04|0.02, rest 0.14|0.11, side 0.53|0.62 ⚠, sleep 0.05|0.00, walk 0.15|0.16
  ban: bed 0.02|0.06, rest 0.18|0.16, side 0.48|0.37 ⚠, sleep 0.05|0.16 ⚠, walk 0.18|0.18
  snow: bed 0.29|0.22, daze 0.08|0.09, rest 0.04|0.05, sleep 0.48|0.55, walk 0.08|0.07
  mikan: bed 0.01|0.05, rest 0.23|0.21, side 0.30|0.25, sleep 0.18|0.17, walk 0.18|0.22
  mei: bed 0.04|0.04, rest 0.39|0.46, side 0.08|0.03, sleep 0.26|0.25, walk 0.16|0.15
  v2.1 sleepiest: snow (0.77)
  v2.2 sleepiest: snow (0.77)
--- cats evening: mean state fractions over 4 seeds (v2.1 | v2.2), flagged if |Δ|>0.08
  tora: hide 0.04|0.03, rest 0.13|0.10, side 0.54|0.61, sleep 0.09|0.02, walk 0.14|0.17
  ban: bed 0.03|0.04, rest 0.09|0.08, side 0.63|0.67, sleep 0.05|0.05, walk 0.14|0.13
  snow: bed 0.06|0.06, daze 0.07|0.07, sleep 0.84|0.75 ⚠, walk 0.02|0.05
  mikan: hide2 0.02|0.07, rest 0.13|0.12, side 0.50|0.35 ⚠, sleep 0.14|0.21, walk 0.15|0.16
  mei: bench 0.03|0.03, rest 0.31|0.28, side 0.19|0.20, sleep 0.27|0.32, walk 0.14|0.12
  v2.1 sleepiest: snow (0.90)
  v2.2 sleepiest: snow (0.81)
--- dylan v2.1: (seed, revealed_at evening, beside, elsewhere, stage) -> [(88, 1, 2, 3, 3), (5, None, 0, 0, 2), (21, 1, 3, 3, 3), (42, 6, 1, 1, 3), (63, 0, 4, 4, 3), (77, 2, 3, 4, 3)] | revealed in 5 / 6
--- dylan v2.2: (seed, revealed_at evening, beside, elsewhere, stage) -> [(88, 0, 3, 3, 3), (5, 1, 3, 5, 3), (21, 2, 4, 4, 3), (42, 4, 1, 3, 3), (63, 1, 4, 3, 3), (77, 0, 2, 3, 3)] | revealed in 6 / 6
--- free-to-pet cats over the first 240 fast frames v2.1: [[2, 2, 1, 1, 1, 1, 0, 1, 1, 1, 1, 1], [2, 2, 2, 1, 0, 0, 0, 0, 1, 1, 1, 1], [2, 2, 2, 1, 1, 1, 1, 0, 1, 2, 2, 2]]
--- free-to-pet cats over the first 240 fast frames v2.2: [[2, 2, 2, 2, 0, 0, 2, 2, 2, 2, 2, 1], [2, 2, 2, 2, 2, 1, 0, 0, 0, 0, 0, 0], [2, 2, 2, 2, 1, 1, 0, 0, 0, 0, 1, 1]]
