PASS  single_file_in_sync  (0.0s)
PASS  new_game_starts  (0.5s)
PASS  main_loop_single_instance  (2.7s)
PASS  listeners_do_not_accumulate  (1.4s)
PASS  customer_full_flow_and_economy  (0.8s)
PASS  close_shop_early  (0.7s)
PASS  cooking_every_recipe  (0.5s)
PASS  five_cats_initialise  (0.2s)
PASS  cat_ai_keeps_running  (0.7s)
PASS  save_and_load_roundtrip  (1.3s)
PASS  old_saves_load  (3.0s)
PASS  unreadable_save_is_kept  (1.1s)
PASS  cat_personality_fingerprint  (1.1s)
PASS  ui_basics  (1.6s)
PASS  touch_controls  (18.1s)
PASS  sofa_geometry  (0.2s)
PASS  jill_evening_life  (12.2s)
PASS  cats_use_sofa_by_personality  (16.2s)
PASS  dylan_stays_a_quiet_regular_early_on  (3.2s)
PASS  dylan_hidden_reveal  (9.3s)
PASS  long_play_is_stable  (4.6s)
PASS  cooking_flow_families  (0.5s)
PASS  kitchen_staff_ladder  (0.5s)
PASS  waiter_serves_ready_food  (0.7s)
PASS  waiting_bench  (0.6s)
PASS  dylan_pays_tidies_and_is_not_staff  (0.5s)
PASS  world_stays_visible_across_days  (41.0s)
PASS  v16_save_continues_in_v17  (7.2s)
PASS  service_checkpoint_resumes_the_day  (29.1s)
PASS  daylight_returns_every_morning  (8.7s)
FAIL  jill_rests_when_staff_cover_the_floor  (130.4s)
      with a full crew she should sit part of the day, not never and not always: {'sit': 3784, 'frames': 5860, 'acts': ['idle', 'read', 'look', 'pet'], 'pets': 157}
PASS  research_is_solvable_from_visible_info  (1.2s)
PASS  album_notes_and_journal  (333.8s)
PASS  tables_need_clearing_after_checkout  (0.5s)
PASS  demand_recommendation_staff_v181  (1.6s)
PASS  album_store_and_viewer_v181  (108.9s)
PASS  hold_recipes_never_lock_the_game  (51.2s)
PASS  frame_loop_survives_a_draw_error  (0.5s)
PASS  tickets_keep_the_guest_v182  (0.6s)
PASS  dylan_is_present_v182  (0.5s)
PASS  regulars_have_lives_v182  (3.5s)
PASS  weather_days_and_stock_v182  (0.5s)
PASS  rating_story_records_and_panels_v182  (1.4s)
PASS  economy_ops_duties_and_prices_v182  (0.9s)
PASS  achievements_and_hold_variation_v182  (0.4s)
PASS  save_backup_and_restore  (2.2s)
PASS  golden_scenario  (2.2s)
FAIL  golden_frames  (163.5s)
      book_mem: pixels differ in box (24, 473, 366, 592) (see tests/artifacts/)
PASS  mature_save_loads_into_2_0  (23.3s)
PASS  kitchen_cooks_walk_the_line_and_plate  (16.1s)
PASS  purchases_change_the_place  (86.5s)
PASS  cats_use_their_things_and_stay_inside  (159.3s)
PASS  goal_ladder_and_dylan_scenes  (2.6s)
PASS  specials_are_a_finer_version_of_a_mastered_dish  (24.1s)
PASS  the_street_has_passers_by_and_some_walk_in  (13.6s)
PASS  a1_failed_restock_changes_nothing_and_the_suggestion_holds_still  (1.8s)
PASS  a2_the_game_never_buys_stock_for_the_player_and_money_never_goes_negative  (15.3s)
PASS  a3_the_pause_menu_is_reachable_on_a_short_phone_and_every_way_out_works  (8.2s)
PASS  a4_the_album_opens_without_a_render_storm_and_progress_survives_a_kill  (7.7s)
PASS  a5_money_is_one_number_everywhere_after_the_side_hall  (2.4s)
PASS  b_staff_are_grouped_by_job  (1.0s)
PASS  c_restock_shortcuts_respect_both_the_fridge_and_the_money  (2.2s)
PASS  d_service_speed_scales_the_whole_simulation_and_keeps_hand_timing_fair  (6.4s)
PASS  e_rating_card_is_structured_and_records_are_chips  (0.9s)
PASS  o_toggling_a_dish_keeps_the_scroll_position  (1.4s)
PASS  a4b_a_mid_service_checkpoint_is_consistent_and_the_day_finishes_after_it  (116.9s)

64 passed, 2 failed
