PASS  single_file_in_sync  (0.1s)
PASS  new_game_starts  (0.4s)
PASS  main_loop_single_instance  (2.6s)
PASS  listeners_do_not_accumulate  (1.2s)
PASS  customer_full_flow_and_economy  (0.7s)
PASS  close_shop_early  (0.7s)
PASS  cooking_every_recipe  (0.5s)
PASS  five_cats_initialise  (0.2s)
PASS  cat_ai_keeps_running  (0.7s)
PASS  save_and_load_roundtrip  (1.1s)
PASS  old_saves_load  (2.8s)
PASS  unreadable_save_is_kept  (1.2s)
PASS  cat_personality_fingerprint  (1.1s)
PASS  ui_basics  (1.4s)
PASS  touch_controls  (3.9s)
PASS  sofa_geometry  (0.2s)
PASS  jill_evening_life  (11.4s)
PASS  cats_use_sofa_by_personality  (15.1s)
PASS  dylan_stays_a_quiet_regular_early_on  (3.9s)
PASS  dylan_hidden_reveal  (5.0s)
PASS  long_play_is_stable  (4.4s)
PASS  cooking_flow_families  (0.5s)
PASS  kitchen_staff_ladder  (0.5s)
PASS  waiter_serves_ready_food  (0.6s)
PASS  waiting_bench  (0.5s)
PASS  dylan_pays_tidies_and_is_not_staff  (0.4s)
PASS  world_stays_visible_across_days  (33.3s)
PASS  v16_save_continues_in_v17  (6.0s)
PASS  service_checkpoint_resumes_the_day  (22.5s)
PASS  daylight_returns_every_morning  (7.0s)
PASS  jill_rests_when_staff_cover_the_floor  (117.0s)
PASS  research_is_solvable_from_visible_info  (0.9s)
PASS  album_notes_and_journal  (261.7s)
PASS  tables_need_clearing_after_checkout  (0.5s)
PASS  demand_recommendation_staff_v181  (1.4s)
PASS  album_store_and_viewer_v181  (82.2s)
PASS  hold_recipes_never_lock_the_game  (37.3s)
PASS  frame_loop_survives_a_draw_error  (0.5s)
PASS  tickets_keep_the_guest_v182  (0.5s)
PASS  dylan_is_present_v182  (0.4s)
PASS  regulars_have_lives_v182  (2.9s)
PASS  weather_days_and_stock_v182  (0.5s)
PASS  rating_story_records_and_panels_v182  (1.4s)
PASS  economy_ops_duties_and_prices_v182  (0.7s)
PASS  achievements_and_hold_variation_v182  (0.3s)
PASS  save_backup_and_restore  (1.9s)
PASS  golden_scenario  (1.6s)
PASS  golden_frames  (125.4s)
PASS  mature_save_loads_into_2_0  (20.0s)
PASS  kitchen_cooks_walk_the_line_and_plate  (13.0s)
PASS  purchases_change_the_place  (32.9s)
PASS  cats_use_their_things_and_stay_inside  (124.4s)
PASS  goal_ladder_and_dylan_scenes  (2.5s)
PASS  specials_are_a_finer_version_of_a_mastered_dish  (21.3s)
PASS  the_street_has_passers_by_and_some_walk_in  (34.0s)
PASS  a1_failed_restock_changes_nothing_and_the_suggestion_holds_still  (1.8s)
PASS  a2_the_game_never_buys_stock_for_the_player_and_money_never_goes_negative  (13.4s)
PASS  a3_the_pause_menu_is_reachable_on_a_short_phone_and_every_way_out_works  (8.9s)
PASS  a4_the_album_opens_without_a_render_storm_and_progress_survives_a_kill  (7.6s)
PASS  a5_money_is_one_number_everywhere_after_the_side_hall  (5.7s)
PASS  b_staff_are_grouped_by_job  (1.0s)
PASS  c_restock_shortcuts_respect_both_the_fridge_and_the_money  (2.1s)
PASS  d_service_speed_scales_the_whole_simulation_and_keeps_hand_timing_fair  (5.3s)
PASS  e_rating_card_is_structured_and_records_are_chips  (0.9s)
PASS  o_toggling_a_dish_keeps_the_scroll_position  (1.3s)
PASS  a4b_a_mid_service_checkpoint_is_consistent_and_the_day_finishes_after_it  (101.7s)
PASS  f_reviews_name_only_the_cats_the_table_actually_met  (1.7s)
PASS  g_lines_and_reviews_do_not_repeat_themselves  (1.4s)
PASS  dylan_is_a_presence_not_a_story_trigger  (8.6s)
PASS  h_i_k_t_shop_rooms_decoration_pass_and_dreams  (4.8s)
PASS  j_cat_furniture_comes_in_tiers_and_the_grass_pot_is_used  (10.8s)
PASS  l_m_n_hospitality_set_sales_and_the_weather_suggestion  (2.9s)
PASS  q_portraits_are_one_system_with_a_fallback_and_fit_a_phone  (3.2s)
PASS  q_plus_world_sprites_keep_jill_and_dylan_their_own  (0.3s)
PASS  u_v_world_memory_and_regulars_speak_with_their_faces  (7.6s)
PASS  w_the_album_is_a_living_history  (1.3s)
PASS  x_a_desktop_window_is_used_and_the_mouse_and_keyboard_work  (2.3s)
PASS  z_regression_rooms_kitchen_construction_and_staff_assignment  (178.2s)
PASS  wangs_are_two_people_who_usually_come_together  (0.8s)
PASS  speech_log_logs_each_spoken_line_once  (1.7s)
PASS  portrait_crops_isolate_each_figure  (1.1s)
PASS  restock_during_service_is_one_tap_with_immediate_feedback  (1.7s)
PASS  restaurant_records_are_readable_in_the_journal  (0.9s)
PASS  workstation_assignment_is_explicit_with_capacities_and_swaps  (2.7s)
PASS  album_has_two_entries_history_from_the_start_and_todays_photos_from_the_summary  (1.1s)
PASS  weather_dish_replaces_a_chosen_dish_when_the_menu_is_full  (1.6s)
PASS  main_and_side_hall_are_one_layout_system  (1.8s)
PASS  outdoor_area_is_a_project_and_its_tables_are_furniture_and_the_dog_rests_outside  (1.7s)
PASS  hospitality_stays_with_a_guest_from_stranger_to_regular  (5.5s)
PASS  the_players_saves_load_through_a_real_reload  (3.1s)
PASS  infrastructure_you_can_see_and_a_calmer_incident_calendar  (1.1s)
PASS  dylan_leaves_a_trace_and_never_vanishes_at_a_closed_door  (2.5s)
PASS  stock_suggestion_follows_each_dish_and_counts_the_demand_it_missed  (10.4s)
PASS  a_second_signature_the_dessert_with_its_own_progression  (3.0s)
PASS  named_guests_keep_one_face_and_the_staff_have_theirs  (1.1s)
PASS  story_foundation_facts_lanes_overdue_and_reload  (0.5s)
PASS  story_state_is_empty_on_old_saves_and_stable_over_reloads  (4.0s)
PASS  a_day_with_the_hooks_writes_copresence_named_history_and_nothing_twice  (2.4s)
PASS  sophie_and_baobao_the_arc_runs_on_real_conditions_and_leaves_a_pad_a_fact_and_a_story_photo  (1.7s)
PASS  the_lounge_is_the_same_restaurant_one_guest_one_visit_one_tab  (2.9s)
PASS  a_lounge_guest_pays_once_per_phase_and_a_review_only_for_the_visit  (4.0s)
PASS  the_lounge_has_an_origin_ken_wine_a_tasting_and_a_project_that_never_disappears  (2.6s)
PASS  lounge_i_content_bar_food_in_the_kitchen_wine_at_dinner_the_cast_by_name  (3.0s)
PASS  staff_learn_places_coarsely_and_veterans_stay_useful  (3.3s)
PASS  phase7_the_arcs_run_on_real_history_and_leave_it_changed  (2.9s)
PASS  phase8_reviews_say_what_happened_posts_amplify_it_and_a_campaign_is_counted  (1.3s)
PASS  phase9_the_restaurant_remembers_milestones_slots_and_small_crossovers  (1.4s)
PASS  followup_story_progress_is_visible_retrievable_and_honest  (5.8s)
PASS  followup_a_busy_service_keeps_every_line_and_the_journal_is_reachable  (1.7s)
PASS  followup_a_campaign_is_felt_in_the_room  (1.5s)
PASS  followup_the_manual_describes_the_current_game  (0.3s)
PASS  qa_merged_room_tabs_cushion_light_and_social_entrances  (2.2s)
PASS  dylan_dialogue_revisions_2026_10_01  (2.0s)
PASS  regulars_remember_their_life_not_replay_it  (0.8s)
PASS  story_page_counts_only_real_beats_numbered_with_unseen_stages  (3.8s)
PASS  every_player_save_migrates_plays_a_day_and_keeps_its_story  (43.9s)
PASS  journal_social_page_opens_the_same_day_as_the_shops  (0.7s)
PASS  story_photos_show_the_current_art_not_an_old_copy  (1.5s)

118 passed, 0 failed
