PASS  single_file_in_sync  (0.1s)
PASS  new_game_starts  (0.5s)
PASS  main_loop_single_instance  (2.6s)
PASS  listeners_do_not_accumulate  (1.1s)
PASS  customer_full_flow_and_economy  (0.7s)
PASS  close_shop_early  (0.6s)
PASS  cooking_every_recipe  (0.5s)
PASS  five_cats_initialise  (0.2s)
PASS  cat_ai_keeps_running  (0.7s)
PASS  save_and_load_roundtrip  (1.1s)
PASS  old_saves_load  (2.8s)
PASS  unreadable_save_is_kept  (1.1s)
PASS  cat_personality_fingerprint  (1.0s)
PASS  ui_basics  (1.4s)
PASS  touch_controls  (3.7s)
PASS  sofa_geometry  (0.2s)
PASS  jill_evening_life  (10.7s)
PASS  cats_use_sofa_by_personality  (14.6s)
PASS  dylan_stays_a_quiet_regular_early_on  (3.1s)
PASS  dylan_hidden_reveal  (5.2s)
PASS  long_play_is_stable  (4.5s)
PASS  cooking_flow_families  (0.5s)
PASS  kitchen_staff_ladder  (0.5s)
PASS  waiter_serves_ready_food  (0.6s)
PASS  waiting_bench  (0.5s)
PASS  dylan_pays_tidies_and_is_not_staff  (0.5s)
PASS  world_stays_visible_across_days  (33.2s)
PASS  v16_save_continues_in_v17  (5.9s)
PASS  service_checkpoint_resumes_the_day  (22.4s)
PASS  daylight_returns_every_morning  (7.0s)
PASS  jill_rests_when_staff_cover_the_floor  (118.4s)
PASS  research_is_solvable_from_visible_info  (0.9s)
PASS  album_notes_and_journal  (260.1s)
PASS  tables_need_clearing_after_checkout  (0.4s)
PASS  demand_recommendation_staff_v181  (1.3s)
PASS  album_store_and_viewer_v181  (84.5s)
PASS  regular_card_says_her_for_sophie_and_mia  (1.4s)
PASS  journal_pages_never_show_undefined  (5.5s)

38 passed, 0 failed
