(rc7 caps) player_day74_1508.json from Day 74, seeds 7400+
Day  74  major 0 []  v24 0 []  minor 0 []  ambient 2
Day  75  major 1 ['★wall_report@seat 0.55']  v24 0 []  minor 1 ['sophie_mei_3@cat 0.18']  ambient 4
Day  76  major 2 ['★up_inspect@daystart 0', '★ken_propose@lounge 0.35']  v24 1 ['★wall_fee@seat 0.5']  minor 1 ['kd_evan_1@lounge 0.35']  ambient 5
Day  77  major 1 ['★lin_guest@lounge 0.4']  v24 0 []  minor 1 ['evan_origin@lounge 0.22']  ambient 5
Day  78  major 2 ['sophie_mei_4@collect 0.42', '★dylan_valentine@seat 0.8']  v24 1 ['★wall_prep@close 1.18']  minor 1 ['★qt_absence@order 0.51']  ambient 4
Day  79  major 1 ['kt_night@daystart 0']  v24 0 []  minor 0 []  ambient 5
Day  80  major 2 ['★up_door@daystart 0', '★ya_1@lounge 0.65']  v24 0 []  minor 1 ['kd_usual@lounge 0.62']  ambient 5
Day  81  major 2 ['★wall_mediation@daystart 0', '★dylan_valentine@seat 0.5']  v24 0 []  minor 0 []  ambient 3
Day  82  major 1 ['★qt_drink@lounge 0.5']  v24 0 []  minor 1 ['qx_pay@collect 0.82']  ambient 4
Day  83  major 2 ['★sm_c@seat 0.23', '★ya_2@lounge 0.64']  v24 2 ['★wall_paper@seat 0.68', '★up_remind@close 1.21']  minor 0 []  ambient 8
Day  84  major 1 ['kt_night@daystart 0']  v24 1 ['★wall_article@seat 0.25']  minor 0 []  ambient 5
Day  85  major 2 ['★ya_3@lounge 0.21', '★up_ask@close 1.18']  v24 1 ['★up_busy@served 0.63']  minor 0 []  ambient 4
Day  86  major 0 []  v24 0 []  minor 0 []  ambient 6
Day  87  major 1 ['★qt_photo@close 1.2']  v24 0 []  minor 0 []  ambient 4
Day  88  major 1 ['★sm_d@seat 0.8']  v24 0 []  minor 1 ['kd_qing@lounge 0.79']  ambient 5
Day  89  major 1 ['kt_night@daystart 0']  v24 0 []  minor 0 []  ambient 5
Day  90  major 0 []  v24 0 []  minor 0 []  ambient 6
Day  91  major 1 ['★dylan_valentine@seat 0.84']  v24 0 []  minor 1 ['★dylan_notices@seat 0.84']  ambient 5
Day  92  major 0 []  v24 0 []  minor 1 ['kd_coaster@lounge 0.72']  ambient 5
Day  93  major 2 ['kd_photo@lounge 0.93', '★ken_samples@close 1.17']  v24 0 []  minor 1 ['★sm_e@collect 0.76']  ambient 6
Day  94  major 1 ['★qt_late@close 1.16']  v24 0 []  minor 0 []  ambient 4
Day  95  major 0 []  v24 0 []  minor 1 ['★qt_photo2@close 1.19']  ambient 8
Day  96  major 0 []  v24 0 []  minor 0 []  ambient 3
Day  97  major 0 []  v24 0 []  minor 0 []  ambient 4
Day  98  major 1 ['★ken_wine@daystart 0']  v24 0 []  minor 0 []  ambient 7
Day  99  major 1 ['★qt_often@close 1.13']  v24 0 []  minor 0 []  ambient 3
Day 100  major 0 []  v24 0 []  minor 1 ['kd_photo2@lounge 0.51']  ambient 10
Day 101  major 0 []  v24 0 []  minor 0 []  ambient 5
Day 102  major 2 ['★du_wine@lounge 0.33', '★dylan_valentine@seat 0.78']  v24 0 []  minor 0 []  ambient 5
Day 103  major 1 ['milestone@close 1.18']  v24 0 []  minor 0 []  ambient 4
Day 104  major 1 ['★dylan_valentine@seat 0.5']  v24 0 []  minor 0 []  ambient 5
Day 105  major 0 []  v24 0 []  minor 0 []  ambient 8
Day 106  major 0 []  v24 0 []  minor 0 []  ambient 5
Day 107  major 0 []  v24 0 []  minor 0 []  ambient 6
Day 108  major 0 []  v24 0 []  minor 0 []  ambient 2
Day 109  major 0 []  v24 0 []  minor 0 []  ambient 5
Day 110  major 0 []  v24 0 []  minor 0 []  ambient 4
Day 111  major 1 ['★dylan_valentine@seat 0.8']  v24 0 []  minor 0 []  ambient 7
Day 112  major 0 []  v24 0 []  minor 0 []  ambient 4
Day 113  major 1 ['★qt_ya@close 1.35']  v24 0 []  minor 1 ['★sm_f@seat 0.39']  ambient 7
Day 114  major 1 ['★dylan_valentine@seat 0.78']  v24 0 []  minor 0 []  ambient 2
Day 115  major 0 []  v24 0 []  minor 0 []  ambient 7
Day 116  major 0 []  v24 0 []  minor 0 []  ambient 2
Day 117  major 1 ['★dylan_valentine@seat 0.77']  v24 0 []  minor 0 []  ambient 5
Day 118  major 1 ['★qt_said@close 1.19']  v24 0 []  minor 0 []  ambient 3
Day 119  major 0 []  v24 0 []  minor 0 []  ambient 7

46 days: major 35, v24 6, minor 13, ambient 228; held the restaurant 40
page errors: []
46 days in 136s
EXIT 0
