Day  71  晴+ 拓+ qt_days 11 qt_3 {"n": 1, "miss": 0, "last": 71, "d": 71}  v24:up_hint@served major:qt_3@close ambient:qt_days@dayend
Day  72  晴+ 拓+ qt_days 12 qt_3 {"n": 1, "miss": 0, "last": 71, "d": 71}  major:sm_c@seat v24:wall_setback@seat ambient:qt_days@dayend
Day  73  晴+ 拓+ qt_days 13 qt_3 {"n": 1, "miss": 0, "last": 71, "d": 71}  major:lin_gift@collect v24:up_staff@close ambient:qt_days@dayend
Day  74  晴+ 拓+ qt_days 14 qt_3 {"n": 1, "miss": 0, "last": 71, "d": 71}  minor:dylan_notices@seat ambient:qt_days@dayend
Day  75  晴+ 拓+ qt_days 15 qt_3 {"n": 1, "miss": 0, "last": 71, "d": 71}  major:wall_report@seat ambient:qt_extra@close ambient:qt_days@dayend
Day  76  晴+ 拓+ qt_days 16 qt_3 {"n": 1, "miss": 0, "last": 71, "d": 71}  v24:wall_fee@seat minor:kd_evan_1@lounge minor:kd_usual@lounge ambient:qt_days@dayend
Day  77  晴+ 拓+ qt_days 17 qt_3 {"n": 1, "miss": 0, "last": 71, "d": 71}  major:kd_photo@lounge minor:evan_origin@lounge ambient:qt_days@dayend
Day  78  晴+ 拓- qt_days 17 qt_3 {"n": 1, "miss": 0, "last": 71, "d": 71}  minor:kd_qing@lounge minor:qt_absence@order v24:wall_prep@close
Day  79  晴+ 拓+ qt_days 18 qt_3 {"n": 1, "miss": 0, "last": 71, "d": 71}  ambient:qt_days@dayend
Day  80  晴+ 拓+ qt_days 19 qt_3 {"n": 1, "miss": 0, "last": 71, "d": 71}  ambient:qt_days@dayend
Day  81  晴+ 拓+ qt_days 20 qt_3 {"n": 1, "miss": 0, "last": 71, "d": 71}  ambient:qt_extra@close ambient:qt_days@dayend
Day  82  晴+ 拓+ qt_days 21 qt_3 {"n": 1, "miss": 0, "last": 71, "d": 71}  major:qt_photo@close v24:up_remind@close ambient:qt_days@dayend
Day  83  晴+ 拓+ qt_days 22 qt_3 {"n": 1, "miss": 0, "last": 71, "d": 71}  v24:wall_paper@seat ambient:qt_days@dayend
Day  84  晴+ 拓+ qt_days 23 qt_3 {"n": 1, "miss": 0, "last": 71, "d": 71}  v24:wall_article@seat major:sm_d@seat minor:kd_coaster@lounge ambient:qt_days@dayend
Day  85  晴+ 拓+ qt_days 24 qt_3 {"n": 1, "miss": 0, "last": 71, "d": 71}  major:up_ask@close ambient:qt_extra@close ambient:qt_days@dayend
Day  86  晴+ 拓+ qt_days 25 qt_3 {"n": 1, "miss": 0, "last": 71, "d": 71}  ambient:qt_days@dayend
Day  87  晴+ 拓+ qt_days 26 qt_3 {"n": 1, "miss": 0, "last": 71, "d": 71}  ambient:qt_days@dayend
Day  88  晴+ 拓+ qt_days 27 qt_3 {"n": 1, "miss": 0, "last": 71, "d": 71}  minor:sm_e@collect ambient:qt_days@dayend
Day  89  晴+ 拓+ qt_days 28 qt_3 {"n": 1, "miss": 0, "last": 71, "d": 71}  v24:up_busy@served ambient:qt_days@dayend
Day  90  晴+ 拓+ qt_days 29 qt_3 {"n": 1, "miss": 0, "last": 71, "d": 71}  minor:qt_photo2@close ambient:qt_extra@close ambient:qt_days@dayend
page errors: []
20 days in 85s
