Day  53 sr0 pd0        | staff most 0 brk 0 cat 0 | pd - walk 0 other 0 n 0 | net 68,943 money 242,003 |  
Day  54 sr0 pd0        | staff most 0 brk 0 cat 0 | pd - walk 0 other 0 n 0 | net 38,450 money 280,753 |  
Day  55 sr0 pd0        | staff most 0 brk 0 cat 0 | pd - walk 0 other 0 n 0 | net 33,985 money 314,738 |  
Day  56 sr0 pd0        | staff most 0 brk 0 cat 0 | pd - walk 0 other 0 n 0 | net 37,706 money 352,444 |  
Day  57 sr0 pd0        | staff most 0 brk 0 cat 0 | pd - walk 0 other 0 n 0 | net 66,314 money 418,758 |  offer:lounge
Day  58 sr0 pd0        | staff most 0 brk 0 cat 0 | pd - walk 0 other 0 n 0 | net 63,315 money 482,073 |  
Day  59 sr0 pd0        | staff most 0 brk 0 cat 0 | pd - walk 0 other 0 n 0 | net 23,042 money 505,415 |  
Day  60 sr0 pd0        | staff most 0 brk 0 cat 0 | pd - walk 0 other 0 n 0 | net 44,684 money 550,099 |  
Day  61 sr0 pd0        | staff most 0 brk 0 cat 0 | pd - walk 0 other 0 n 0 | net 19,893 money 569,992 |  
Day  62 sr0 pd0        | staff most 0 brk 0 cat 0 | pd - walk 0 other 0 n 0 | net 28,555 money 598,547 |  
Day  63 sr0 pd0        | staff most 0 brk 0 cat 0 | pd - walk 0 other 0 n 0 | net 29,535 money 627,782 |  
Day  64 sr0 pd0        | staff most 0 brk 0 cat 0 | pd - walk 0 other 0 n 0 | net 42,484 money 670,266 |  
Day  65 sr0 pd0        | staff most 0 brk 0 cat 0 | pd - walk 0 other 0 n 0 | net 30,622 money 700,588 |  
Day  66 sr0 pd0        | staff most 0 brk 0 cat 0 | pd - walk 0 other 0 n 0 | net 54,857 money 755,445 |  
Day  67 sr0 pd0        | staff most 0 brk 0 cat 0 | pd - walk 0 other 0 n 0 | net 71,188 money 826,933 |  
Day  68 sr0 pd0        | staff most 0 brk 0 cat 0 | pd - walk 0 other 0 n 0 | net 45,478 money 872,411 |  
Day  69 sr0 pd0        | staff most 0 brk 0 cat 0 | pd - walk 0 other 0 n 0 | net 63,969 money 936,380 |  
Day  70 sr0 pd0        | staff most 0 brk 0 cat 0 | pd - walk 0 other 0 n 0 | net 44,806 money 981,186 |  
Day  71 sr0 pd0        | staff most 0 brk 0 cat 0 | pd - walk 0 other 0 n 0 | net 38,786 money 1,019,972 |  
Day  72 sr0 pd0        | staff most 0 brk 0 cat 0 | pd - walk 0 other 0 n 0 | net 51,247 money 1,071,219 |  
Day  73 sr0 pd0        | staff most 0 brk 0 cat 0 | pd - walk 0 other 0 n 0 | net 39,851 money 1,111,070 |  
Day  74 sr0 pd0        | staff most 0 brk 0 cat 0 | pd - walk 0 other 0 n 0 | net 40,899 money 1,151,969 |  
Day  75 sr0 pd0        | staff most 0 brk 0 cat 0 | pd - walk 0 other 0 n 0 | net 30,949 money 1,182,918 |  
Day  76 sr0 pd0        | staff most 0 brk 0 cat 0 | pd - walk 0 other 0 n 0 | net 43,870 money 1,226,788 |  
Day  77 sr0 pd0        | staff most 0 brk 0 cat 0 | pd - walk 0 other 0 n 0 | net 51,481 money 1,278,269 |  
Day  78 sr0 pd0        | staff most 0 brk 0 cat 0 | pd - walk 0 other 0 n 0 | net 61,804 money 1,340,073 |  
Day  79 sr0 pd0        | staff most 0 brk 0 cat 0 | pd - walk 0 other 0 n 0 | net 64,195 money 1,404,268 |  
Day  80 sr0 pd0        | staff most 0 brk 0 cat 0 | pd - walk 0 other 0 n 0 | net 62,853 money 1,467,121 |  
Day  81 sr0 pd0        | staff most 0 brk 0 cat 0 | pd - walk 0 other 0 n 0 | net 45,995 money 1,513,416 |  
Day  82 sr0 pd0        | staff most 0 brk 0 cat 0 | pd - walk 0 other 0 n 0 | net 43,492 money 1,556,908 | wall_settle 
Day  83 sr0 pd0        | staff most 0 brk 0 cat 0 | pd - walk 0 other 0 n 0 | net 43,290 money 1,600,198 |  
Day  84 sr0 pd0        | staff most 0 brk 0 cat 0 | pd - walk 0 other 0 n 0 | net 35,806 money 1,636,004 |  
Day  85 sr0 pd0        | staff most 0 brk 0 cat 0 | pd - walk 0 other 0 n 0 | net 48,253 money 1,684,257 |  
Day  86 sr0 pd0        | staff most 0 brk 0 cat 0 | pd - walk 0 other 0 n 0 | net 12,489 money 1,697,046 | up_hint 
Day  87 sr0 pd0        | staff most 0 brk 0 cat 0 | pd - walk 0 other 0 n 0 | net 28,141 money 1,725,187 |  
Day  88 sr0 pd0        | staff most 0 brk 0 cat 0 | pd - walk 0 other 0 n 0 | net 20,542 money 1,746,029 |  
Day  89 sr0 pd0        | staff most 0 brk 0 cat 0 | pd - walk 0 other 0 n 0 | net 36,661 money 1,782,690 | up_inspect 
Day  90 sr0 pd0        | staff most 0 brk 0 cat 0 | pd - walk 0 other 0 n 0 | net 70,885 money 1,853,575 |  
Day  91 sr0 pd0        | staff most 0 brk 0 cat 0 | pd - walk 0 other 0 n 0 | net 35,292 money 1,888,867 |  
Day  92 sr0 pd0        | staff most 0 brk 0 cat 0 | pd - walk 0 other 0 n 0 | net 55,853 money 1,945,020 | up_cats 
Day  93 sr0 pd0        | staff most 0 brk 0 cat 0 | pd - walk 0 other 0 n 0 | net 36,050 money 1,981,070 | sp_wait 
Day  94 sr0 pd0        | staff most 0 brk 0 cat 0 | pd - walk 0 other 0 n 0 | net 43,619 money 2,024,689 |  
Day  95 sr0 pd0        | staff most 0 brk 0 cat 0 | pd - walk 0 other 0 n 0 | net 10,981 money 2,035,670 |  
Day  96 sr0 pd0        | staff most 0 brk 0 cat 0 | pd - walk 0 other 0 n 0 | net 45,138 money 2,080,808 |  
Day  97 sr0 pd0        | staff most 0 brk 0 cat 0 | pd - walk 0 other 0 n 0 | net 54,419 money 2,135,227 |  
Day  98 sr0 pd0        | staff most 0 brk 0 cat 0 | pd - walk 0 other 0 n 0 | net 67,101 money 2,202,328 | up_ask offer:up
Day  99 sr0 pd0 up     | staff most 0 brk 0 cat 0 | pd - walk 0 other 0 n 0 | net 45,288 money 1,897,616 |  
Day 100 sr0 pd0        | staff most 0 brk 0 cat 0 | pd - walk 0 other 0 n 0 | net 51,019 money 1,948,635 | up_use 
Day 101 sr0 pd0        | staff most 0 brk 0 cat 0 | pd - walk 0 other 0 n 0 | net 24,162 money 1,972,797 |  
Day 102 sr0 pd0        | staff most 0 brk 0 cat 0 | pd - walk 0 other 0 n 0 | net 71,287 money 2,044,084 |  
Day 103 sr0 pd0        | staff most 0 brk 0 cat 0 | pd - walk 0 other 0 n 0 | net 57,840 money 2,101,924 |  
Day 104 sr0 pd0        | staff most 0 brk 0 cat 0 | pd - walk 0 other 0 n 0 | net 34,557 money 2,136,481 |  
Day 105 sr0 pd0        | staff most 0 brk 0 cat 0 | pd - walk 0 other 0 n 0 | net 58,697 money 2,194,878 | sr_story offer:sr
Day 106 sr1 pd0 sr1    | staff most 4 brk 1 cat 0 | pd - walk 0 other 0 n 0 | net 69,818 money 2,104,696 | sr_first 
Day 107 sr1 pd0        | staff most 4 brk 1 cat 1 | pd - walk 0 other 0 n 0 | net 39,340 money 2,144,036 | sr_plug 
Day 108 sr1 pd0        | staff most 4 brk 1 cat 0 | pd - walk 0 other 0 n 0 | net 54,583 money 2,198,619 |  
Day 109 sr1 pd0        | staff most 4 brk 1 cat 0 | pd - walk 0 other 0 n 0 | net 52,214 money 2,251,133 |  
Day 110 sr1 pd0        | staff most 4 brk 0 cat 0 | pd - walk 0 other 0 n 0 | net 37,309 money 2,288,442 |  
Day 111 sr1 pd0        | staff most 4 brk 1 cat 1 | pd - walk 0 other 0 n 0 | net 54,487 money 2,342,929 | pd_yj 
Day 112 sr2 pd0 sr2    | staff most 5 brk 1 cat 0 | pd - walk 0 other 0 n 0 | net 62,214 money 2,335,143 | sr_food 
Day 113 sr2 pd0        | staff most 5 brk 1 cat 0 | pd - walk 0 other 0 n 0 | net 64,897 money 2,400,040 |  
Day 114 sr2 pd0        | staff most 5 brk 1 cat 1 | pd - walk 0 other 0 n 0 | net 49,667 money 2,449,707 | sr_plug2 pd_other 
Day 115 sr2 pd0        | staff most 5 brk 0 cat 0 | pd - walk 0 other 0 n 0 | net 65,008 money 2,514,715 |  
Day 116 sr2 pd0        | staff most 5 brk 0 cat 0 | pd - walk 0 other 0 n 0 | net 47,484 money 2,562,199 | pd_story offer:pd
Day 117 sr2 pd1 pd1    | staff most 5 brk 0 cat 0 | pd res 6p min 2900 ate 4295 done walk 0 other 0 n 1 | net 71,378 money 2,393,577 |  
Day 118 sr2 pd1        | staff most 5 brk 0 cat 0 | pd - walk 1 other 0 n 2 | net 46,621 money 2,440,198 |  
Day 119 sr2 pd1        | staff most 5 brk 0 cat 0 | pd res 5p min 2600 ate 2530 done walk 0 other 0 n 3 | net 43,107 money 2,483,305 |  
Day 120 sr3 pd1 sr3    | staff most 6 brk 0 cat 0 | pd story {"k": "pd_back", "status": "done"} walk 0 other 0 n 4 | net 25,407 money 2,419,012 | sr_fridge pd_back 
Day 121 sr3 pd1        | staff most 6 brk 1 cat 0 | pd - walk 1 other 0 n 5 | net 24,580 money 2,443,592 |  
Day 122 sr3 pd1        | staff most 6 brk 0 cat 0 | pd res 6p min 3400 ate 3505 done walk 0 other 0 n 6 | net 49,411 money 2,493,303 |  
Day 123 sr3 pd1        | staff most 6 brk 0 cat 0 | pd res 5p min 2900 ate 2365 done walk 0 other 0 n 7 | net 49,526 money 2,542,829 |  
Day 124 sr3 pd2 pd2    | staff most 6 brk 1 cat 0 | pd - walk 1 other 0 n 8 | net 38,335 money 2,461,464 |  
Day 125 sr3 pd2        | staff most 6 brk 0 cat 0 | pd res 4p min 1800 ate 1970 done walk 0 other 0 n 9 | net 42,406 money 2,503,870 |  
Day 126 sr3 pd2        | staff most 6 brk 1 cat 1 | pd res 5p min 2800 ate 2200 done walk 0 other 0 n 10 | net 36,006 money 2,540,176 |  
Day 127 sr3 pd2        | staff most 6 brk 0 cat 1 | pd - walk 1 other 0 n 11 | net 43,317 money 2,583,493 |  
Day 128 sr3 pd2        | staff most 6 brk 1 cat 0 | pd res 4p min 1800 ate 1545 done walk 0 other 0 n 12 | net 37,046 money 2,620,539 |  
Day 129 sr3 pd2        | staff most 6 brk 1 cat 1 | pd - walk 1 other 0 n 13 | net 40,680 money 2,661,219 | sr_nina 
Day 130 sr3 pd2        | staff most 6 brk 1 cat 0 | pd res 5p min 3100 ate 3715 done walk 0 other 0 n 14 | net 30,408 money 2,691,627 |  
Day 131 sr3 pd2        | staff most 6 brk 0 cat 0 | pd res 8p min 4800 ate 5375 done walk 0 other 0 n 15 | net 38,369 money 2,729,996 |  
Day 132 sr3 pd2        | staff most 6 brk 1 cat 1 | pd - walk 1 other 0 n 16 | net 24,709 money 2,754,705 |  
Day 133 sr3 pd3 pd3    | staff most 6 brk 1 cat 0 | pd res 5p min 2900 ate 2855 done walk 0 other 0 n 17 | net 38,390 money 2,633,395 |  
Day 134 sr3 pd3        | staff most 6 brk 1 cat 0 | pd res 8p min 4700 ate 4850 done walk 0 other 0 n 18 | net 62,633 money 2,696,028 |  
Day 135 sr3 pd3        | staff most 6 brk 1 cat 0 | pd - walk 1 other 0 n 19 | net 38,543 money 2,734,571 |  
Day 136 sr3 pd3        | staff most 6 brk 1 cat 0 | pd res 4p min 1800 ate 2955 done walk 0 other 0 n 20 | net 28,191 money 2,762,762 |  
Day 137 sr3 pd3        | staff most 6 brk 0 cat 1 | pd - walk 1 other 0 n 21 | net 33,590 money 2,796,352 |  
Day 138 sr3 pd3        | staff most 6 brk 1 cat 1 | pd res 5p min 3100 ate 2465 done walk 0 other 0 n 22 | net 81,850 money 2,878,202 |  
Day 139 sr3 pd3        | staff most 6 brk 1 cat 0 | pd res 4p min 1700 ate 2275 done walk 0 other 0 n 23 | net 67,881 money 2,946,083 |  
Day 140 sr3 pd3        | staff most 6 brk 1 cat 0 | pd res 5p min 2900 ate 3120 done walk 0 other 0 n 24 | net 35,885 money 2,982,268 |  
Day 141 sr3 pd3        | staff most 6 brk 1 cat 0 | pd res 7p min 4200 ate 4950 done walk 0 other 0 n 25 | net 45,536 money 3,027,804 |  
Day 142 sr3 pd3        | staff most 6 brk 1 cat 0 | pd res 6p min 3300 ate 3440 done walk 0 other 0 n 26 | net 47,029 money 3,075,133 |  
Day 143 sr3 pd3        | staff most 6 brk 1 cat 1 | pd - walk 1 other 0 n 27 | net 27,971 money 3,103,104 |  
Day 144 sr3 pd3        | staff most 6 brk 1 cat 1 | pd res 9p min 4900 ate 4550 done walk 0 other 0 n 28 | net 26,472 money 3,129,576 |  
Day 145 sr3 pd3        | staff most 6 brk 1 cat 1 | pd - walk 1 other 0 n 29 | net 63,763 money 3,193,039 |  
Day 146 sr3 pd3        | staff most 6 brk 1 cat 0 | pd res 4p min 2000 ate 1760 done walk 0 other 0 n 30 | net 49,452 money 3,242,491 |  
Day 147 sr3 pd3        | staff most 6 brk 0 cat 0 | pd res 6p min 3600 ate 4240 done walk 0 other 0 n 31 | net 38,692 money 3,281,183 |  
Day 148 sr3 pd3        | staff most 6 brk 1 cat 0 | pd res 5p min 3000 ate 3155 done walk 0 other 0 n 32 | net 41,224 money 3,322,407 |  
Day 149 sr3 pd3        | staff most 6 brk 1 cat 0 | pd res 8p min 4800 ate 6330 done walk 0 other 0 n 33 | net 43,196 money 3,365,903 |  
Day 150 sr3 pd3        | staff most 6 brk 1 cat 0 | pd res 6p min 3600 ate 3345 done walk 0 other 0 n 34 | net 56,092 money 3,421,995 |  
Day 151 sr3 pd3        | staff most 6 brk 1 cat 1 | pd - walk 0 other 0 n 34 | net 64,488 money 3,486,483 |  
Day 152 sr3 pd3        | staff most 6 brk 1 cat 0 | pd res 5p min 3000 ate 2745 done walk 0 other 0 n 35 | net 49,097 money 3,535,580 |  

the floor leased on Day 98; first day of each beat (days after the lease):
  wall_settle 82  (+-16)
  up_hint    86  (+-12)
  up_inspect 89  (+-9)
  up_cats    92  (+-6)
  up_ask     98  (+0)
  up_lease   98  (+0)
  up_use     100  (+2)
  sp_wait    93  (+-5)
  sr_story   105  (+7)
  sr_build   105  (+7)
  sr_first   106  (+8)
  sr_plug    107  (+9)
  sr_plug2   114  (+16)
  sr_food    112  (+14)
  sr_fridge  120  (+22)
  sr_nina    129  (+31)
  pd_yj      111  (+13)
  pd_other   114  (+16)
  pd_story   116  (+18)
  pd_build   116  (+18)
  pd_back    120  (+22)
bought: [(98, 'up'), (105, 'sr1'), (111, 'sr2'), (116, 'pd1'), (119, 'sr3'), (123, 'pd2'), (132, 'pd3')]

the Private Dining Room by phase:
  phase 1: 7 evenings, booked 4 (57%), paid 4, story evenings 1, longest run without a booking 1; minimum avg $2,950 vs eaten avg $3,174; topped up 2× ($605); walk-in parties 2, other parties of 4+ 0
  phase 2: 9 evenings, booked 5 (56%), paid 5, story evenings 0, longest run without a booking 1; minimum avg $2,860 vs eaten avg $2,961; topped up 2× ($855); walk-in parties 4, other parties of 4+ 0
  phase 3: 20 evenings, booked 15 (75%), paid 15, story evenings 0, longest run without a booking 1; minimum avg $3,300 vs eaten avg $3,536; topped up 6× ($1,780); walk-in parties 4, other parties of 4+ 0
more than one major in a day: []
the Staff Room: 47 evenings; people up there at once avg 5.6, evenings with a break 33, with a cat 13
net per day avg $45,489; money 242,003 → 3,535,580
page errors: []
100 days in 320s
