Day  71  rain   fam [6, 2]  seen ['mia', 'sophie'] sat ['mia@side:200', 'sophie@main:200'] major 1 miss {}  up_hint sp_seat
Day  72  rain   fam [6, 2]  seen ['mia', 'sophie'] sat ['mia@side:110', 'sophie@side:120'] major 1 miss {}  wall_setback
Day  73  sun    fam [6, 2]  seen ['sophie', 'mia', 'n:怡君'] sat ['sophie@main:100', 'mia@main:100'] major 1 miss {}  up_staff
Day  74  storm  fam [6, 2]  seen ['sophie', 'mia', 'wang'] sat ['sophie@lounge:160', 'wang@front:180', 'mia@main:190'] major 0 miss {'sp_box': 1}  sp_stuff
Day  75  sun    fam [6, 2]  seen ['sophie', 'mia', 'n:怡君', 'wang'] sat ['sophie@main:110', 'mia@side:120', 'wang@lounge:140'] major 1 miss {'up_inspect': 1, 'sp_box': 1}  wall_report
Day  76  rain   fam [6, 2]  seen ['n:怡君', 'wang'] sat ['wang@main:60'] major 1 miss {}  wall_fee up_inspect sp_box
Day  77  rain   fam [6, 2]  seen ['wang', 'mia', 'sophie'] sat ['wang@front:50', 'mia@lounge:160', 'sophie@main:180'] major 1 miss {}  
Day  78  rain   fam [6, 2]  seen ['wang'] sat ['wang@front:190'] major 0 miss {}  wall_prep
Day  79  storm  fam [6, 2]  seen ['sophie', 'mia'] sat ['sophie@side:140', 'mia@lounge:150'] major 1 miss {}  up_door up_cats
Day  80  hot    fam [6, 2]  seen ['mia', 'sophie', 'wang'] sat ['mia@side:60', 'sophie@side:70', 'wang@main:120'] major 0 miss {}  
Day  81  cloud  fam [6, 2]  seen ['sophie', 'mia'] sat ['sophie@main:110', 'mia@main:110'] major 1 miss {}  wall_mediation wall_settle up_full
Day  82  sun    fam [6, 2]  seen ['wang', 'mia'] sat ['wang@front:130', 'mia@side:150'] major 1 miss {}  up_small up_remind
Day  83  sun    fam [6, 2]  seen ['mia', 'wang', 'sophie'] sat ['mia@front:140', 'wang@lounge:140', 'sophie@main:170'] major 0 miss {}  wall_paid wall_paper up_quiet
Day  84  storm  fam [6, 2]  seen ['sophie', 'n:怡君', 'mia', 'wang'] sat ['sophie@side:60', 'mia@side:70', 'wang@front:110'] major 1 miss {'up_ask': 1}  wall_article
Day  85  rain   fam [6, 2]  seen ['wang'] sat ['wang@front:130'] major 1 miss {}  up_ask
Day  86  sun    fam [6, 2]  seen ['sophie', 'mia', 'wang'] sat ['sophie@main:110', 'mia@main:120', 'wang@lounge:150'] major 0 miss {}  up_leak
Day  87  rain   fam [6, 2]  seen [] sat [] major 0 miss {}  
Day  88  sun    fam [6, 2]  seen ['sophie', 'mia', 'wang'] sat ['sophie@side:110', 'mia@side:110', 'wang@lounge:160'] major 0 miss {}  wall_fixed
Day  89  sun    fam [6, 2]  seen ['wang', 'mia'] sat ['wang@lounge:140', 'mia@lounge:140'] major 0 miss {}  up_busy
Day  90  cool   fam [6, 2]  seen ['sophie', 'mia', 'wang'] sat ['sophie@main:50', 'mia@main:50', 'wang@side:180'] major 0 miss {}  
Day  91  hot    fam [6, 2]  seen ['sophie', 'mia'] sat ['sophie@main:140', 'mia@main:150'] major 0 miss {}  
Day  92  rain   fam [6, 2]  seen [] sat [] major 0 miss {}  
Day  93  storm  fam [6, 2]  seen ['wang'] sat ['wang@front:180'] major 0 miss {}  
Day  94  rain   fam [6, 2]  seen ['wang', 'sophie', 'mia'] sat ['wang@main:50', 'sophie@lounge:180', 'mia@main:190'] major 0 miss {}  
Day  95  rain   fam [6, 2]  seen ['sophie', 'mia', 'wang'] sat ['sophie@main:50', 'mia@main:50', 'wang@front:180'] major 0 miss {}  
Day  96  cool   fam [6, 2]  seen ['wang'] sat ['wang@main:80'] major 0 miss {}  
Day  97  sun    fam [6, 2]  seen [] sat [] major 0 miss {}  
Day  98  rain   fam [6, 2]  seen ['mia'] sat ['mia@side:120'] major 0 miss {}  
Day  99  rain   fam [6, 2]  seen ['mia', 'sophie'] sat ['mia@side:30', 'sophie@side:40'] major 1 miss {}  
Day 100  rain   fam [6, 2]  seen ['wang', 'sophie'] sat ['wang@front:50', 'sophie@side:170'] major 0 miss {}  

first day each beat happened:
  yj_meet          54
  yj_look          55
  yj_three         58
  yj_chose         59
  yj_move          61
  yj_key           63
  yj_key_seen      63
  xq_oh            None
  wall_worry       65
  wall_call        65
  wall_photos      66
  wall_jill        66
  wall_visit       69
  wall_wang        70
  wall_setback     72
  wall_report      75
  wall_fee         76
  wall_prep        78
  wall_mediation   81
  wall_settle      81
  wall_paid        83
  wall_article     84
  wall_paper       83
  wall_fixed       88
  up_hint          71
  up_staff         73
  up_inspect       76
  up_door          79
  up_cats          79
  sp_seat          71
  sp_box           76
  sp_stuff         74
  up_busy          89
  up_full          81
  up_small         82
  up_quiet         83
  up_remind        82
  up_ask           85
  up_leak          86
  up_lease         None
  up_use           None
  up_late          None
eras open: {'yj': 53, 'wall': 65, 'up': 59, 'dorm': {}}
major beats per day (last 40 in the trace): {99: ['sophie_mei_4']}
more than one major in a day: []
page errors: []
30 days in 127s
