Day  61 sr0 pd0        | staff most 0 brk 0 cat 0 | pd - walk 0 other 0 n 0 | net 58,789 money 149,569 | sp_wait 
Day  62 sr0 pd0        | staff most 0 brk 0 cat 0 | pd - walk 0 other 0 n 0 | net 53,987 money 203,556 |  
Day  63 sr0 pd0        | staff most 0 brk 0 cat 0 | pd - walk 0 other 0 n 0 | net 66,881 money 270,437 |  
Day  64 sr0 pd0        | staff most 0 brk 0 cat 0 | pd - walk 0 other 0 n 0 | net 50,875 money 321,312 |  
Day  65 sr0 pd0        | staff most 0 brk 0 cat 0 | pd - walk 0 other 0 n 0 | net 68,792 money 390,104 |  
Day  66 sr0 pd0        | staff most 0 brk 0 cat 0 | pd - walk 0 other 0 n 0 | net 37,600 money 428,004 |  
Day  67 sr0 pd0        | staff most 0 brk 0 cat 0 | pd - walk 0 other 0 n 0 | net 52,866 money 480,870 | sr_story offer:sr
Day  68 sr1 pd0 sr1    | staff most 5 brk 1 cat 0 | pd - walk 0 other 0 n 0 | net 48,133 money 369,003 | sr_first 
Day  69 sr1 pd0        | staff most 4 brk 0 cat 1 | pd - walk 0 other 0 n 0 | net 46,825 money 415,828 | sr_plug 
Day  70 sr1 pd0        | staff most 4 brk 0 cat 0 | pd - walk 0 other 0 n 0 | net 52,955 money 468,483 |  
Day  71 sr1 pd0        | staff most 5 brk 0 cat 0 | pd - walk 0 other 0 n 0 | net 44,100 money 512,583 |  
Day  72 sr1 pd0        | staff most 4 brk 1 cat 0 | pd - walk 0 other 0 n 0 | net 60,416 money 573,299 |  
Day  73 sr1 pd0        | staff most 5 brk 0 cat 0 | pd - walk 0 other 0 n 0 | net 63,645 money 636,944 | pd_yj 
Day  74 sr2 pd0 sr2    | staff most 5 brk 1 cat 0 | pd - walk 0 other 0 n 0 | net 71,248 money 638,192 | sr_plug2 
Day  75 sr2 pd0        | staff most 6 brk 0 cat 0 | pd - walk 0 other 0 n 0 | net 65,567 money 704,059 |  
Day  76 sr2 pd0        | staff most 5 brk 0 cat 1 | pd - walk 0 other 0 n 0 | net 65,356 money 769,415 | pd_other 
Day  77 sr2 pd0        | staff most 6 brk 0 cat 0 | pd - walk 0 other 0 n 0 | net 54,857 money 824,272 |  
Day  78 sr2 pd0        | staff most 5 brk 0 cat 0 | pd - walk 0 other 0 n 0 | net 68,186 money 892,458 |  
Day  79 sr2 pd0        | staff most 6 brk 1 cat 0 | pd - walk 0 other 0 n 0 | net 68,077 money 960,535 | sr_food pd_story offer:pd
Day  80 sr2 pd1 pd1    | staff most 6 brk 1 cat 0 | pd res 4p min 1600 ate 1950 done walk 0 other 0 n 1 | net 63,117 money 783,652 |  
Day  81 sr2 pd1        | staff most 5 brk 0 cat 1 | pd - walk 0 other 0 n 1 | net 44,262 money 828,214 |  
Day  82 sr3 pd1 sr3    | staff most 7 brk 0 cat 0 | pd res 5p min 2900 ate 2255 done walk 0 other 0 n 2 | net 29,738 money 767,952 | sr_fridge 
Day  83 sr3 pd1        | staff most 6 brk 1 cat 0 | pd story {"k": "pd_back", "status": "done"} walk 0 other 0 n 3 | net 32,062 money 800,314 | pd_back 
Day  84 sr3 pd1        | staff most 7 brk 0 cat 0 | pd - walk 0 other 0 n 3 | net 67,753 money 868,067 | sr_nina 
Day  85 sr3 pd1        | staff most 6 brk 1 cat 0 | pd - walk 0 other 0 n 3 | net 59,397 money 927,464 |  
Day  86 sr3 pd1        | staff most 7 brk 0 cat 1 | pd - walk 1 other 0 n 4 | net 55,700 money 983,164 |  
Day  87 sr3 pd2 pd2    | staff most 6 brk 1 cat 0 | pd res 6p min 3500 ate 4630 done walk 0 other 0 n 5 | net 46,780 money 909,944 |  
Day  88 sr3 pd2        | staff most 7 brk 1 cat 0 | pd res 4p min 1700 ate 2235 done walk 0 other 0 n 6 | net 40,413 money 950,657 |  
Day  89 sr3 pd2        | staff most 6 brk 1 cat 0 | pd - walk 1 other 0 n 7 | net 72,226 money 1,022,883 |  
Day  90 sr3 pd2        | staff most 6 brk 1 cat 1 | pd res 4p min 1900 ate 2770 done walk 0 other 0 n 8 | net 56,702 money 1,079,285 |  
Day  91 sr3 pd2        | staff most 7 brk 1 cat 0 | pd - walk 1 other 0 n 9 | net 58,304 money 1,137,589 |  
Day  92 sr3 pd2        | staff most 6 brk 0 cat 0 | pd res 7p min 4300 ate 3825 done walk 0 other 0 n 10 | net 49,060 money 1,186,649 |  
Day  93 sr3 pd2        | staff most 7 brk 0 cat 0 | pd - walk 0 other 0 n 10 | net 73,671 money 1,260,320 |  
Day  94 sr3 pd2        | staff most 6 brk 1 cat 0 | pd - walk 1 other 0 n 11 | net 78,509 money 1,338,829 |  
Day  95 sr3 pd2        | staff most 7 brk 1 cat 0 | pd res 8p min 4700 ate 5060 done walk 0 other 0 n 12 | net 40,345 money 1,379,174 |  
Day  96 sr3 pd3 pd3    | staff most 6 brk 0 cat 0 | pd res 5p min 2900 ate 2255 done walk 0 other 0 n 13 | net 53,723 money 1,272,897 |  
Day  97 sr3 pd3        | staff most 7 brk 1 cat 1 | pd res 7p min 4500 ate 3930 done walk 0 other 0 n 14 | net 37,557 money 1,310,154 |  
Day  98 sr3 pd3        | staff most 6 brk 1 cat 0 | pd res 4p min 1900 ate 1865 done walk 0 other 0 n 15 | net 62,485 money 1,372,639 |  
Day  99 sr3 pd3        | staff most 7 brk 1 cat 0 | pd - walk 0 other 0 n 15 | net 76,097 money 1,449,036 |  
Day 100 sr3 pd3        | staff most 6 brk 1 cat 1 | pd res 9p min 5600 ate 6835 done walk 0 other 0 n 16 | net 65,008 money 1,514,044 |  
Day 101 sr3 pd3        | staff most 7 brk 1 cat 1 | pd - walk 1 other 0 n 17 | net 70,268 money 1,584,312 |  
Day 102 sr3 pd3        | staff most 6 brk 0 cat 0 | pd - walk 1 other 0 n 18 | net 72,561 money 1,656,873 |  
Day 103 sr3 pd3        | staff most 7 brk 1 cat 0 | pd res 6p min 3900 ate 3500 done walk 0 other 0 n 19 | net 75,207 money 1,731,780 |  
Day 104 sr3 pd3        | staff most 6 brk 1 cat 1 | pd res 5p min 3100 ate 4450 done walk 0 other 0 n 20 | net 46,751 money 1,778,531 |  
Day 105 sr3 pd3        | staff most 7 brk 0 cat 0 | pd res 7p min 4300 ate 4355 done walk 0 other 0 n 21 | net 43,827 money 1,822,058 |  
Day 106 sr3 pd3        | staff most 6 brk 1 cat 0 | pd res 6p min 3800 ate 3200 done walk 0 other 0 n 22 | net 57,342 money 1,879,400 |  
Day 107 sr3 pd3        | staff most 7 brk 1 cat 1 | pd - walk 1 other 0 n 23 | net 66,130 money 1,945,530 |  
Day 108 sr3 pd3        | staff most 6 brk 1 cat 0 | pd res 8p min 4900 ate 5635 done walk 0 other 0 n 24 | net 43,789 money 1,989,319 |  
Day 109 sr3 pd3        | staff most 7 brk 1 cat 0 | pd - walk 1 other 0 n 25 | net 55,657 money 2,044,976 |  
Day 110 sr3 pd3        | staff most 7 brk 1 cat 0 | pd - walk 1 other 0 n 26 | net 61,242 money 2,106,218 |  
Day 111 sr3 pd3        | staff most 6 brk 1 cat 1 | pd res 6p min 3900 ate 4220 done walk 0 other 0 n 27 | net 26,823 money 2,133,041 |  
Day 112 sr3 pd3        | staff most 7 brk 1 cat 0 | pd res 7p min 4300 ate 4050 done walk 0 other 0 n 28 | net 33,554 money 2,166,895 |  
Day 113 sr3 pd3        | staff most 6 brk 0 cat 0 | pd res 5p min 3300 ate 2985 done walk 0 other 0 n 29 | net 26,751 money 2,193,646 |  
Day 114 sr3 pd3        | staff most 7 brk 1 cat 1 | pd res 5p min 3200 ate 3260 done walk 0 other 0 n 30 | net 46,609 money 2,240,255 |  
Day 115 sr3 pd3        | staff most 6 brk 1 cat 0 | pd - walk 1 other 0 n 31 | net 52,350 money 2,292,605 |  
Day 116 sr3 pd3        | staff most 7 brk 1 cat 0 | pd res 4p min 1600 ate 1855 done walk 0 other 0 n 32 | net 69,401 money 2,362,006 |  
Day 117 sr3 pd3        | staff most 6 brk 1 cat 0 | pd res 8p min 4600 ate 5510 done walk 0 other 0 n 33 | net 65,296 money 2,427,302 |  
Day 118 sr3 pd3        | staff most 7 brk 0 cat 0 | pd - walk 1 other 0 n 34 | net 41,652 money 2,468,954 |  
Day 119 sr3 pd3        | staff most 6 brk 1 cat 0 | pd res 6p min 3500 ate 2770 done walk 0 other 0 n 35 | net 79,231 money 2,548,185 |  
Day 120 sr3 pd3        | staff most 6 brk 1 cat 0 | pd res 4p min 1800 ate 2510 done walk 0 other 0 n 36 | net 72,633 money 2,620,818 |  

the floor leased on Day 60; first day of each beat (days after the lease):
  sp_wait    61  (+1)
  sr_story   67  (+7)
  sr_build   67  (+7)
  sr_first   68  (+8)
  sr_plug    69  (+9)
  sr_plug2   74  (+14)
  sr_food    79  (+19)
  sr_fridge  82  (+22)
  sr_nina    84  (+24)
  pd_yj      73  (+13)
  pd_other   76  (+16)
  pd_story   79  (+19)
  pd_build   79  (+19)
  pd_back    83  (+23)
bought: [(67, 'sr1'), (73, 'sr2'), (79, 'pd1'), (81, 'sr3'), (86, 'pd2'), (95, 'pd3')]

the Private Dining Room by phase:
  phase 1: 7 evenings, booked 2 (29%), paid 2, story evenings 1, longest run without a booking 3; minimum avg $2,250 vs eaten avg $2,102; topped up 1× ($645); walk-in parties 1, other parties of 4+ 0
  phase 2: 9 evenings, booked 5 (56%), paid 5, story evenings 0, longest run without a booking 2; minimum avg $3,220 vs eaten avg $3,704; topped up 1× ($475); walk-in parties 3, other parties of 4+ 0
  phase 3: 25 evenings, booked 17 (68%), paid 17, story evenings 0, longest run without a booking 2; minimum avg $3,594 vs eaten avg $3,717; topped up 8× ($3,545); walk-in parties 7, other parties of 4+ 0
more than one major in a day: []
the Staff Room: 53 evenings; people up there at once avg 6.1, evenings with a break 34, with a cat 12
net per day avg $56,152; money 149,569 → 2,620,818
page errors: []
60 days in 226s
