PASS  single_file_in_sync  (1.7s)
PASS  new_game_starts  (1.5s)
PASS  unreadable_save_is_kept  (3.5s)
PASS  jill_evening_life  (29.3s)
PASS  dylan_stays_a_quiet_regular_early_on  (9.0s)
PASS  kitchen_staff_ladder  (1.0s)
PASS  dylan_pays_tidies_and_is_not_staff  (1.1s)
PASS  world_stays_visible_across_days  (66.0s)
PASS  jill_rests_when_staff_cover_the_floor  (192.3s)
PASS  album_notes_and_journal  (389.0s)
PASS  demand_recommendation_staff_v181  (2.9s)
PASS  dylan_is_present_v182  (1.1s)
PASS  economy_ops_duties_and_prices_v182  (2.3s)
PASS  achievements_and_hold_variation_v182  (1.1s)
PASS  save_backup_and_restore  (2.9s)
PASS  mature_save_loads_into_2_0  (34.7s)
PASS  specials_are_a_finer_version_of_a_mastered_dish  (38.6s)
PASS  a1_failed_restock_changes_nothing_and_the_suggestion_holds_still  (3.6s)
PASS  c_restock_shortcuts_respect_both_the_fridge_and_the_money  (3.9s)
PASS  l_m_n_hospitality_set_sales_and_the_weather_suggestion  (6.4s)
PASS  q_portraits_are_one_system_with_a_fallback_and_fit_a_phone  (6.8s)
PASS  q_plus_world_sprites_keep_jill_and_dylan_their_own  (0.9s)
PASS  restaurant_records_are_readable_in_the_journal  (1.9s)
PASS  weather_dish_replaces_a_chosen_dish_when_the_menu_is_full  (3.1s)
PASS  outdoor_area_is_a_project_and_its_tables_are_furniture_and_the_dog_rests_outside  (3.7s)
PASS  hospitality_stays_with_a_guest_from_stranger_to_regular  (11.2s)
PASS  the_players_saves_load_through_a_real_reload  (6.6s)
PASS  stock_suggestion_follows_each_dish_and_counts_the_demand_it_missed  (19.2s)
PASS  a_second_signature_the_dessert_with_its_own_progression  (6.2s)
PASS  named_guests_keep_one_face_and_the_staff_have_theirs  (2.3s)
PASS  sophie_and_baobao_the_arc_runs_on_real_conditions_and_leaves_a_pad_a_fact_and_a_story_photo  (3.6s)
PASS  the_lounge_has_an_origin_ken_wine_a_tasting_and_a_project_that_never_disappears  (6.1s)
PASS  staff_learn_places_coarsely_and_veterans_stay_useful  (8.7s)
PASS  phase8_reviews_say_what_happened_posts_amplify_it_and_a_campaign_is_counted  (3.0s)
PASS  followup_the_manual_describes_the_current_game  (1.3s)
PASS  journal_pages_never_show_undefined  (11.1s)
PASS  dogs_five_kinds_and_the_house_by_the_door  (2.7s)
PASS  window_line_cats_stay_inside_and_in_sight  (16.4s)
PASS  v24_back_of_house_is_a_work_area_and_keeps_its_two  (2.1s)
PASS  v24_legacy_tenure_is_a_class_not_the_days_since_v23  (2.0s)
PASS  v24_story_presence_for_one_day  (9.7s)
PASS  v24_the_first_cleaner_hired_is_her_and_keeps_what_she_knows  (2.3s)
PASS  rc8_the_manual_shows_a_space_once_the_shop_has_it  (3.9s)
PASS  rc8_jill_has_things_to_do_in_her_room  (144.6s)
PASS  rc8_duode_has_no_picture  (2.4s)
PASS  rc84_kens_three_nights_three_pictures  (2.0s)
PASS  rc85_the_rooms_upstairs_are_bought_by_their_buttons  (3.2s)
PASS  v24_the_day_is_held_for_the_beat_its_people_came_for  (2.6s)
PASS  v24_restaurant_and_lounge_staff_are_two_pools_that_never_share_places  (4.4s)
PASS  v24_the_second_floor_is_a_story_before_it_is_a_room  (1.8s)
PASS  v24_the_night_of_the_missing_cats  (94.9s)
PASS  v24_rc6_the_staff_room_comes_from_a_need_and_grows_in_place  (5.2s)
PASS  v24_rc6_private_dining_reservations_follow_the_rules  (5.3s)
PASS  v24_rc6_private_dining_bookings_are_seen_and_grow_with_the_room  (3.1s)
PASS  v24_rc6_the_floor_and_its_rooms_are_tabs  (41.0s)
PASS  v24_rc6_the_floor_is_shown_when_it_changes  (7.1s)
PASS  v24_rc6_the_staff_room_has_a_way_to_every_seat  (10.8s)
PASS  v24_rc6_a_name_finds_its_person_and_a_person_its_name  (16.0s)
PASS  v24_rc6_story_pages_keep_only_their_own_lines  (12.7s)
PASS  v24_rc6_sophie_and_mia_begin  (30.4s)
PASS  v24_rc6_a_booked_party_comes_eats_and_pays  (8.1s)
PASS  v24_rc6_the_private_dining_room_minimum_service_and_long_table  (4.1s)
PASS  v24_rc6_a_regulars_dated_beat_keeps_its_day  (2.0s)
PASS  v24_rc6_stalled_lines_move_on  (5.6s)
PASS  v24_rc7_ken_comes_back_and_proposes_a_tasting  (3.6s)
PASS  v24_rc7_ken_hosts_his_tasting_nights  (24.8s)
PASS  v24_rc7_2_a_story_on_the_summary_opens_its_page  (8.5s)
PASS  v24_rc7_2_the_random_menu  (3.7s)
PASS  v24_rc7_2_the_missing_cats_stop_the_evening  (46.2s)
PASS  v24_rc73_jills_room_is_there_from_day_one  (17.1s)
PASS  v24_rc73_the_evening_is_in_her_room  (47.0s)
PASS  v24_rc73_the_cats_live_between_the_room_and_the_restaurant  (7.6s)
PASS  v24_rc74_favourites_learned_in_play_and_marked_on_the_menu  (3.5s)
PASS  v25_first_photo_a_mature_save_gets_day_one_as_history  (4.2s)
PASS  v24_rc77_the_page_carries_only_the_portraits_the_game_shows  (0.5s)
PASS  v24_rc77_evan_is_behind_the_bar_from_the_first_night  (5.3s)
PASS  v24_rc77_the_lounge_pours_kens_rounds  (14.5s)
PASS  v24_rc77_kens_share_of_a_tasting_night  (12.6s)
PASS  v24_rc8_the_restaurants_three_lists_and_the_lounges_one  (63.8s)
PASS  v24_rc8_the_signing_the_work_and_the_opening  (22.0s)
PASS  qa_a_late_day_by_taps_from_prep_to_the_next_prep  (254.0s)
PASS  qa_every_button_in_the_shop_does_something  (83.7s)
PASS  qa_restock_says_why_it_cannot  (3.4s)
PASS  qa_a_held_story_survives_leaving_the_app  (122.0s)
PASS  qa_the_screens_fit_375_390_430  (177.2s)
PASS  qa_every_tab_reaches_by_finger  (19.9s)
PASS  qa_the_album_counts_all_five_cats  (2.1s)
PASS  qa_photos_of_jills_room_are_taken_in_her_room  (1.5s)
PASS  qa_the_first_two_days_say_the_stock_fills_itself  (4.5s)
PASS  qa_the_stock_rule_is_said_the_way_it_works  (4.8s)
PASS  qa_no_text_copy_backup  (1.4s)
PASS  qa_every_level_named_in_the_text_exists  (0.0s)
PASS  qa_regulars_do_not_repeat_a_line_within_the_week  (3.3s)
PASS  qa_one_exchange_at_a_time  (27.1s)
PASS  qa_two_stories_do_not_share_a_panel  (5.0s)
PASS  qa_a_late_save_reads_true  (5.8s)
PASS  qa_a_chapter_is_listed_only_where_it_is_shown  (1.4s)
PASS  qa_lines_with_a_face_do_not_cover_toasts  (15.5s)
PASS  qa_a_guest_who_moves_to_the_lounge_is_counted_once  (3.4s)

99 passed, 0 failed
