PASS  main_loop_single_instance  (5.8s)
PASS  close_shop_early  (2.0s)
PASS  cooking_every_recipe  (1.6s)
PASS  five_cats_initialise  (0.8s)
PASS  cat_personality_fingerprint  (2.9s)
PASS  sofa_geometry  (0.7s)
PASS  cats_use_sofa_by_personality  (39.4s)
PASS  long_play_is_stable  (10.2s)
PASS  waiter_serves_ready_food  (1.7s)
PASS  v16_save_continues_in_v17  (13.5s)
PASS  daylight_returns_every_morning  (13.3s)
PASS  research_is_solvable_from_visible_info  (3.8s)
PASS  tables_need_clearing_after_checkout  (1.6s)
PASS  hold_recipes_never_lock_the_game  (102.0s)
PASS  frame_loop_survives_a_draw_error  (1.3s)
PASS  regulars_have_lives_v182  (6.7s)
PASS  golden_scenario  (4.8s)
PASS  golden_frames  (205.3s)
PASS  kitchen_cooks_walk_the_line_and_plate  (26.3s)
PASS  cats_use_their_things_and_stay_inside  (211.9s)
PASS  a2_the_game_never_buys_stock_for_the_player_and_money_never_goes_negative  (23.1s)
PASS  a3_the_pause_menu_is_reachable_on_a_short_phone_and_every_way_out_works  (13.1s)
PASS  a4_the_album_opens_without_a_render_storm_and_progress_survives_a_kill  (10.2s)
PASS  d_service_speed_scales_the_whole_simulation_and_keeps_hand_timing_fair  (10.3s)
PASS  u_v_world_memory_and_regulars_speak_with_their_faces  (8.8s)
PASS  w_the_album_is_a_living_history  (3.3s)
PASS  x_a_desktop_window_is_used_and_the_mouse_and_keyboard_work  (4.2s)
PASS  z_regression_rooms_kitchen_construction_and_staff_assignment  (299.9s)
PASS  wangs_are_two_people_who_usually_come_together  (2.3s)
PASS  speech_log_logs_each_spoken_line_once  (3.6s)
PASS  portrait_crops_isolate_each_figure  (1.9s)
PASS  restock_during_service_is_one_tap_with_immediate_feedback  (4.1s)
PASS  workstation_assignment_is_explicit_with_capacities_and_swaps  (5.6s)
PASS  infrastructure_you_can_see_and_a_calmer_incident_calendar  (2.9s)
PASS  dylan_leaves_a_trace_and_never_vanishes_at_a_closed_door  (4.6s)
PASS  story_foundation_facts_lanes_overdue_and_reload  (1.4s)
PASS  story_state_is_empty_on_old_saves_and_stable_over_reloads  (10.4s)
PASS  the_lounge_is_the_same_restaurant_one_guest_one_visit_one_tab  (7.4s)
PASS  lounge_i_content_bar_food_in_the_kitchen_wine_at_dinner_the_cast_by_name  (8.6s)
PASS  phase7_the_arcs_run_on_real_history_and_leave_it_changed  (7.1s)
PASS  phase9_the_restaurant_remembers_milestones_slots_and_small_crossovers  (3.3s)
PASS  followup_a_busy_service_keeps_every_line_and_the_journal_is_reachable  (3.2s)
PASS  dylan_dialogue_revisions_2026_10_01  (4.0s)
PASS  journal_social_page_opens_the_same_day_as_the_shops  (1.3s)
PASS  story_photos_show_the_current_art_not_an_old_copy  (2.5s)
PASS  side_room_booths_one_row_at_a_time  (6.7s)
PASS  v24_walk_over_is_a_floor_walk_and_never_a_cook  (8.9s)
PASS  v24_eras_open_in_order_and_dormant_ones_never_reverse  (1.8s)
PASS  v24_names_staff_and_outside_cast_are_not_random_guests  (0.6s)
PASS  v24_saves_load_and_nothing_fires_on_load  (60.4s)
PASS  v24_stage_gates_follow_the_chronology_and_their_own_gaps  (1.7s)
PASS  v24_yijun_comes_early_in_a_fresh_game_and_meets_her_mother_at_closing  (16.4s)
PASS  rc8_a_booked_out_lounge_never_shares_its_evening_with_the_trial  (2.6s)
PASS  rc83_three_pizzas  (3.1s)
PASS  rc83_small_things_from_the_players_evenings  (3.0s)
PASS  rc83_a_new_space_has_its_first_photo  (2.4s)
PASS  rc85_a_picture_always_holds_the_service  (19.6s)
PASS  rc85_small_talk_is_rare_and_makes_sense  (41.5s)
PASS  v24_an_old_shared_cap_save_keeps_everyone_and_waits  (2.8s)
PASS  v24_the_signature_steppers_stay_on_their_own_line  (2.5s)
PASS  v24_the_night_cut_short_is_not_counted_and_comes_again  (12.4s)
PASS  v24_jill_calls_the_landlord_and_the_whole_floor_is_hers  (88.6s)
PASS  v24_rc6_two_more_restaurant_places_and_the_lounge_unchanged  (4.4s)
PASS  v24_rc6_private_dining_story_needs_two_tables_and_a_lived_in_staff_room  (2.2s)
PASS  v24_rc6_cats_visit_the_rooms_and_leave  (37.2s)
PASS  v24_rc6_bar_bites_take_no_menu_slot  (3.3s)
PASS  v24_rc6_anan_works_the_lounge_first  (5.7s)
PASS  v24_rc6_the_morning_reports  (5.9s)
PASS  v24_rc7_yuan_comes_to_play_the_piano  (27.4s)
PASS  v24_rc7_2_the_heart_and_the_treat_chip_on_a_ticket  (1.1s)
PASS  v24_rc7_2_a_named_guests_line_answers_a_touch  (9.1s)
PASS  v24_rc7_2_vip_cards_and_the_lounge_after_dinner  (4.6s)
PASS  v24_rc7_2_the_lounges_own_waiter_carries_its_bites  (4.5s)
PASS  v24_rc7_2_no_firing_and_the_wages  (2.7s)
PASS  v24_rc73_posts_carry_their_picture_and_likes_that_keep_coming  (4.0s)
PASS  v24_rc73_tora_waits_for_jill_after_closing  (146.7s)
PASS  v24_rc74_the_lounges_new_bites  (26.6s)
PASS  v24_rc75_the_pizza_oven_one_more_cook_and_the_bar_pizza  (32.2s)
PASS  v24_rc76_the_bar_turns_into_an_l  (7.3s)
PASS  v24_rc76_after_the_wine_the_tasting_night_is_the_players  (11.5s)
PASS  v24_rc8_madame_lin_next_door_on_day_one  (6.0s)
PASS  v24_rc8_the_bar_next_door_scenes_are_staged_where_they_happen  (20.4s)
PASS  v24_rc8_madame_lin_comes_back_as_a_guest  (9.8s)
PASS  qa_a_new_game_first_day_by_taps  (9.2s)
PASS  qa_the_private_dining_room_is_bought_by_a_tap  (2.3s)
PASS  qa_the_players_checkpoints_resume  (185.7s)
PASS  qa_leaving_while_closing_after_a_resume_keeps_the_day  (171.8s)
PASS  qa_every_tab_reaches_by_mouse_in_a_small_window  (46.4s)
PASS  qa_the_pause_button_works_outside_the_service  (3.0s)
PASS  qa_a_drink_on_a_ticket_reads_right  (57.6s)
PASS  qa_table_hearts_only_for_sophie_and_mia  (120.2s)
PASS  qa_a_review_talks_about_the_food_not_the_glass  (3.5s)
PASS  qa_the_second_burner_bought_on_day_two_is_paid_back  (3.7s)
PASS  qa_the_signature_editor_shows_the_menus_price  (1.6s)
PASS  qa_stories_wait_for_stories_not_for_dates  (0.6s)
PASS  qa_after_the_reveal_dylan_is_not_a_stranger  (4.3s)
PASS  qa_continuing_the_day_does_not_replay_its_opening  (2.8s)
PASS  qa_room_lines_wait_for_the_story_panel  (11.2s)
PASS  qa_a_long_scene_is_kept_whole_on_its_page  (7.7s)

99 passed, 0 failed
