PASS  listeners_do_not_accumulate  (4.7s)
PASS  customer_full_flow_and_economy  (2.0s)
PASS  cat_ai_keeps_running  (1.9s)
PASS  save_and_load_roundtrip  (3.6s)
PASS  old_saves_load  (7.4s)
PASS  ui_basics  (3.9s)
PASS  touch_controls  (8.4s)
PASS  dylan_hidden_reveal  (11.2s)
PASS  cooking_flow_families  (1.2s)
PASS  waiting_bench  (1.3s)
PASS  service_checkpoint_resumes_the_day  (42.4s)
PASS  album_store_and_viewer_v181  (159.5s)
PASS  tickets_keep_the_guest_v182  (1.2s)
PASS  weather_days_and_stock_v182  (1.4s)
PASS  rating_story_records_and_panels_v182  (3.3s)
PASS  purchases_change_the_place  (59.1s)
PASS  goal_ladder_and_dylan_scenes  (5.4s)
PASS  the_street_has_passers_by_and_some_walk_in  (73.8s)
PASS  a5_money_is_one_number_everywhere_after_the_side_hall  (9.9s)
PASS  b_staff_are_grouped_by_job  (2.2s)
PASS  e_rating_card_is_structured_and_records_are_chips  (1.8s)
PASS  o_toggling_a_dish_keeps_the_scroll_position  (2.4s)
PASS  a4b_a_mid_service_checkpoint_is_consistent_and_the_day_finishes_after_it  (177.0s)
PASS  f_reviews_name_only_the_cats_the_table_actually_met  (3.4s)
PASS  g_lines_and_reviews_do_not_repeat_themselves  (2.7s)
PASS  dylan_is_a_presence_not_a_story_trigger  (22.1s)
PASS  h_i_k_t_shop_rooms_decoration_pass_and_dreams  (8.6s)
PASS  j_cat_furniture_comes_in_tiers_and_the_grass_pot_is_used  (18.9s)
PASS  album_has_two_entries_history_from_the_start_and_todays_photos_from_the_summary  (2.4s)
PASS  main_and_side_hall_are_one_layout_system  (3.7s)
PASS  a_day_with_the_hooks_writes_copresence_named_history_and_nothing_twice  (5.8s)
PASS  a_lounge_guest_pays_once_per_phase_and_a_review_only_for_the_visit  (7.4s)
PASS  followup_story_progress_is_visible_retrievable_and_honest  (9.0s)
PASS  followup_a_campaign_is_felt_in_the_room  (3.2s)
PASS  qa_merged_room_tabs_cushion_light_and_social_entrances  (3.6s)
PASS  regulars_remember_their_life_not_replay_it  (1.5s)
PASS  story_page_counts_only_real_beats_numbered_with_unseen_stages  (5.2s)
PASS  every_player_save_migrates_plays_a_day_and_keeps_its_story  (253.0s)
PASS  regular_card_says_her_for_sophie_and_mia  (2.8s)
PASS  kitchen_works_walk_in_and_a_second_coffee_machine  (10.5s)
PASS  guest_book_notes_drinks_the_usual_and_spacing  (2.6s)
PASS  v24_illustrations_show_with_the_scene_and_reopen  (2.1s)
PASS  v24_yijun_comes_to_eat_and_her_mother_walks_over  (3.5s)
PASS  v24_the_wall_is_written_to_the_rules  (0.6s)
PASS  v24_day52_save_plays_the_stories_in_order_over_forty_days  (163.7s)
PASS  v24_xiuqin_is_there_from_day_one_and_is_not_free_labour  (5.5s)
PASS  v24_xiuqin_goes_home_a_while_into_the_closing  (1.5s)
PASS  v24_manual_tutorial_and_news_cover_the_new_content  (5.1s)
PASS  rc83_a_special_evening_comes_back_with_its_room  (47.5s)
PASS  rc83_the_queue_waits_at_the_shopfront  (2.8s)
PASS  rc85_the_crew_go_up_to_the_staff_room_in_a_busy_evening  (21.3s)
PASS  v24_a_guest_who_came_for_the_signature_says_so_rarely_and_in_different_words  (27.8s)
PASS  v24_rc6_the_staff_room_is_used_and_the_pools_stay_apart  (11.6s)
PASS  v24_rc6_the_floor_plan_grows_with_the_building  (3.0s)
PASS  v24_rc6_the_staff_room_plays_a_frame_and_dozes  (32.3s)
PASS  v24_rc6_no_empty_sheet_over_a_service  (5.9s)
PASS  v24_rc6_an_authored_beat_holds_the_service_until_it_is_read  (44.4s)
PASS  v24_rc6_a_finished_lounge_opens_the_floor_in_a_mature_save  (24.6s)
PASS  v24_rc6_new_things_are_talked_about  (25.5s)
PASS  v24_rc6_more_to_spend_on  (7.2s)
PASS  v24_rc6_new_places_have_their_photos  (6.5s)
PASS  v24_rc6_the_open_floor_keeps_its_ways  (3.5s)
PASS  v24_rc6_qing_and_tuo_move_on  (3.5s)
PASS  v24_rc7_the_money  (15.9s)
PASS  v24_rc7_madame_lin_says_which_corner  (1.3s)
      the scene: —：下午，房東來了一趟。 / 房東：我上去一下，拿個東西。 / —：樓梯門在側廳。房東一開鎖，寶寶就從他腳邊鑽進去，一路跑上樓。 / Jill：寶寶！ / —：Jill 跟上去帶寶寶下來。整層都是空的，寶寶已經跳上窗台了。 / 房東：上面就這樣，空很久了。地板是好的，窗戶也是好的。 / Jill：嗯。 / —：角落靠著兩支舊滅火器；消防檢查快到了，他上來就是要拿去換新的。 / —：Jill 抱著寶寶下樓。房東一手提一支滅火器，把門鎖好才走。
PASS  v24_rc7_the_landlord_goes_up  (4.3s)
PASS  v24_rc7_a_line_finds_its_table  (7.5s)
PASS  v24_rc7_the_wine_and_monsieur_du  (3.4s)
PASS  v24_rc7_story_guests_have_their_own_faces  (0.8s)
PASS  v24_rc7_2_xiuqin_first_evening_holds_the_service  (2.5s)
PASS  v24_rc7_2_a_tap_on_the_pass_sends_the_plates  (1.1s)
PASS  v24_rc7_2_a_regulars_head_at_a_busy_table_and_the_log_closes  (5.1s)
PASS  v24_rc7_2_sophies_pad_seen_and_marked  (4.6s)
PASS  v24_rc73_the_cats_try_their_luck_and_never_get_it  (26.2s)
PASS  v24_rc74_the_lounge_tv_and_its_sound  (8.5s)
PASS  v25_first_photo_day_one_dylan_takes_one_of_jills_cameras  (11.6s)
PASS  v24_rc76_dylan_at_home_keeps_his_hood_up  (2.3s)
PASS  v24_rc76_the_chefs_night  (16.3s)
PASS  v24_rc8_the_lounge_is_the_shop_next_door  (13.5s)
PASS  v24_rc8_the_bar_next_door_from_kens_question_to_jills_decision  (112.3s)
PASS  v24_rc8_mature_saves_hear_nothing_new_from_next_door  (16.4s)
PASS  v24_rc8_mature_saves_get_the_line_as_history  (14.1s)
PASS  v24_rc8_the_bell_rings_when_the_door_opens  (1.6s)
PASS  v24_rc8_qing_tuo_after_work_five_scenes  (103.5s)
PASS  qa_every_button_on_the_prep_screen_does_something  (166.8s)
PASS  qa_a_checkpoint_survives_a_new_table_count  (3.2s)
PASS  qa_the_selected_tab_is_on_screen  (6.5s)
PASS  qa_waiting_staff_do_not_stand_on_one_spot  (82.4s)
PASS  qa_the_inspection_money_is_in_the_summary  (268.6s)
PASS  qa_a_favourite_is_missed_only_when_it_is_off_the_menu  (3.2s)
PASS  qa_a_new_game_gets_no_old_version_notes  (5.8s)
PASS  qa_who_is_still_there_at_closing  (3.1s)
PASS  qa_named_people_do_not_speak_a_strangers_lines  (12.6s)
PASS  qa_the_days_text_matches_the_day  (4.3s)
PASS  qa_the_summarys_tomorrow_matches_the_shop  (0.7s)
PASS  qa_a_story_photo_comes_after_its_lines  (4.6s)
PASS  qa_a_story_waiting_its_turn_is_not_done_yet  (3.1s)
PASS  qa_the_savings_goals_are_in_tonights_shop  (2.4s)

98 passed, 0 failed
