PASS  listeners_do_not_accumulate  (2.5s)
PASS  cat_ai_keeps_running  (0.9s)
PASS  save_and_load_roundtrip  (2.1s)
PASS  old_saves_load  (4.6s)
PASS  ui_basics  (2.3s)
PASS  touch_controls  (5.1s)
PASS  dylan_hidden_reveal  (7.5s)
PASS  kitchen_staff_ladder  (0.7s)
PASS  world_stays_visible_across_days  (34.6s)
PASS  v16_save_continues_in_v17  (6.8s)
PASS  album_store_and_viewer_v181  (80.1s)
PASS  frame_loop_survives_a_draw_error  (0.8s)
PASS  rating_story_records_and_panels_v182  (2.5s)
PASS  economy_ops_duties_and_prices_v182  (1.4s)
PASS  mature_save_loads_into_2_0  (19.6s)
PASS  cats_use_their_things_and_stay_inside  (120.4s)
PASS  goal_ladder_and_dylan_scenes  (2.7s)
PASS  a3_the_pause_menu_is_reachable_on_a_short_phone_and_every_way_out_works  (9.8s)
PASS  a5_money_is_one_number_everywhere_after_the_side_hall  (6.5s)
PASS  c_restock_shortcuts_respect_both_the_fridge_and_the_money  (2.5s)
PASS  a4b_a_mid_service_checkpoint_is_consistent_and_the_day_finishes_after_it  (101.4s)
PASS  u_v_world_memory_and_regulars_speak_with_their_faces  (7.9s)
PASS  portrait_crops_isolate_each_figure  (6.9s)
PASS  restock_during_service_is_one_tap_with_immediate_feedback  (2.3s)
PASS  restaurant_records_are_readable_in_the_journal  (1.2s)
PASS  album_has_two_entries_history_from_the_start_and_todays_photos_from_the_summary  (1.4s)
PASS  infrastructure_you_can_see_and_a_calmer_incident_calendar  (1.7s)
PASS  dylan_leaves_a_trace_and_never_vanishes_at_a_closed_door  (2.6s)
PASS  named_guests_keep_one_face_and_the_staff_have_theirs  (1.6s)
PASS  story_foundation_facts_lanes_overdue_and_reload  (0.8s)
PASS  a_day_with_the_hooks_writes_copresence_named_history_and_nothing_twice  (3.4s)
PASS  staff_learn_places_coarsely_and_veterans_stay_useful  (4.7s)
PASS  phase9_the_restaurant_remembers_milestones_slots_and_small_crossovers  (2.1s)
PASS  followup_story_progress_is_visible_retrievable_and_honest  (7.7s)
PASS  followup_the_manual_describes_the_current_game  (0.4s)
PASS  every_player_save_migrates_plays_a_day_and_keeps_its_story  (146.7s)
PASS  story_photos_show_the_current_art_not_an_old_copy  (1.9s)
PASS  dogs_five_kinds_and_the_house_by_the_door  (2.1s)
PASS  side_room_booths_one_row_at_a_time  (4.6s)
PASS  v24_story_presence_for_one_day  (5.7s)
PASS  v24_walk_over_is_a_floor_walk_and_never_a_cook  (5.1s)
PASS  v24_eras_open_in_order_and_dormant_ones_never_reverse  (1.3s)
PASS  v24_names_staff_and_outside_cast_are_not_random_guests  (0.4s)
PASS  v24_saves_load_and_nothing_fires_on_load  (37.2s)
PASS  v24_the_wall_is_written_to_the_rules  (0.3s)
PASS  rc8_a_booked_out_lounge_never_shares_its_evening_with_the_trial  (1.4s)
PASS  rc83_small_things_from_the_players_evenings  (1.5s)
PASS  rc83_a_new_space_has_its_first_photo  (1.6s)
PASS  rc84_kens_three_nights_three_pictures  (1.4s)
PASS  v24_the_day_is_held_for_the_beat_its_people_came_for  (1.8s)
PASS  v24_an_old_shared_cap_save_keeps_everyone_and_waits  (1.8s)
PASS  v24_jill_calls_the_landlord_and_the_whole_floor_is_hers  (49.3s)
PASS  v24_rc6_anan_works_the_lounge_first  (4.2s)
PASS  v24_rc6_story_pages_keep_only_their_own_lines  (6.5s)
PASS  v24_rc6_sophie_and_mia_begin  (17.3s)
PASS  v24_rc6_a_finished_lounge_opens_the_floor_in_a_mature_save  (14.5s)
PASS  v24_rc6_new_things_are_talked_about  (18.2s)
PASS  v24_rc6_more_to_spend_on  (5.1s)
PASS  v24_rc6_new_places_have_their_photos  (5.5s)
PASS  v24_rc6_the_open_floor_keeps_its_ways  (2.8s)
PASS  v24_rc6_a_booked_party_comes_eats_and_pays  (5.8s)
PASS  v24_rc6_the_private_dining_room_minimum_service_and_long_table  (3.0s)
PASS  v24_rc6_qing_and_tuo_move_on  (2.4s)
PASS  v24_rc6_a_regulars_dated_beat_keeps_its_day  (1.4s)
PASS  v24_rc6_stalled_lines_move_on  (3.6s)
PASS  v24_rc7_a_line_finds_its_table  (5.2s)
PASS  v24_rc7_ken_hosts_his_tasting_nights  (15.3s)
PASS  v24_rc7_2_a_tap_on_the_pass_sends_the_plates  (0.7s)
PASS  v24_rc7_2_the_heart_and_the_treat_chip_on_a_ticket  (0.7s)
PASS  v24_rc7_2_the_random_menu  (2.6s)
PASS  v24_rc7_2_sophies_pad_seen_and_marked  (2.7s)
PASS  v24_rc7_2_no_firing_and_the_wages  (1.6s)
PASS  v24_rc73_jills_room_is_there_from_day_one  (9.8s)
PASS  v24_rc73_the_evening_is_in_her_room  (28.2s)
PASS  v24_rc73_the_cats_try_their_luck_and_never_get_it  (18.0s)
PASS  v24_rc74_favourites_learned_in_play_and_marked_on_the_menu  (2.4s)
PASS  v25_first_photo_a_mature_save_gets_day_one_as_history  (2.8s)
PASS  v24_rc76_the_chefs_night  (10.7s)
PASS  v24_rc77_evan_is_behind_the_bar_from_the_first_night  (3.7s)
PASS  v24_rc77_kens_share_of_a_tasting_night  (8.5s)
PASS  v24_rc8_the_restaurants_three_lists_and_the_lounges_one  (40.0s)
PASS  v24_rc8_the_signing_the_work_and_the_opening  (13.7s)

82 passed, 0 failed
EXIT 0
