PASS  single_file_in_sync  (0.9s)
PASS  new_game_starts  (0.6s)
PASS  close_shop_early  (0.9s)
PASS  five_cats_initialise  (0.3s)
PASS  sofa_geometry  (0.3s)
PASS  cats_use_sofa_by_personality  (23.7s)
PASS  dylan_stays_a_quiet_regular_early_on  (4.6s)
PASS  cooking_flow_families  (0.9s)
PASS  jill_rests_when_staff_cover_the_floor  (107.4s)
PASS  research_is_solvable_from_visible_info  (1.3s)
PASS  album_notes_and_journal  (234.1s)
PASS  dylan_is_present_v182  (0.8s)
PASS  weather_days_and_stock_v182  (0.7s)
PASS  achievements_and_hold_variation_v182  (0.5s)
PASS  save_backup_and_restore  (2.3s)
PASS  golden_scenario  (2.4s)
PASS  kitchen_cooks_walk_the_line_and_plate  (15.5s)
PASS  purchases_change_the_place  (32.7s)
PASS  specials_are_a_finer_version_of_a_mastered_dish  (22.3s)
PASS  a1_failed_restock_changes_nothing_and_the_suggestion_holds_still  (2.4s)
PASS  a2_the_game_never_buys_stock_for_the_player_and_money_never_goes_negative  (14.7s)
PASS  a4_the_album_opens_without_a_render_storm_and_progress_survives_a_kill  (8.5s)
PASS  e_rating_card_is_structured_and_records_are_chips  (1.4s)
PASS  g_lines_and_reviews_do_not_repeat_themselves  (2.0s)
PASS  h_i_k_t_shop_rooms_decoration_pass_and_dreams  (5.7s)
PASS  j_cat_furniture_comes_in_tiers_and_the_grass_pot_is_used  (11.5s)
PASS  l_m_n_hospitality_set_sales_and_the_weather_suggestion  (4.1s)
PASS  q_portraits_are_one_system_with_a_fallback_and_fit_a_phone  (4.1s)
PASS  w_the_album_is_a_living_history  (1.8s)
PASS  x_a_desktop_window_is_used_and_the_mouse_and_keyboard_work  (2.9s)
PASS  weather_dish_replaces_a_chosen_dish_when_the_menu_is_full  (2.1s)
PASS  main_and_side_hall_are_one_layout_system  (2.4s)
PASS  outdoor_area_is_a_project_and_its_tables_are_furniture_and_the_dog_rests_outside  (2.4s)
PASS  hospitality_stays_with_a_guest_from_stranger_to_regular  (6.3s)
PASS  the_players_saves_load_through_a_real_reload  (4.2s)
PASS  stock_suggestion_follows_each_dish_and_counts_the_demand_it_missed  (11.7s)
PASS  sophie_and_baobao_the_arc_runs_on_real_conditions_and_leaves_a_pad_a_fact_and_a_story_photo  (2.4s)
PASS  a_lounge_guest_pays_once_per_phase_and_a_review_only_for_the_visit  (4.4s)
PASS  lounge_i_content_bar_food_in_the_kitchen_wine_at_dinner_the_cast_by_name  (4.9s)
PASS  phase8_reviews_say_what_happened_posts_amplify_it_and_a_campaign_is_counted  (2.1s)
PASS  qa_merged_room_tabs_cushion_light_and_social_entrances  (3.0s)
PASS  regulars_remember_their_life_not_replay_it  (1.2s)
PASS  journal_social_page_opens_the_same_day_as_the_shops  (0.8s)
PASS  kitchen_works_walk_in_and_a_second_coffee_machine  (7.2s)
PASS  v24_legacy_tenure_is_a_class_not_the_days_since_v23  (1.3s)
PASS  v24_yijun_comes_to_eat_and_her_mother_walks_over  (2.4s)
PASS  v24_xiuqin_is_there_from_day_one_and_is_not_free_labour  (3.9s)
PASS  v24_xiuqin_goes_home_a_while_into_the_closing  (0.9s)
PASS  v24_yijun_comes_early_in_a_fresh_game_and_meets_her_mother_at_closing  (10.0s)
PASS  rc8_jill_has_things_to_do_in_her_room  (86.7s)
PASS  rc8_duode_has_no_picture  (1.4s)
PASS  rc83_a_special_evening_comes_back_with_its_room  (29.3s)
PASS  v24_a_guest_who_came_for_the_signature_says_so_rarely_and_in_different_words  (15.2s)
PASS  v24_rc6_the_staff_room_comes_from_a_need_and_grows_in_place  (3.1s)
PASS  v24_rc6_the_staff_room_is_used_and_the_pools_stay_apart  (6.9s)
PASS  v24_rc6_private_dining_bookings_are_seen_and_grow_with_the_room  (1.7s)
PASS  v24_rc6_two_more_restaurant_places_and_the_lounge_unchanged  (2.8s)
PASS  v24_rc6_private_dining_story_needs_two_tables_and_a_lived_in_staff_room  (1.4s)
PASS  v24_rc6_the_floor_and_its_rooms_are_tabs  (28.1s)
PASS  v24_rc6_the_floor_is_shown_when_it_changes  (5.0s)
PASS  v24_rc6_the_staff_room_has_a_way_to_every_seat  (6.6s)
PASS  v24_rc6_the_floor_plan_grows_with_the_building  (2.0s)
PASS  v24_rc6_the_morning_reports  (3.5s)
      the scene: —：下午，房東來了一趟。 / 房東：我上去一下，拿個東西。 / —：樓梯門在側廳。房東一開鎖，寶寶就從他腳邊鑽進去，一路跑上樓。 / Jill：寶寶！ / —：Jill 跟上去帶寶寶下來。整層都是空的，寶寶已經跳上窗台了。 / 房東：上面就這樣，空很久了。地板是好的，窗戶也是好的。 / Jill：嗯。 / —：角落靠著兩支舊滅火器；消防檢查快到了，他上來就是要拿去換新的。 / —：Jill 抱著寶寶下樓。房東一手提一支滅火器，把門鎖好才走。
PASS  v24_rc7_the_landlord_goes_up  (3.9s)
PASS  v24_rc7_ken_comes_back_and_proposes_a_tasting  (2.3s)
PASS  v24_rc7_the_wine_and_monsieur_du  (2.1s)
PASS  v24_rc7_2_xiuqin_first_evening_holds_the_service  (1.9s)
PASS  v24_rc7_2_the_missing_cats_stop_the_evening  (27.4s)
PASS  v24_rc7_2_the_lounges_own_waiter_carries_its_bites  (2.8s)
PASS  v24_rc74_the_lounge_tv_and_its_sound  (5.9s)
PASS  v25_first_photo_day_one_dylan_takes_one_of_jills_cameras  (7.1s)
PASS  v24_rc76_dylan_at_home_keeps_his_hood_up  (1.5s)
PASS  v24_rc77_the_lounge_pours_kens_rounds  (8.3s)
PASS  v24_rc8_madame_lin_next_door_on_day_one  (3.6s)
PASS  v24_rc8_the_bar_next_door_from_kens_question_to_jills_decision  (63.8s)
PASS  v24_rc8_the_bar_next_door_scenes_are_staged_where_they_happen  (12.0s)
PASS  v24_rc8_mature_saves_hear_nothing_new_from_next_door  (9.8s)
PASS  v24_rc8_mature_saves_get_the_line_as_history  (10.0s)
PASS  v24_rc8_the_bell_rings_when_the_door_opens  (1.2s)
PASS  v24_rc8_qing_tuo_after_work_five_scenes  (46.2s)

80 passed, 0 failed
EXIT 0
