PASS  single_file_in_sync  (0.2s)
PASS  new_game_starts  (0.7s)
PASS  main_loop_single_instance  (2.8s)
PASS  listeners_do_not_accumulate  (1.3s)
PASS  customer_full_flow_and_economy  (0.9s)
PASS  close_shop_early  (0.9s)
PASS  cooking_every_recipe  (0.7s)
PASS  five_cats_initialise  (0.3s)
PASS  cat_ai_keeps_running  (1.0s)
PASS  save_and_load_roundtrip  (1.4s)
PASS  old_saves_load  (3.2s)
PASS  unreadable_save_is_kept  (1.6s)
PASS  cat_personality_fingerprint  (1.3s)
PASS  ui_basics  (1.7s)
PASS  touch_controls  (3.7s)
PASS  sofa_geometry  (0.3s)
PASS  jill_evening_life  (13.0s)
PASS  cats_use_sofa_by_personality  (17.7s)
PASS  dylan_stays_a_quiet_regular_early_on  (3.6s)
PASS  dylan_hidden_reveal  (4.9s)
PASS  long_play_is_stable  (5.1s)
PASS  cooking_flow_families  (0.6s)
PASS  kitchen_staff_ladder  (0.6s)
PASS  waiter_serves_ready_food  (0.8s)
PASS  waiting_bench  (0.7s)
PASS  dylan_pays_tidies_and_is_not_staff  (0.6s)
PASS  world_stays_visible_across_days  (32.0s)
PASS  v16_save_continues_in_v17  (6.1s)
PASS  service_checkpoint_resumes_the_day  (23.6s)
PASS  daylight_returns_every_morning  (6.8s)
PASS  jill_rests_when_staff_cover_the_floor  (101.2s)
PASS  research_is_solvable_from_visible_info  (1.2s)
PASS  album_notes_and_journal  (248.4s)
PASS  tables_need_clearing_after_checkout  (0.6s)
PASS  demand_recommendation_staff_v181  (1.5s)
PASS  album_store_and_viewer_v181  (70.7s)
PASS  hold_recipes_never_lock_the_game  (37.4s)
PASS  frame_loop_survives_a_draw_error  (0.5s)
PASS  tickets_keep_the_guest_v182  (0.6s)
PASS  dylan_is_present_v182  (0.5s)
PASS  regulars_have_lives_v182  (3.0s)
PASS  weather_days_and_stock_v182  (0.6s)
PASS  rating_story_records_and_panels_v182  (1.8s)
PASS  economy_ops_duties_and_prices_v182  (1.0s)
PASS  achievements_and_hold_variation_v182  (0.5s)
PASS  save_backup_and_restore  (2.1s)
PASS  golden_scenario  (1.8s)
