 day lv crew rooms   guests  takings    tips    food   wine   wages   rent  bonus      net     money  lounge
   1  1    0 ----        17     2040     373     649      0       0      0    255     2019      2519       0
   2  1    0 ----        22     3920     882    1602      0       0      0    330     3530      5549       0
   3  1    0 ----        27     4500    1313     934      0       0      0    405     5284      9333       0
   4  1    1 ----        31     4870    1218    1281      0     200      0    480     5087     13220       0
   5  1    1 ----        29     4770    1560    1247      0     200      0    555     5438     18658       0
   6  2    1 ----        29     4820    1499    1264      0     200      0    630     5485     18843       0
   7  2    1 ----        30     4770    1556    1247      0     200      0    705     5584     24427       0
   8  2    1 ----        30     4950    1729    1316      0     200      0    780     5943     30370       0
   9  2    2 ----        33     5250    1043    1344      0     440      0    855     5364     32834       0
  10  2    2 ----        30     4820    1129    1264      0     440      0    930     5175     38009       0
  11  2    2 ----        32     5300    1615    1332      0     440      0   1005     6148     44157       0
  12  3    2 ----        28     4860    1280    1274      0     440      0   1080     5506     33663       0
  13  3    2 ----        30     4500    1382    1274      0     440      0   1155     5323     38986       0
  14  3    2 ----        29     4870    1693    1281      0     440      0   1230     6072     45058       0
  15  3    2 ----        31     5150    1575    1271      0     440      0   1305     6319     51377       0
  16  4    4 ----        32     4790    1540    1261      0     880      0    460     4649     11326       0
  17  4    4 ----        30     4750    1052    1237      0     880      0    485     4170     12696       0
  18  4    4 ----        31     5070     896    1291      0     880      0   1020     4815     13411       0
  19  4    4 ----        28     4620    1178    1254      0     880      0    535     4199     12610       0
  20  4    4 ----        23     3840     661    1230      0     880      0   1120     3511     16121       0
  21  4    4 ----        23     3940     696    1230      0     880      0    585     3111     19232       0
  22  4    4 ----        28     4310     789    1257      0     880      0    610     3572     22804       0
  23  4    4 ----        27     4470     898    1281      0     880      0      0     3207     26011       0
  24  4    4 ----        31     4820     656    1247      0     880      0    660     4009     30020       0
  25  4    4 ----        25     4180    1022    1264      0     880      0   1370     4428     34448       0
  26  4    4 ----        27     4700    1240    1257      0     880      0    710     4513     38961       0
  27  4    4 ----        30     4820    1531    1264      0     880      0    735     4942     43903       0
  28  4    4 ----        31     4790    1605    1247      0     880      0   1520     5788     49691       0
  29  4    6 ----        25     4050     626    1247      0    1320      0    785     2894      4885       0
  30  4    6 ----        29     5070    1231    1237      0    1320      0   1620     5364     10249       0
  31  4    6 ----        25     4130     770    1247      0    1320      0      0     2333     12582       0
  32  4    6 ----        28     4520     974    1247      0    1320      0    860     3787     16069       0
  33  4    6 ----        23     3850     644    1247      0    1320      0    885     2812     18881       0
  34  4    6 ----        21     3610     956    1247      0    1320      0      0     1999     20880       0
  35  4    6 ----        32     5080    1397    1264      0    1320      0    935     4828     25708       0
  36  4    6 ----        26     4510    1092    1271      0    1320      0    960     3971     29679       0
  37  4    6 ----        30     4890    1119    1291      0    1320      0   1970     5368     35047       0
  38  4    6 ----        27     4610     860    1257      0    1320      0   1010     3903     38950       0
  39  4    6 ----        28     4580    1127    1274      0    1320      0   1035     4148     42798       0
  40  4    6 ----        26     4670     896    1247      0    1320      0   1060     4059     46857       0
  41  4    6 ----        29     4750    1220    1237      0    1320      0   3255     6668     53525       0
  42  4    6 ----        19     3100     626    1220      0    1320      0   2220     3406     56931       0
  43  4    6 ----        26     4020     485    1254      0    1320      0   1135     3066     59697       0
  44  4    6 ----        28     4210    1026    1264      0    1320      0   1160     3812     63509       0
  45  4    8 S---        21     2800     647     800      0    1760      0   2370     3257      3766       0
page errors: []
45 days in 82s
