 day lv crew rooms   guests  takings    tips    food   wine   wages   rent  bonus      net     money  lounge
   1  1    0 ----        17     2040     352     649      0       0      0    255     1998      2498       0
   2  1    0 ----        24     4080     865    1466      0       0      0    330     3809      5807       0
   3  1    0 ----        30     5000    1436    1020      0       0      0    405     5821     10128       0
   4  1    1 ----        31     4840    1345    1278      0     200      0    480     5187     14115       0
   5  1    1 ----        27     4710    1260    1217      0     200      0    555     5108     19223       0
   6  2    1 ----        27     4780    1244    1244      0     200      0    630     5210     19133       0
   7  2    1 ----        27     4780    1550    1244      0     200      0    705     5591     24724       0
   8  2    1 ----        25     4610    1489    1329      0     200      0    520     5090     29814       0
   9  2    2 ----        31     5000    1040    1359      0     440      0    285     4526     31440       0
  10  2    2 ----        31     4880    1101    1274      0     440      0      0     4267     35707       0
  11  2    2 ----        33     5270    1227    1344      0     440      0   1005     5718     41425       0
  12  3    2 ----        26     4740    1213    1220      0     440      0   1080     5373     31098       0
  13  3    2 ----        27     4930     925    1264      0     440      0   1155     5306     36404       0
  14  3    2 ----        29     4960     929    1220      0     440      0    820     5049     41753       0
  15  3    2 ----        28     4750    1096    1237      0     440      0   1305     5474     47227       0
  16  4    4 ----        26     4730     967    1227      0     880      0    460     4050      6577       0
  17  4    4 ----        28     4990     781    1237      0     880      0    970     4624      8401       0
  18  4    4 ----        28     4830    1086    1257      0     880      0    510     4289      8890       0
  19  4    4 ----        28     4830     888    1257      0     880      0    535     4116      8006       0
  20  4    4 ----        28     4770     907    1237      0     880      0    560     4120     12126       0
  21  4    4 ----        26     4330     772    1247      0     880      0      0     2975     15101       0
  22  4    4 ----        27     4550     582    1254      0     880      0    610     3608     18709       0
  23  4    4 ----        28     4590     772    1247      0     880      0    635     3870     22579       0
  24  4    4 ----        30     4860     648    1274      0     880      0    660     4014     26593       0
  25  4    4 ----        29     5050     825    1257      0     880      0    685     4423     31016       0
  26  4    4 ----        22     3460     654    1267      0     880      0      0     1967     32983       0
  27  4    4 ----        27     4160     626    1264      0     880      0    735     3377     36360       0
  28  4    4 ----        27     3960     698    1257      0     880      0    760     3281     39641       0
  29  4    4 ----        30     4790     757    1264      0     880      0    785     4188     43829       0
  30  4    4 ----        26     4440     760    1264      0     880      0      0     3056     46885       0
  31  4    5 ----        19     2740     666     681      0    1080      0   1670     3315      4000       0
  32  4    6 ----        27     4320     794    1264      0    1280      0      0     2570      5370       0
  33  4    6 ----        21     3540     633    1274      0    1280      0      0     1619      6989       0
  34  4    6 ----        32     4570     746    1254      0    1280      0      0     2782      9771       0
  35  4    6 ----        20     3480     448    1264      0    1280      0      0     1384     11155       0
  36  4    6 ----        27     4600     886    1254      0    1280      0    960     3912     15067       0
  37  4    6 ----        29     4720     546    1274      0    1280      0    985     3697     18764       0
  38  4    6 ----        26     4440     550    1257      0    1280      0      0     2453     20917       0
  39  4    6 ----        32     4340     897    1264      0    1280      0      0     2693     23610       0
  40  4    6 ----        29     4790     992    1247      0    1280      0      0     3255     26865       0
page errors: []
40 days in 66s
