 day lv crew rooms   guests  takings    tips    food   wine   wages   rent  bonus      net     money  lounge
   1  1    0 ----        17     2040     352     649      0       0    300    255     1698      2198       0
   2  1    0 ----        24     4080     865    1466      0       0    300    330     3509      5207       0
   3  1    0 ----        30     5000    1436    1020      0       0    300    405     5521      9228       0
   4  1    1 ----        31     4840    1345    1278      0     220    300    480     4867     12895       0
   5  1    1 ----        27     4710    1260    1217      0     220    300    555     4788     17683       0
   6  2    1 ----        27     4780    1244    1244      0     220    500    630     4690     17073       0
   7  2    1 ----        27     4780    1550    1244      0     220    500    705     5071     22144       0
   8  2    1 ----        25     4610    1489    1329      0     220    500    520     4570     26714       0
   9  2    2 ----        31     5000    1040    1359      0     484    500    285     3982     27796       0
  10  2    2 ----        31     4880    1101    1274      0     484    500      0     3723     31519       0
  11  2    2 ----        33     5270    1227    1344      0     484    500   1005     5174     36693       0
  12  3    2 ----        26     4740    1213    1220      0     484    900   1080     4429     25422       0
  13  3    2 ----        27     4930     925    1264      0     484    900   1155     4362     29784       0
  14  3    2 ----        29     4960     929    1220      0     484    900    820     4105     34189       0
  15  3    2 ----        28     4750    1096    1237      0     484    900   1305     4530     38719       0
  16  3    3 ----        28     4770     821    1237      0     704    900   1380     4130     39649       0
  17  3    3 ----        28     4990     795    1193      0     704    900      0     2988     39837       0
  18  3    3 ----        25     4740    1314    1220      0     704    900    510     3740     39777       0
  19  3    3 ----        30     4770    1272    1237      0     704    900   1070     4271     44048       0
  20  4    4 ----        30     4770     752    1237      0     924   1500   1120     2981      5829       0
  21  4    4 ----        21     2890     802     818      0     924   1500    585     1035      1864       0
  22  4    4 ----        30     4830     895    1271      0     924   1500   1220     3250      5114       0
  23  4    4 ----        25     3820     906    1237      0     924   1500      0     1065      6179       0
  24  4    4 ----        27     4480     836    1203      0     924   1500    660     2349      8528       0
  25  4    4 ----        23     4140     695    1230      0     924   1500      0     1181      9709       0
  26  4    4 ----        27     4140     674    1254      0     924   1500    710     1846     11555       0
  27  4    4 ----        27     4720     780    1220      0     924   1500    735     2591     14146       0
  28  4    4 ----        22     4130     999    1237      0     924   1500    760     2228     16374       0
  29  4    4 ----        26     4030     634    1237      0     924   1500      0     1003     17377       0
  30  4    4 ----        28     4700    1128    1264      0     924   1500      0     2140     19517       0
  31  4    4 ----        24     4170     804    1281      0     924   1500    835     2104     21621       0
  32  4    4 ----        26     4030     750    1230      0     924   1500    860     1986     23607       0
  33  4    4 ----        31     4790     779    1247      0     924   1500    885     2783     26390       0
  34  4    4 ----        28     4620     773    1281      0     924   1500      0     1688     28078       0
  35  4    4 ----        23     4270     654    1237      0     924   1500   1870     3133     31211       0
  36  4    4 ----        32     4740    1055    1230      0     924   1500    960     3101     34312       0
  37  4    4 ----        33     4970     933    1237      0     924   1500   2955     5197     39509       0
  38  4    4 ----        28     4730     958    1264      0     924   1500   1010     3010     42219       0
  39  4    4 ----        23     3440     852    1247      0     924   1500      0      621     42840       0
  40  4    4 ----        28     4640     903    1237      0     924   1500   1060     2942     45782       0
page errors: []
40 days in 110s
