 day lv crew rooms   guests  takings    tips    food   wine   wages   rent  bonus      net     money  lounge
   1  1    0 ----        17     2040     373     649      0       0    300    255     1719      2219       0
   2  1    0 ----        22     3920     882    1602      0       0    300    330     3230      4949       0
   3  1    0 ----        27     4500    1313     934      0       0    300    405     4984      8433       0
   4  1    1 ----        31     4870    1218    1281      0     220    300    480     4767     12000       0
   5  1    1 ----        29     4770    1560    1247      0     220    300    555     5118     17118       0
   6  2    1 ----        29     4820    1499    1264      0     220    500    630     4965     16783       0
   7  2    1 ----        30     4770    1556    1247      0     220    500    705     5064     21847       0
   8  2    1 ----        30     4950    1729    1316      0     220    500    780     5423     27270       0
   9  2    2 ----        33     5250    1043    1344      0     484    500    855     4820     29190       0
  10  2    2 ----        30     4820    1129    1264      0     484    500    930     4631     33821       0
  11  2    2 ----        32     5300    1615    1332      0     484    500   1005     5604     39425       0
  12  3    2 ----        28     4860    1280    1274      0     484    900   1080     4562     27987       0
  13  3    2 ----        30     4500    1382    1274      0     484    900   1155     4379     32366       0
  14  3    2 ----        29     4870    1693    1281      0     484    900   1230     5128     37494       0
  15  3    2 ----        31     5150    1575    1271      0     484    900   1305     5375     42869       0
  16  4    4 ----         4      570     163     158      0     968   1500      0    -1893         0       0
  17  4    4 ----         0        0       0       0      0     968   1500      0    -2468         0       0
  18  4    4 ----         2      320      22       0      0     968   1500      0    -2126         0       0
  19  4    4 ----         0        0       0       0      0     968   1500      0    -2468         0       0
  20  4    4 ----         0        0       0       0      0     968   1500      0    -2468         0       0
  21  4    4 ----         0        0       0       0      0     968   1500    585    -1883         0       0
  22  4    4 ----         0        0       0       0      0     968   1500      0    -2468         0       0
  23  4    4 ----         0        0       0       0      0     968   1500      0    -2468         0       0
  24  4    4 ----         2      180      11       0      0     968   1500      0    -2277         0       0
  25  4    4 ----         0        0       0       0      0     968   1500      0    -2468         0       0
  26  4    4 ----         0        0       0       0      0     968   1500      0    -2468         0       0
  27  4    4 ----         2      180      30       0      0     968   1500      0    -2258         0       0
  28  4    4 ----         0        0       0       0      0     968   1500    760    -1708         0       0
  29  4    4 ----         0        0       0       0      0     968   1500      0    -2468         0       0
  30  4    4 ----         2      320      21       0      0     968   1500      0    -2127         0       0
  31  4    4 ----         0        0       0       0      0     968   1500      0    -2468         0       0
  32  4    4 ----         0        0       0       0      0     968   1500      0    -2468         0       0
  33  4    4 ----         0        0       0       0      0     968   1500      0    -2468         0       0
  34  4    4 ----         0        0       0       0      0     968   1500      0    -2468         0       0
  35  4    4 ----         2      220      15       0      0     968   1500    935    -1298         0       0
  36  4    4 ----         0        0       0       0      0     968   1500      0    -2468         0       0
  37  4    4 ----         0        0       0       0      0     968   1500    985    -1483         0       0
  38  4    4 ----         2      320      21       0      0     968   1500      0    -2127         0       0
  39  4    4 ----         0        0       0       0      0     968   1500   1035    -1433         0       0
  40  4    4 ----         2      320      66       0      0     968   1500   1060    -1022         0       0
page errors: []
40 days in 104s
