Day  53  cloud  fam [1, 0]  seen ['sophie', 'wang', 'mia', 'n:怡君'] sat ['sophie@main:40', 'wang@front:70', 'mia@main:180'] major 1 miss {}  yj_meet
Day  54  rain   fam [1, 1]  seen ['mia', 'n:怡君', 'sophie'] sat ['mia@side:50', 'sophie@main:90'] major 0 miss {}  yj_look
Day  55  rain   fam [1, 2]  seen ['sophie', 'mia'] sat ['sophie@main:160', 'mia@main:180'] major 0 miss {}  
Day  56  cloud  fam [1, 2]  seen ['n:怡君'] sat [] major 1 miss {}  yj_three
Day  57  sun    fam [1, 3]  seen ['mia', 'wang'] sat ['mia@main:190', 'wang@side:210'] major 1 miss {}  yj_chose
Day  58  sun    fam [1, 3]  seen ['sophie', 'mia'] sat ['sophie@main:40', 'mia@side:40'] major 1 miss {}  
Day  59  cloud  fam [1, 3]  seen [] sat [] major 1 miss {}  yj_move
Day  60  rain   fam [1, 4]  seen ['mia', 'wang', 'sophie'] sat ['mia@side:40', 'wang@front:70', 'sophie@side:220'] major 0 miss {}  
Day  61  cloud  fam [1, 5]  seen ['mia'] sat ['mia@side:20'] major 1 miss {}  yj_key yj_key_seen
Day  62  rain   fam [1, 5]  seen ['wang'] sat ['wang@front:170'] major 0 miss {}  
Day  63  rain   fam [1, 5]  seen ['wang', 'sophie', 'mia'] sat ['wang@front:110', 'sophie@main:160', 'mia@main:170'] major 1 miss {}  wall_worry wall_call
Day  64  rain   fam [2, 6]  seen ['sophie', 'mia'] sat ['sophie@main:70', 'mia@main:80'] major 1 miss {}  wall_photos wall_jill
Day  65  rain   fam [2, 6]  seen ['wang', 'mia'] sat ['wang@front:100', 'mia@side:200'] major 0 miss {}  
Day  66  cool   fam [2, 6]  seen ['sophie'] sat ['sophie@main:180'] major 1 miss {}  wall_visit
Day  67  rain   fam [2, 6]  seen [] sat [] major 0 miss {}  
Day  68  sun    fam [2, 6]  seen ['sophie', 'mia', 'wang'] sat ['sophie@main:70', 'mia@main:70', 'wang@main:80'] major 1 miss {}  wall_wang
Day  69  hot    fam [2, 6]  seen ['sophie', 'mia'] sat ['sophie@side:210', 'mia@main:220'] major 0 miss {}  
Day  70  sun    fam [2, 6]  seen ['wang', 'mia', 'sophie'] sat ['wang@front:50', 'mia@side:190', 'sophie@main:200'] major 0 miss {}  wall_setback
Day  71  cloud  fam [2, 6]  seen ['wang', 'mia', 'sophie'] sat ['wang@front:100', 'mia@side:130', 'sophie@side:130'] major 0 miss {}  
Day  72  rain   fam [2, 6]  seen ['mia', 'sophie'] sat ['mia@side:50', 'sophie@side:50'] major 1 miss {}  
Day  73  hot    fam [2, 6]  seen ['n:怡君', 'wang', 'mia'] sat ['wang@main:120', 'mia@main:190'] major 1 miss {}  wall_report
Day  74  cool   fam [2, 6]  seen ['sophie', 'n:怡君', 'wang'] sat ['sophie@main:30', 'wang@main:160'] major 0 miss {}  wall_fee
Day  75  sun    fam [2, 6]  seen ['mia'] sat ['mia@side:210'] major 0 miss {}  
Day  76  cloud  fam [2, 6]  seen ['sophie', 'mia'] sat ['sophie@main:130', 'mia@front:130'] major 0 miss {}  wall_prep
Day  77  cool   fam [2, 6]  seen ['wang', 'mia', 'sophie'] sat ['wang@main:170', 'mia@main:190', 'sophie@main:190'] major 1 miss {}  
Day  78  rain   fam [2, 6]  seen ['mia', 'sophie'] sat ['mia@side:200', 'sophie@main:220'] major 0 miss {}  
Day  79  cool   fam [2, 6]  seen ['sophie', 'mia'] sat ['sophie@main:30', 'mia@main:50'] major 1 miss {}  wall_mediation wall_settle
Day  80  cool   fam [2, 6]  seen ['mia', 'sophie'] sat ['mia@main:160', 'sophie@side:170'] major 0 miss {}  
Day  81  sun    fam [2, 6]  seen ['wang'] sat ['wang@front:120'] major 0 miss {}  wall_paid wall_paper
Day  82  cloud  fam [2, 6]  seen ['sophie', 'n:怡君'] sat ['sophie@main:60'] major 0 miss {}  wall_article
Day  83  sun    fam [2, 6]  seen ['mia', 'sophie'] sat ['mia@side:110', 'sophie@side:110'] major 0 miss {}  
Day  84  sun    fam [2, 6]  seen ['mia', 'sophie'] sat ['mia@side:100', 'sophie@side:100'] major 0 miss {}  
Day  85  hot    fam [2, 6]  seen ['mia'] sat ['mia@main:180'] major 0 miss {}  
Day  86  rain   fam [2, 6]  seen ['mia'] sat ['mia@main:190'] major 0 miss {}  wall_fixed
Day  87  cloud  fam [2, 6]  seen ['mia', 'sophie', 'wang'] sat ['mia@side:120', 'sophie@side:120', 'wang@front:130'] major 0 miss {}  
Day  88  rain   fam [2, 6]  seen ['wang'] sat ['wang@front:70'] major 0 miss {}  
Day  89  rain   fam [2, 6]  seen [] sat [] major 0 miss {}  
Day  90  cloud  fam [2, 6]  seen ['wang'] sat ['wang@front:90'] major 0 miss {}  
Day  91  sun    fam [2, 6]  seen ['sophie', 'mia'] sat ['sophie@main:70', 'mia@side:80'] major 0 miss {}  
Day  92  cloud  fam [2, 6]  seen ['sophie'] sat ['sophie@main:70'] major 0 miss {}  

first day each beat happened:
  yj_meet          53
  yj_look          54
  yj_three         56
  yj_chose         57
  yj_move          59
  yj_key           61
  yj_key_seen      61
  xq_oh            None
  wall_worry       63
  wall_call        63
  wall_photos      64
  wall_jill        64
  wall_visit       66
  wall_wang        68
  wall_setback     70
  wall_report      73
  wall_fee         74
  wall_prep        76
  wall_mediation   79
  wall_settle      79
  wall_paid        81
  wall_article     82
  wall_paper       81
  wall_fixed       86
eras open: {'yj': 53, 'wall': 63, 'up': 81, 'dorm': {}}
major beats per day (last 40 in the trace): {77: ['sophie_mei_4'], 79: ['wall_mediation']}
more than one major in a day: []
page errors: []
ALL MAJORS (key, first day, times): [['milestone', 52, 1], ['yj_meet', 53, 1], ['yj_three', 56, 1], ['ken_tasting', 57, 1], ['lounge_reveal', 58, 1], ['dylan_valentine', 59, 1], ['yj_key', 61, 1], ['wall_worry', 63, 1], ['wall_photos', 64, 1], ['wall_visit', 66, 1], ['wall_wang', 68, 1], ['sm_c', 72, 1], ['wall_report', 73, 1], ['sophie_mei_4', 77, 1], ['wall_mediation', 79, 1]]
40 days in 438s
