PASS  a1_failed_restock_changes_nothing_and_the_suggestion_holds_still  (3.5s)
PASS  a3_the_pause_menu_is_reachable_on_a_short_phone_and_every_way_out_works  (10.4s)
PASS  a5_money_is_one_number_everywhere_after_the_side_hall  (7.6s)
PASS  c_restock_shortcuts_respect_both_the_fridge_and_the_money  (2.7s)
PASS  e_rating_card_is_structured_and_records_are_chips  (1.3s)
PASS  a4b_a_mid_service_checkpoint_is_consistent_and_the_day_finishes_after_it  (137.1s)
PASS  g_lines_and_reviews_do_not_repeat_themselves  (2.0s)
PASS  h_i_k_t_shop_rooms_decoration_pass_and_dreams  (6.4s)
PASS  l_m_n_hospitality_set_sales_and_the_weather_suggestion  (4.1s)
PASS  q_plus_world_sprites_keep_jill_and_dylan_their_own  (0.5s)
PASS  w_the_album_is_a_living_history  (2.0s)
PASS  z_regression_rooms_kitchen_construction_and_staff_assignment  (255.5s)
PASS  speech_log_logs_each_spoken_line_once  (3.2s)
PASS  restock_during_service_is_one_tap_with_immediate_feedback  (4.4s)
PASS  workstation_assignment_is_explicit_with_capacities_and_swaps  (4.9s)
PASS  weather_dish_replaces_a_chosen_dish_when_the_menu_is_full  (3.9s)
FAIL  outdoor_area_is_a_project_and_its_tables_are_furniture_and_the_dog_rests_outside  (3.7s)
      the roll that turns a dog walker away without the nook lets them in with it: {'without': False, 'with_': False}
PASS  the_players_saves_load_through_a_real_reload  (6.2s)
PASS  dylan_leaves_a_trace_and_never_vanishes_at_a_closed_door  (4.1s)
PASS  a_second_signature_the_dessert_with_its_own_progression  (4.0s)
PASS  story_foundation_facts_lanes_overdue_and_reload  (0.9s)
PASS  a_day_with_the_hooks_writes_copresence_named_history_and_nothing_twice  (3.8s)
PASS  the_lounge_is_the_same_restaurant_one_guest_one_visit_one_tab  (4.8s)
PASS  the_lounge_has_an_origin_ken_wine_a_tasting_and_a_project_that_never_disappears  (4.3s)
PASS  staff_learn_places_coarsely_and_veterans_stay_useful  (5.9s)
PASS  phase8_reviews_say_what_happened_posts_amplify_it_and_a_campaign_is_counted  (2.0s)
PASS  followup_story_progress_is_visible_retrievable_and_honest  (7.9s)
PASS  followup_a_campaign_is_felt_in_the_room  (2.2s)
PASS  qa_merged_room_tabs_cushion_light_and_social_entrances  (2.8s)
PASS  regulars_remember_their_life_not_replay_it  (1.3s)
PASS  every_player_save_migrates_plays_a_day_and_keeps_its_story  (149.3s)
PASS  story_photos_show_the_current_art_not_an_old_copy  (3.0s)
PASS  journal_pages_never_show_undefined  (6.9s)
PASS  dogs_five_kinds_and_the_house_by_the_door  (1.8s)
PASS  window_line_cats_stay_inside_and_in_sight  (9.2s)
PASS  v24_back_of_house_is_a_work_area_and_keeps_its_two  (1.1s)
PASS  v24_story_presence_for_one_day  (4.9s)
PASS  v24_eras_open_in_order_and_dormant_ones_never_reverse  (1.1s)
PASS  v24_names_staff_and_outside_cast_are_not_random_guests  (0.3s)
PASS  v24_stage_gates_follow_the_chronology_and_their_own_gaps  (1.0s)
PASS  v24_the_wall_is_written_to_the_rules  (0.3s)
PASS  v24_xiuqin_is_there_from_day_one_and_is_not_free_labour  (3.1s)
PASS  v24_the_first_cleaner_hired_is_her_and_keeps_what_she_knows  (1.3s)
FAIL  v24_manual_tutorial_and_news_cover_the_new_content  (0.3s)
      the audit stamp on GUIDE
PASS  v24_restaurant_and_lounge_staff_are_two_pools_that_never_share_places  (2.3s)
PASS  v24_a_guest_who_came_for_the_signature_says_so_rarely_and_in_different_words  (19.3s)
PASS  v24_the_second_floor_is_a_story_before_it_is_a_room  (1.0s)
PASS  v24_the_night_cut_short_is_not_counted_and_comes_again  (5.9s)
PASS  v24_rc6_the_staff_room_comes_from_a_need_and_grows_in_place  (2.3s)
PASS  v24_rc6_private_dining_reservations_follow_the_rules  (3.0s)
PASS  v24_rc6_two_more_restaurant_places_and_the_lounge_unchanged  (2.5s)
PASS  v24_rc6_the_floor_and_its_rooms_are_tabs  (19.3s)
PASS  v24_rc6_the_staff_room_has_a_way_to_every_seat  (6.5s)
PASS  v24_rc6_the_staff_room_plays_a_frame_and_dozes  (22.4s)
PASS  v24_rc6_cats_visit_the_rooms_and_leave  (22.6s)
PASS  v24_rc6_no_empty_sheet_over_a_service  (3.9s)
PASS  v24_rc6_an_authored_beat_holds_the_service_until_it_is_read  (27.8s)
PASS  v24_rc6_sophie_and_mia_begin  (18.9s)
PASS  v24_rc6_new_things_are_talked_about  (9.5s)
PASS  v24_rc6_new_places_have_their_photos  (4.1s)
PASS  v24_rc6_a_booked_party_comes_eats_and_pays  (6.4s)
PASS  v24_rc6_qing_and_tuo_move_on  (2.1s)
PASS  v24_rc6_the_morning_reports  (4.2s)
PASS  v24_rc7_the_money  (9.0s)
      the scene: —：下午，房東來了一趟。 / 房東：我上去一下，拿個東西。 / —：樓梯門在側廳。房東開了鎖，回頭看了 Jill 一眼。 / 房東：要上來看嗎？ / Jill：好。 / —：整層都是空的。角落靠著兩支舊滅火器；消防檢查快到了，他要拿去換新的。 / 房東：地板是好的，窗戶也是好的。 / Jill：嗯。 / —：房東一手提一支滅火器下樓，把門鎖好才走。
PASS  v24_rc7_the_landlord_goes_up  (4.0s)
PASS  v24_rc7_ken_comes_back_and_proposes_a_tasting  (2.4s)
PASS  v24_rc7_the_wine_and_monsieur_du  (2.2s)
PASS  v24_rc7_story_guests_have_their_own_faces  (0.7s)

66 passed, 2 failed
