FAIL  the_street_has_passers_by_and_some_walk_in  (31.0s)
      the walk-in should replace the next scheduled party and start on the pavement: {'no': 0, 'ok': False, 'si': 0, 'walkIn': None, 'x': 134, 'y': 334, 'room': 'main', 'st': 'toTable'}
PASS  a2_the_game_never_buys_stock_for_the_player_and_money_never_goes_negative  (17.4s)
PASS  a4_the_album_opens_without_a_render_storm_and_progress_survives_a_kill  (8.8s)
PASS  b_staff_are_grouped_by_job  (1.6s)
PASS  d_service_speed_scales_the_whole_simulation_and_keeps_hand_timing_fair  (7.1s)
PASS  o_toggling_a_dish_keeps_the_scroll_position  (2.0s)
PASS  f_reviews_name_only_the_cats_the_table_actually_met  (2.4s)
PASS  dylan_is_a_presence_not_a_story_trigger  (12.2s)
PASS  j_cat_furniture_comes_in_tiers_and_the_grass_pot_is_used  (13.5s)
PASS  q_portraits_are_one_system_with_a_fallback_and_fit_a_phone  (4.3s)
PASS  u_v_world_memory_and_regulars_speak_with_their_faces  (8.2s)
PASS  x_a_desktop_window_is_used_and_the_mouse_and_keyboard_work  (3.0s)
PASS  wangs_are_two_people_who_usually_come_together  (1.6s)
PASS  portrait_crops_isolate_each_figure  (2.9s)
PASS  restaurant_records_are_readable_in_the_journal  (1.3s)
PASS  album_has_two_entries_history_from_the_start_and_todays_photos_from_the_summary  (1.4s)
PASS  main_and_side_hall_are_one_layout_system  (2.4s)
PASS  hospitality_stays_with_a_guest_from_stranger_to_regular  (7.5s)
PASS  infrastructure_you_can_see_and_a_calmer_incident_calendar  (1.8s)
PASS  stock_suggestion_follows_each_dish_and_counts_the_demand_it_missed  (12.5s)
PASS  named_guests_keep_one_face_and_the_staff_have_theirs  (1.7s)
PASS  story_state_is_empty_on_old_saves_and_stable_over_reloads  (7.9s)
PASS  sophie_and_baobao_the_arc_runs_on_real_conditions_and_leaves_a_pad_a_fact_and_a_story_photo  (2.6s)
PASS  a_lounge_guest_pays_once_per_phase_and_a_review_only_for_the_visit  (5.1s)
PASS  lounge_i_content_bar_food_in_the_kitchen_wine_at_dinner_the_cast_by_name  (5.1s)
PASS  phase7_the_arcs_run_on_real_history_and_leave_it_changed  (4.3s)
PASS  phase9_the_restaurant_remembers_milestones_slots_and_small_crossovers  (2.2s)
PASS  followup_a_busy_service_keeps_every_line_and_the_journal_is_reachable  (2.4s)
PASS  followup_the_manual_describes_the_current_game  (0.4s)
PASS  dylan_dialogue_revisions_2026_10_01  (2.9s)
PASS  story_page_counts_only_real_beats_numbered_with_unseen_stages  (4.8s)
PASS  journal_social_page_opens_the_same_day_as_the_shops  (0.9s)
PASS  regular_card_says_her_for_sophie_and_mia  (2.0s)
PASS  kitchen_works_walk_in_and_a_second_coffee_machine  (7.7s)
PASS  side_room_booths_one_row_at_a_time  (4.9s)
PASS  guest_book_notes_drinks_the_usual_and_spacing  (1.9s)
PASS  v24_legacy_tenure_is_a_class_not_the_days_since_v23  (1.4s)
PASS  v24_walk_over_is_a_floor_walk_and_never_a_cook  (5.4s)
PASS  v24_illustrations_show_with_the_scene_and_reopen  (1.7s)
PASS  v24_saves_load_and_nothing_fires_on_load  (35.1s)
PASS  v24_yijun_comes_to_eat_and_her_mother_walks_over  (5.4s)
FAIL  v24_day52_save_plays_the_stories_in_order_over_forty_days  (93.2s)
      the wall begins Day 62–66 (62–66): {'yj_meet': 53, 'yj_look': 54, 'yj_three': 56, 'yj_chose': 57, 'yj_move': 59, 'yj_key': 61, 'wall_worry': 67, 'wall_photos': 68, 'wall_visit': 70, 'wall_wang': 71, 'wall_setback': 73, 'wall_report': 76, 'wall_fee': 77, 'wall_prep': 79, 'wall_mediation': 82, 'wall_settle': 82, 'wall_article': 85}
PASS  v24_xiuqin_goes_home_a_while_into_the_closing  (1.2s)
PASS  v24_yijun_comes_early_in_a_fresh_game_and_meets_her_mother_at_closing  (10.9s)
PASS  v24_the_day_is_held_for_the_beat_its_people_came_for  (1.7s)
PASS  v24_an_old_shared_cap_save_keeps_everyone_and_waits  (1.6s)
PASS  v24_the_signature_steppers_stay_on_their_own_line  (1.6s)
PASS  v24_the_night_of_the_missing_cats  (78.8s)
PASS  v24_jill_calls_the_landlord_and_the_whole_floor_is_hers  (74.1s)
PASS  v24_rc6_the_staff_room_is_used_and_the_pools_stay_apart  (8.3s)
PASS  v24_rc6_private_dining_bookings_are_seen_and_grow_with_the_room  (1.8s)
PASS  v24_rc6_private_dining_story_needs_two_tables_and_a_lived_in_staff_room  (1.5s)
PASS  v24_rc6_the_floor_is_shown_when_it_changes  (4.9s)
PASS  v24_rc6_the_floor_plan_grows_with_the_building  (1.9s)
PASS  v24_rc6_a_name_finds_its_person_and_a_person_its_name  (8.6s)
PASS  v24_rc6_bar_bites_take_no_menu_slot  (4.6s)
PASS  v24_rc6_anan_works_the_lounge_first  (8.0s)
PASS  v24_rc6_story_pages_keep_only_their_own_lines  (9.5s)
PASS  v24_rc6_a_finished_lounge_opens_the_floor_in_a_mature_save  (18.2s)
PASS  v24_rc6_more_to_spend_on  (5.5s)
PASS  v24_rc6_the_open_floor_keeps_its_ways  (3.1s)
PASS  v24_rc6_the_private_dining_room_minimum_service_and_long_table  (3.3s)
PASS  v24_rc6_a_regulars_dated_beat_keeps_its_day  (3.7s)
PASS  v24_rc6_stalled_lines_move_on  (4.6s)
PASS  v24_rc7_madame_lin_says_which_corner  (1.2s)
PASS  v24_rc7_a_line_finds_its_table  (5.9s)
PASS  v24_rc7_ken_hosts_his_tasting_nights  (18.8s)
PASS  v24_rc7_yuan_comes_to_play_the_piano  (17.1s)

66 passed, 2 failed
