shard 0/2: 91 of 181 tests
PASS  single_file_in_sync  (0.2s)
PASS  main_loop_single_instance  (3.0s)
PASS  customer_full_flow_and_economy  (1.1s)
PASS  cooking_every_recipe  (0.8s)
PASS  cat_ai_keeps_running  (1.2s)
PASS  old_saves_load  (4.2s)
PASS  cat_personality_fingerprint  (1.7s)
PASS  touch_controls  (5.0s)
PASS  jill_evening_life  (17.1s)
PASS  dylan_stays_a_quiet_regular_early_on  (4.7s)
PASS  long_play_is_stable  (6.7s)
PASS  kitchen_staff_ladder  (0.7s)
PASS  waiting_bench  (0.6s)
PASS  world_stays_visible_across_days  (42.6s)
PASS  service_checkpoint_resumes_the_day  (27.9s)
PASS  jill_rests_when_staff_cover_the_floor  (149.8s)
PASS  album_notes_and_journal  (398.3s)
PASS  demand_recommendation_staff_v181  (2.0s)
PASS  hold_recipes_never_lock_the_game  (71.9s)
PASS  tickets_keep_the_guest_v182  (0.9s)
PASS  regulars_have_lives_v182  (5.9s)
PASS  rating_story_records_and_panels_v182  (3.7s)
PASS  achievements_and_hold_variation_v182  (0.8s)
PASS  golden_scenario  (3.5s)
PASS  mature_save_loads_into_2_0  (35.7s)
PASS  purchases_change_the_place  (59.6s)
PASS  goal_ladder_and_dylan_scenes  (4.5s)
PASS  the_street_has_passers_by_and_some_walk_in  (46.1s)
PASS  a2_the_game_never_buys_stock_for_the_player_and_money_never_goes_negative  (23.5s)
PASS  a4_the_album_opens_without_a_render_storm_and_progress_survives_a_kill  (9.3s)
PASS  b_staff_are_grouped_by_job  (2.0s)
PASS  d_service_speed_scales_the_whole_simulation_and_keeps_hand_timing_fair  (10.2s)
PASS  o_toggling_a_dish_keeps_the_scroll_position  (2.5s)
PASS  f_reviews_name_only_the_cats_the_table_actually_met  (2.6s)
PASS  dylan_is_a_presence_not_a_story_trigger  (16.0s)
PASS  j_cat_furniture_comes_in_tiers_and_the_grass_pot_is_used  (18.1s)
PASS  q_portraits_are_one_system_with_a_fallback_and_fit_a_phone  (6.9s)
PASS  u_v_world_memory_and_regulars_speak_with_their_faces  (8.4s)
PASS  x_a_desktop_window_is_used_and_the_mouse_and_keyboard_work  (3.8s)
PASS  wangs_are_two_people_who_usually_come_together  (1.8s)
PASS  portrait_crops_isolate_each_figure  (2.5s)
PASS  restaurant_records_are_readable_in_the_journal  (1.4s)
PASS  album_has_two_entries_history_from_the_start_and_todays_photos_from_the_summary  (1.7s)
PASS  main_and_side_hall_are_one_layout_system  (3.1s)
PASS  hospitality_stays_with_a_guest_from_stranger_to_regular  (9.3s)
PASS  infrastructure_you_can_see_and_a_calmer_incident_calendar  (2.1s)
PASS  stock_suggestion_follows_each_dish_and_counts_the_demand_it_missed  (20.9s)
PASS  named_guests_keep_one_face_and_the_staff_have_theirs  (2.3s)
PASS  story_state_is_empty_on_old_saves_and_stable_over_reloads  (11.4s)
PASS  sophie_and_baobao_the_arc_runs_on_real_conditions_and_leaves_a_pad_a_fact_and_a_story_photo  (3.0s)
PASS  a_lounge_guest_pays_once_per_phase_and_a_review_only_for_the_visit  (7.0s)
PASS  lounge_i_content_bar_food_in_the_kitchen_wine_at_dinner_the_cast_by_name  (7.9s)
PASS  phase7_the_arcs_run_on_real_history_and_leave_it_changed  (5.7s)
PASS  phase9_the_restaurant_remembers_milestones_slots_and_small_crossovers  (2.6s)
PASS  followup_a_busy_service_keeps_every_line_and_the_journal_is_reachable  (2.8s)
PASS  followup_the_manual_describes_the_current_game  (0.6s)
PASS  dylan_dialogue_revisions_2026_10_01  (3.9s)
PASS  story_page_counts_only_real_beats_numbered_with_unseen_stages  (4.8s)
PASS  journal_social_page_opens_the_same_day_as_the_shops  (1.0s)
PASS  regular_card_says_her_for_sophie_and_mia  (2.4s)
PASS  kitchen_works_walk_in_and_a_second_coffee_machine  (10.8s)
PASS  side_room_booths_one_row_at_a_time  (5.6s)
PASS  guest_book_notes_drinks_the_usual_and_spacing  (2.1s)
PASS  v24_legacy_tenure_is_a_class_not_the_days_since_v23  (2.0s)
PASS  v24_walk_over_is_a_floor_walk_and_never_a_cook  (7.2s)
PASS  v24_illustrations_show_with_the_scene_and_reopen  (1.8s)
PASS  v24_saves_load_and_nothing_fires_on_load  (38.9s)
PASS  v24_yijun_comes_to_eat_and_her_mother_walks_over  (7.4s)
PASS  v24_day52_save_plays_the_stories_in_order_over_forty_days  (118.1s)
PASS  v24_xiuqin_goes_home_a_while_into_the_closing  (1.3s)
PASS  v24_yijun_comes_early_in_a_fresh_game_and_meets_her_mother_at_closing  (13.7s)
PASS  v24_the_day_is_held_for_the_beat_its_people_came_for  (2.2s)
PASS  v24_an_old_shared_cap_save_keeps_everyone_and_waits  (2.4s)
PASS  v24_the_signature_steppers_stay_on_their_own_line  (2.3s)
PASS  v24_the_night_of_the_missing_cats  (102.3s)
PASS  v24_jill_calls_the_landlord_and_the_whole_floor_is_hers  (96.3s)
PASS  v24_rc6_the_staff_room_is_used_and_the_pools_stay_apart  (11.3s)
PASS  v24_rc6_private_dining_bookings_are_seen_and_grow_with_the_room  (2.6s)
PASS  v24_rc6_private_dining_story_needs_two_tables_and_a_lived_in_staff_room  (2.1s)
PASS  v24_rc6_the_floor_is_shown_when_it_changes  (5.0s)
PASS  v24_rc6_the_floor_plan_grows_with_the_building  (1.9s)
PASS  v24_rc6_a_name_finds_its_person_and_a_person_its_name  (8.1s)
PASS  v24_rc6_bar_bites_take_no_menu_slot  (2.3s)
PASS  v24_rc6_anan_works_the_lounge_first  (3.7s)
PASS  v24_rc6_story_pages_keep_only_their_own_lines  (6.4s)
PASS  v24_rc6_a_finished_lounge_opens_the_floor_in_a_mature_save  (14.6s)
PASS  v24_rc6_more_to_spend_on  (4.3s)
PASS  v24_rc6_the_open_floor_keeps_its_ways  (2.5s)
PASS  v24_rc6_the_private_dining_room_minimum_service_and_long_table  (2.8s)
PASS  v24_rc6_a_regulars_dated_beat_keeps_its_day  (1.3s)
PASS  v24_rc6_stalled_lines_move_on  (3.1s)

91 passed, 0 failed
SHARD DONE
