shard 1/2: 90 of 181 tests
PASS  new_game_starts  (0.7s)
PASS  listeners_do_not_accumulate  (1.4s)
PASS  close_shop_early  (0.9s)
PASS  five_cats_initialise  (0.4s)
PASS  save_and_load_roundtrip  (1.7s)
PASS  unreadable_save_is_kept  (1.9s)
PASS  ui_basics  (1.8s)
PASS  sofa_geometry  (0.3s)
PASS  cats_use_sofa_by_personality  (23.3s)
PASS  dylan_hidden_reveal  (7.8s)
PASS  cooking_flow_families  (0.7s)
PASS  waiter_serves_ready_food  (0.9s)
PASS  dylan_pays_tidies_and_is_not_staff  (0.7s)
PASS  v16_save_continues_in_v17  (8.0s)
PASS  daylight_returns_every_morning  (8.4s)
PASS  research_is_solvable_from_visible_info  (1.3s)
PASS  tables_need_clearing_after_checkout  (0.7s)
PASS  album_store_and_viewer_v181  (100.5s)
PASS  frame_loop_survives_a_draw_error  (0.7s)
PASS  dylan_is_present_v182  (0.7s)
PASS  weather_days_and_stock_v182  (0.9s)
PASS  economy_ops_duties_and_prices_v182  (1.3s)
PASS  save_backup_and_restore  (2.3s)
PASS  golden_frames  (204.4s)
PASS  kitchen_cooks_walk_the_line_and_plate  (21.2s)
PASS  cats_use_their_things_and_stay_inside  (178.9s)
PASS  specials_are_a_finer_version_of_a_mastered_dish  (58.2s)
PASS  a1_failed_restock_changes_nothing_and_the_suggestion_holds_still  (2.8s)
PASS  a3_the_pause_menu_is_reachable_on_a_short_phone_and_every_way_out_works  (11.1s)
PASS  a5_money_is_one_number_everywhere_after_the_side_hall  (9.6s)
PASS  c_restock_shortcuts_respect_both_the_fridge_and_the_money  (3.5s)
PASS  e_rating_card_is_structured_and_records_are_chips  (1.8s)
PASS  a4b_a_mid_service_checkpoint_is_consistent_and_the_day_finishes_after_it  (204.1s)
PASS  g_lines_and_reviews_do_not_repeat_themselves  (2.4s)
PASS  h_i_k_t_shop_rooms_decoration_pass_and_dreams  (8.4s)
PASS  l_m_n_hospitality_set_sales_and_the_weather_suggestion  (6.9s)
PASS  q_plus_world_sprites_keep_jill_and_dylan_their_own  (1.0s)
PASS  w_the_album_is_a_living_history  (2.0s)
PASS  z_regression_rooms_kitchen_construction_and_staff_assignment  (321.8s)
PASS  speech_log_logs_each_spoken_line_once  (4.0s)
PASS  restock_during_service_is_one_tap_with_immediate_feedback  (2.8s)
PASS  workstation_assignment_is_explicit_with_capacities_and_swaps  (4.9s)
PASS  weather_dish_replaces_a_chosen_dish_when_the_menu_is_full  (2.5s)
PASS  outdoor_area_is_a_project_and_its_tables_are_furniture_and_the_dog_rests_outside  (3.3s)
PASS  the_players_saves_load_through_a_real_reload  (7.0s)
PASS  dylan_leaves_a_trace_and_never_vanishes_at_a_closed_door  (6.0s)
PASS  a_second_signature_the_dessert_with_its_own_progression  (6.4s)
PASS  story_foundation_facts_lanes_overdue_and_reload  (1.0s)
PASS  a_day_with_the_hooks_writes_copresence_named_history_and_nothing_twice  (4.9s)
PASS  the_lounge_is_the_same_restaurant_one_guest_one_visit_one_tab  (7.3s)
PASS  the_lounge_has_an_origin_ken_wine_a_tasting_and_a_project_that_never_disappears  (5.0s)
PASS  staff_learn_places_coarsely_and_veterans_stay_useful  (7.5s)
PASS  phase8_reviews_say_what_happened_posts_amplify_it_and_a_campaign_is_counted  (2.4s)
PASS  followup_story_progress_is_visible_retrievable_and_honest  (7.2s)
PASS  followup_a_campaign_is_felt_in_the_room  (3.8s)
PASS  qa_merged_room_tabs_cushion_light_and_social_entrances  (3.1s)
PASS  regulars_remember_their_life_not_replay_it  (1.6s)
PASS  every_player_save_migrates_plays_a_day_and_keeps_its_story  (144.0s)
PASS  story_photos_show_the_current_art_not_an_old_copy  (2.5s)
PASS  journal_pages_never_show_undefined  (8.8s)
PASS  dogs_five_kinds_and_the_house_by_the_door  (2.6s)
PASS  window_line_cats_stay_inside_and_in_sight  (12.9s)
PASS  v24_back_of_house_is_a_work_area_and_keeps_its_two  (1.8s)
PASS  v24_story_presence_for_one_day  (6.5s)
PASS  v24_eras_open_in_order_and_dormant_ones_never_reverse  (1.8s)
PASS  v24_names_staff_and_outside_cast_are_not_random_guests  (0.8s)
PASS  v24_stage_gates_follow_the_chronology_and_their_own_gaps  (1.8s)
PASS  v24_the_wall_is_written_to_the_rules  (0.4s)
PASS  v24_xiuqin_is_there_from_day_one_and_is_not_free_labour  (4.6s)
PASS  v24_the_first_cleaner_hired_is_her_and_keeps_what_she_knows  (1.8s)
PASS  v24_manual_tutorial_and_news_cover_the_new_content  (4.9s)
PASS  v24_restaurant_and_lounge_staff_are_two_pools_that_never_share_places  (3.6s)
PASS  v24_a_guest_who_came_for_the_signature_says_so_rarely_and_in_different_words  (32.6s)
PASS  v24_the_second_floor_is_a_story_before_it_is_a_room  (1.4s)
PASS  v24_the_night_cut_short_is_not_counted_and_comes_again  (11.3s)
PASS  v24_rc6_the_staff_room_comes_from_a_need_and_grows_in_place  (3.5s)
PASS  v24_rc6_private_dining_reservations_follow_the_rules  (3.6s)
PASS  v24_rc6_two_more_restaurant_places_and_the_lounge_unchanged  (2.6s)
PASS  v24_rc6_the_floor_and_its_rooms_are_tabs  (17.7s)
PASS  v24_rc6_the_staff_room_has_a_way_to_every_seat  (6.8s)
PASS  v24_rc6_the_staff_room_plays_a_frame_and_dozes  (21.9s)
PASS  v24_rc6_cats_visit_the_rooms_and_leave  (21.2s)
PASS  v24_rc6_no_empty_sheet_over_a_service  (3.7s)
PASS  v24_rc6_an_authored_beat_holds_the_service_until_it_is_read  (26.3s)
PASS  v24_rc6_sophie_and_mia_begin  (12.8s)
PASS  v24_rc6_new_things_are_talked_about  (7.5s)
PASS  v24_rc6_new_places_have_their_photos  (3.3s)
PASS  v24_rc6_a_booked_party_comes_eats_and_pays  (4.7s)
PASS  v24_rc6_qing_and_tuo_move_on  (1.8s)
PASS  v24_rc6_the_morning_reports  (3.3s)

90 passed, 0 failed
SHARD DONE
