PASS  single_file_in_sync  (0.2s)
PASS  new_game_starts  (0.7s)
PASS  main_loop_single_instance  (2.8s)
PASS  listeners_do_not_accumulate  (1.6s)
PASS  customer_full_flow_and_economy  (1.1s)
PASS  close_shop_early  (1.0s)
PASS  cooking_every_recipe  (0.8s)
PASS  five_cats_initialise  (0.4s)
PASS  cat_ai_keeps_running  (1.1s)
PASS  save_and_load_roundtrip  (1.6s)
PASS  old_saves_load  (3.8s)
PASS  unreadable_save_is_kept  (2.0s)
PASS  cat_personality_fingerprint  (1.6s)
PASS  ui_basics  (1.8s)
PASS  touch_controls  (4.4s)
PASS  sofa_geometry  (0.3s)
PASS  jill_evening_life  (14.7s)
PASS  cats_use_sofa_by_personality  (20.1s)
PASS  dylan_stays_a_quiet_regular_early_on  (4.0s)
PASS  dylan_hidden_reveal  (6.3s)
PASS  long_play_is_stable  (5.6s)
PASS  cooking_flow_families  (0.7s)
PASS  kitchen_staff_ladder  (0.7s)
PASS  waiter_serves_ready_food  (0.8s)
PASS  waiting_bench  (0.7s)
PASS  dylan_pays_tidies_and_is_not_staff  (0.7s)
PASS  world_stays_visible_across_days  (39.6s)
PASS  v16_save_continues_in_v17  (7.3s)
PASS  service_checkpoint_resumes_the_day  (27.2s)
PASS  daylight_returns_every_morning  (8.4s)
PASS  jill_rests_when_staff_cover_the_floor  (149.2s)
PASS  research_is_solvable_from_visible_info  (1.3s)
PASS  album_notes_and_journal  (320.5s)
PASS  tables_need_clearing_after_checkout  (0.6s)
PASS  demand_recommendation_staff_v181  (1.6s)
PASS  album_store_and_viewer_v181  (97.8s)
PASS  hold_recipes_never_lock_the_game  (46.3s)
PASS  frame_loop_survives_a_draw_error  (0.6s)
PASS  tickets_keep_the_guest_v182  (0.7s)
PASS  dylan_is_present_v182  (0.6s)
PASS  regulars_have_lives_v182  (3.5s)
PASS  weather_days_and_stock_v182  (0.7s)
PASS  rating_story_records_and_panels_v182  (1.9s)
PASS  economy_ops_duties_and_prices_v182  (1.2s)
PASS  achievements_and_hold_variation_v182  (0.5s)
PASS  save_backup_and_restore  (2.3s)
PASS  golden_scenario  (2.2s)
PASS  golden_frames  (146.9s)
PASS  mature_save_loads_into_2_0  (23.3s)
PASS  kitchen_cooks_walk_the_line_and_plate  (16.5s)
PASS  purchases_change_the_place  (38.2s)
EXIT 143
