PASS  single_file_in_sync  (0.2s)
PASS  new_game_starts  (0.6s)
PASS  main_loop_single_instance  (2.7s)
PASS  listeners_do_not_accumulate  (1.4s)
PASS  customer_full_flow_and_economy  (0.8s)
PASS  close_shop_early  (0.8s)
PASS  cooking_every_recipe  (0.6s)
PASS  five_cats_initialise  (0.3s)
PASS  cat_ai_keeps_running  (0.9s)
PASS  save_and_load_roundtrip  (1.4s)
PASS  old_saves_load  (3.4s)
PASS  unreadable_save_is_kept  (1.7s)
PASS  cat_personality_fingerprint  (1.5s)
PASS  ui_basics  (1.7s)
PASS  touch_controls  (4.2s)
PASS  sofa_geometry  (0.3s)
PASS  jill_evening_life  (14.6s)
PASS  cats_use_sofa_by_personality  (19.9s)
PASS  dylan_stays_a_quiet_regular_early_on  (4.1s)
PASS  dylan_hidden_reveal  (6.2s)
PASS  long_play_is_stable  (5.6s)
PASS  cooking_flow_families  (0.6s)
PASS  kitchen_staff_ladder  (0.7s)
PASS  waiter_serves_ready_food  (0.9s)
PASS  waiting_bench  (0.7s)
PASS  dylan_pays_tidies_and_is_not_staff  (0.6s)
PASS  world_stays_visible_across_days  (39.3s)
PASS  v16_save_continues_in_v17  (7.3s)
PASS  service_checkpoint_resumes_the_day  (27.8s)
PASS  daylight_returns_every_morning  (8.3s)
