PASS  single_file_in_sync  (0.2s)
PASS  new_game_starts  (0.6s)
PASS  main_loop_single_instance  (2.7s)
PASS  listeners_do_not_accumulate  (1.4s)
PASS  customer_full_flow_and_economy  (0.9s)
PASS  close_shop_early  (0.8s)
PASS  cooking_every_recipe  (0.6s)
PASS  five_cats_initialise  (0.3s)
PASS  cat_ai_keeps_running  (0.9s)
PASS  save_and_load_roundtrip  (1.5s)
PASS  old_saves_load  (3.5s)
PASS  unreadable_save_is_kept  (2.0s)
PASS  cat_personality_fingerprint  (1.5s)
PASS  ui_basics  (1.7s)
PASS  touch_controls  (4.1s)
PASS  sofa_geometry  (0.3s)
PASS  jill_evening_life  (14.3s)
PASS  cats_use_sofa_by_personality  (18.8s)
PASS  dylan_stays_a_quiet_regular_early_on  (3.9s)
PASS  dylan_hidden_reveal  (6.3s)
PASS  long_play_is_stable  (5.4s)
PASS  cooking_flow_families  (0.7s)
PASS  kitchen_staff_ladder  (0.7s)
PASS  waiter_serves_ready_food  (0.9s)
PASS  waiting_bench  (0.7s)
PASS  dylan_pays_tidies_and_is_not_staff  (0.7s)
PASS  world_stays_visible_across_days  (38.6s)
PASS  v16_save_continues_in_v17  (7.4s)
PASS  service_checkpoint_resumes_the_day  (26.7s)
PASS  daylight_returns_every_morning  (8.2s)
PASS  jill_rests_when_staff_cover_the_floor  (136.2s)
PASS  research_is_solvable_from_visible_info  (1.2s)
PASS  album_notes_and_journal  (315.5s)
PASS  tables_need_clearing_after_checkout  (0.6s)
PASS  demand_recommendation_staff_v181  (1.6s)
PASS  album_store_and_viewer_v181  (97.0s)
PASS  hold_recipes_never_lock_the_game  (45.4s)
PASS  frame_loop_survives_a_draw_error  (0.7s)
PASS  tickets_keep_the_guest_v182  (0.7s)
PASS  dylan_is_present_v182  (0.6s)
PASS  regulars_have_lives_v182  (3.4s)
PASS  weather_days_and_stock_v182  (0.7s)
PASS  rating_story_records_and_panels_v182  (1.7s)
PASS  economy_ops_duties_and_prices_v182  (1.0s)
PASS  achievements_and_hold_variation_v182  (0.5s)
PASS  save_backup_and_restore  (2.2s)
PASS  golden_scenario  (2.1s)
FAIL  golden_frames  (150.3s)
      service_20s: pixels differ in box (16, 50, 267, 137) (see tests/artifacts/)
      service_panel: pixels differ in box (16, 50, 267, 120) (see tests/artifacts/)
      pause: pixels differ in box (16, 50, 267, 116) (see tests/artifacts/)
      evening: pixels differ in box (47, 224, 54, 232) (see tests/artifacts/)
      day1: first differing sample #11 (t=11.033): dom
      day2: first differing sample #0 (t=0.033): dom
PASS  mature_save_loads_into_2_0  (23.4s)
PASS  kitchen_cooks_walk_the_line_and_plate  (16.0s)
PASS  purchases_change_the_place  (37.6s)
PASS  cats_use_their_things_and_stay_inside  (136.7s)
PASS  goal_ladder_and_dylan_scenes  (2.8s)
PASS  specials_are_a_finer_version_of_a_mastered_dish  (35.6s)
PASS  the_street_has_passers_by_and_some_walk_in  (30.1s)
PASS  a1_failed_restock_changes_nothing_and_the_suggestion_holds_still  (2.1s)
PASS  a2_the_game_never_buys_stock_for_the_player_and_money_never_goes_negative  (15.7s)
PASS  a3_the_pause_menu_is_reachable_on_a_short_phone_and_every_way_out_works  (9.9s)
PASS  a4_the_album_opens_without_a_render_storm_and_progress_survives_a_kill  (8.1s)
PASS  a5_money_is_one_number_everywhere_after_the_side_hall  (6.9s)
PASS  b_staff_are_grouped_by_job  (1.3s)
PASS  c_restock_shortcuts_respect_both_the_fridge_and_the_money  (2.6s)
PASS  d_service_speed_scales_the_whole_simulation_and_keeps_hand_timing_fair  (6.6s)
PASS  e_rating_card_is_structured_and_records_are_chips  (1.2s)
PASS  o_toggling_a_dish_keeps_the_scroll_position  (1.8s)
PASS  a4b_a_mid_service_checkpoint_is_consistent_and_the_day_finishes_after_it  (121.5s)
PASS  f_reviews_name_only_the_cats_the_table_actually_met  (2.1s)
PASS  g_lines_and_reviews_do_not_repeat_themselves  (1.8s)
PASS  dylan_is_a_presence_not_a_story_trigger  (12.1s)
PASS  h_i_k_t_shop_rooms_decoration_pass_and_dreams  (5.6s)
PASS  j_cat_furniture_comes_in_tiers_and_the_grass_pot_is_used  (13.4s)
PASS  l_m_n_hospitality_set_sales_and_the_weather_suggestion  (3.7s)
PASS  q_portraits_are_one_system_with_a_fallback_and_fit_a_phone  (3.9s)
PASS  q_plus_world_sprites_keep_jill_and_dylan_their_own  (0.4s)
PASS  u_v_world_memory_and_regulars_speak_with_their_faces  (7.8s)
PASS  w_the_album_is_a_living_history  (1.5s)
PASS  x_a_desktop_window_is_used_and_the_mouse_and_keyboard_work  (2.6s)
PASS  z_regression_rooms_kitchen_construction_and_staff_assignment  (214.0s)
PASS  wangs_are_two_people_who_usually_come_together  (1.1s)
PASS  speech_log_logs_each_spoken_line_once  (2.1s)
PASS  portrait_crops_isolate_each_figure  (1.4s)
PASS  restock_during_service_is_one_tap_with_immediate_feedback  (2.1s)
PASS  restaurant_records_are_readable_in_the_journal  (1.0s)
PASS  workstation_assignment_is_explicit_with_capacities_and_swaps  (3.2s)
PASS  album_has_two_entries_history_from_the_start_and_todays_photos_from_the_summary  (1.2s)
PASS  weather_dish_replaces_a_chosen_dish_when_the_menu_is_full  (1.8s)
PASS  main_and_side_hall_are_one_layout_system  (2.1s)
PASS  outdoor_area_is_a_project_and_its_tables_are_furniture_and_the_dog_rests_outside  (2.3s)
PASS  hospitality_stays_with_a_guest_from_stranger_to_regular  (6.9s)
PASS  the_players_saves_load_through_a_real_reload  (3.8s)
PASS  infrastructure_you_can_see_and_a_calmer_incident_calendar  (1.4s)
PASS  dylan_leaves_a_trace_and_never_vanishes_at_a_closed_door  (3.2s)
PASS  stock_suggestion_follows_each_dish_and_counts_the_demand_it_missed  (12.3s)
PASS  a_second_signature_the_dessert_with_its_own_progression  (3.9s)
PASS  named_guests_keep_one_face_and_the_staff_have_theirs  (1.5s)
PASS  story_foundation_facts_lanes_overdue_and_reload  (0.7s)
PASS  story_state_is_empty_on_old_saves_and_stable_over_reloads  (5.7s)
PASS  a_day_with_the_hooks_writes_copresence_named_history_and_nothing_twice  (2.9s)
PASS  sophie_and_baobao_the_arc_runs_on_real_conditions_and_leaves_a_pad_a_fact_and_a_story_photo  (2.1s)
PASS  the_lounge_is_the_same_restaurant_one_guest_one_visit_one_tab  (3.5s)
PASS  a_lounge_guest_pays_once_per_phase_and_a_review_only_for_the_visit  (4.8s)
