PASS  close_shop_early  (1.4s)
PASS  five_cats_initialise  (0.8s)
PASS  save_and_load_roundtrip  (3.3s)
PASS  jill_evening_life  (32.8s)
PASS  dylan_stays_a_quiet_regular_early_on  (8.1s)
PASS  service_checkpoint_resumes_the_day  (41.0s)
PASS  tickets_keep_the_guest_v182  (1.3s)
PASS  dylan_is_present_v182  (1.1s)
PASS  rating_story_records_and_panels_v182  (3.3s)
PASS  save_backup_and_restore  (3.4s)
PASS  kitchen_cooks_walk_the_line_and_plate  (28.2s)
PASS  a1_failed_restock_changes_nothing_and_the_suggestion_holds_still  (3.3s)
PASS  a2_the_game_never_buys_stock_for_the_player_and_money_never_goes_negative  (23.1s)
PASS  d_service_speed_scales_the_whole_simulation_and_keeps_hand_timing_fair  (9.6s)
PASS  a4b_a_mid_service_checkpoint_is_consistent_and_the_day_finishes_after_it  (183.0s)
PASS  f_reviews_name_only_the_cats_the_table_actually_met  (3.4s)
PASS  q_portraits_are_one_system_with_a_fallback_and_fit_a_phone  (6.4s)
PASS  q_plus_world_sprites_keep_jill_and_dylan_their_own  (0.8s)
PASS  u_v_world_memory_and_regulars_speak_with_their_faces  (8.9s)
PASS  z_regression_rooms_kitchen_construction_and_staff_assignment  (278.8s)
PASS  wangs_are_two_people_who_usually_come_together  (2.3s)
PASS  speech_log_logs_each_spoken_line_once  (3.6s)
PASS  workstation_assignment_is_explicit_with_capacities_and_swaps  (4.9s)
PASS  hospitality_stays_with_a_guest_from_stranger_to_regular  (10.2s)
PASS  dylan_leaves_a_trace_and_never_vanishes_at_a_closed_door  (4.3s)
PASS  stock_suggestion_follows_each_dish_and_counts_the_demand_it_missed  (18.9s)
PASS  story_foundation_facts_lanes_overdue_and_reload  (1.3s)
PASS  a_lounge_guest_pays_once_per_phase_and_a_review_only_for_the_visit  (6.8s)
PASS  followup_a_campaign_is_felt_in_the_room  (3.5s)
PASS  followup_the_manual_describes_the_current_game  (1.0s)
PASS  story_page_counts_only_real_beats_numbered_with_unseen_stages  (5.0s)
PASS  story_photos_show_the_current_art_not_an_old_copy  (2.5s)
PASS  regular_card_says_her_for_sophie_and_mia  (2.7s)
PASS  journal_pages_never_show_undefined  (10.5s)
PASS  dogs_five_kinds_and_the_house_by_the_door  (2.7s)
PASS  v24_back_of_house_is_a_work_area_and_keeps_its_two  (1.8s)
PASS  v24_legacy_tenure_is_a_class_not_the_days_since_v23  (1.9s)
PASS  v24_story_presence_for_one_day  (8.7s)
PASS  v24_eras_open_in_order_and_dormant_ones_never_reverse  (1.8s)
PASS  v24_illustrations_show_with_the_scene_and_reopen  (2.0s)
PASS  v24_saves_load_and_nothing_fires_on_load  (65.9s)
PASS  v24_the_first_cleaner_hired_is_her_and_keeps_what_she_knows  (2.6s)
PASS  rc8_the_manual_shows_a_space_once_the_shop_has_it  (3.7s)
PASS  rc8_duode_has_no_picture  (2.4s)
PASS  rc83_small_things_from_the_players_evenings  (2.5s)
PASS  rc85_a_picture_always_holds_the_service  (18.4s)
PASS  rc85_the_crew_go_up_to_the_staff_room_in_a_busy_evening  (17.8s)
PASS  rc86_dylan_is_named_in_their_room  (4.1s)
PASS  v24_an_old_shared_cap_save_keeps_everyone_and_waits  (3.3s)
PASS  v24_the_night_cut_short_is_not_counted_and_comes_again  (13.4s)
PASS  v24_jill_calls_the_landlord_and_the_whole_floor_is_hers  (88.5s)
PASS  v24_rc6_private_dining_bookings_are_seen_and_grow_with_the_room  (3.3s)
PASS  v24_rc6_two_more_restaurant_places_and_the_lounge_unchanged  (5.1s)
PASS  v24_rc6_the_floor_is_shown_when_it_changes  (8.1s)
PASS  v24_rc6_the_staff_room_has_a_way_to_every_seat  (11.1s)
PASS  v24_rc6_cats_visit_the_rooms_and_leave  (36.5s)
PASS  v24_rc6_story_pages_keep_only_their_own_lines  (11.9s)
PASS  v24_rc6_sophie_and_mia_begin  (30.4s)
PASS  v24_rc6_new_places_have_their_photos  (7.1s)
PASS  v24_rc6_the_open_floor_keeps_its_ways  (4.4s)
PASS  v24_rc6_the_private_dining_room_minimum_service_and_long_table  (5.1s)
PASS  v24_rc6_stalled_lines_move_on  (6.8s)
PASS  v24_rc7_a_line_finds_its_table  (8.1s)
PASS  v24_rc7_the_wine_and_monsieur_du  (3.6s)
PASS  v24_rc7_story_guests_have_their_own_faces  (1.0s)
PASS  v24_rc7_2_a_tap_on_the_pass_sends_the_plates  (1.4s)
PASS  v24_rc7_2_a_regulars_head_at_a_busy_table_and_the_log_closes  (4.8s)
PASS  v24_rc7_2_the_random_menu  (4.2s)
PASS  v24_rc7_2_the_missing_cats_stop_the_evening  (47.5s)
PASS  v24_rc73_jills_room_is_there_from_day_one  (15.2s)
PASS  v24_rc73_the_evening_is_in_her_room  (46.9s)
PASS  v24_rc73_posts_carry_their_picture_and_likes_that_keep_coming  (4.3s)
PASS  v24_rc73_tora_waits_for_jill_after_closing  (138.5s)
PASS  v24_rc74_favourites_learned_in_play_and_marked_on_the_menu  (3.2s)
PASS  v24_rc74_the_lounge_tv_and_its_sound  (8.2s)
PASS  v25_first_photo_a_mature_save_gets_day_one_as_history  (4.1s)
PASS  v24_rc76_dylan_at_home_keeps_his_hood_up  (2.3s)
PASS  v24_rc77_evan_is_behind_the_bar_from_the_first_night  (5.2s)
PASS  v24_rc77_kens_share_of_a_tasting_night  (13.0s)
PASS  v24_rc8_the_bar_next_door_from_kens_question_to_jills_decision  (102.9s)
PASS  v24_rc8_mature_saves_hear_nothing_new_from_next_door  (16.4s)
PASS  v24_rc8_the_signing_the_work_and_the_opening  (20.4s)
PASS  qa_a_late_day_by_taps_from_prep_to_the_next_prep  (221.3s)
PASS  qa_every_button_in_the_shop_does_something  (68.0s)
PASS  qa_lounge_one_signs_before_her_last_night  (4.8s)
PASS  qa_leaving_while_closing_after_a_resume_keeps_the_day  (144.7s)
PASS  qa_the_screens_fit_375_390_430  (154.9s)
PASS  qa_the_pause_button_works_outside_the_service  (2.6s)
PASS  qa_the_album_counts_all_five_cats  (1.9s)
PASS  qa_photos_of_jills_room_are_taken_in_her_room  (1.3s)
PASS  qa_a_new_game_gets_no_old_version_notes  (4.8s)
PASS  qa_no_text_copy_backup  (1.1s)
PASS  qa_stories_wait_for_stories_not_for_dates  (0.7s)
PASS  qa_who_is_still_there_at_closing  (2.7s)
PASS  qa_named_people_do_not_speak_a_strangers_lines  (10.3s)
PASS  qa_the_days_text_matches_the_day  (3.5s)
PASS  qa_continuing_the_day_does_not_replay_its_opening  (2.8s)
PASS  qa_one_exchange_at_a_time  (24.2s)
PASS  qa_two_stories_do_not_share_a_panel  (4.8s)
PASS  qa_a_long_scene_is_kept_whole_on_its_page  (8.2s)
PASS  qa_a_chapter_is_listed_only_where_it_is_shown  (1.2s)

101 passed, 0 failed
