PASS  customer_full_flow_and_economy  (1.9s)
PASS  cooking_every_recipe  (1.2s)
PASS  cat_ai_keeps_running  (2.1s)
PASS  old_saves_load  (8.1s)
PASS  cat_personality_fingerprint  (3.0s)
PASS  sofa_geometry  (0.8s)
PASS  dylan_hidden_reveal  (11.8s)
PASS  kitchen_staff_ladder  (1.4s)
PASS  waiting_bench  (1.7s)
PASS  world_stays_visible_across_days  (63.4s)
PASS  v16_save_continues_in_v17  (11.6s)
PASS  jill_rests_when_staff_cover_the_floor  (161.8s)
PASS  album_store_and_viewer_v181  (128.8s)
PASS  frame_loop_survives_a_draw_error  (1.0s)
PASS  economy_ops_duties_and_prices_v182  (2.1s)
PASS  achievements_and_hold_variation_v182  (1.0s)
PASS  golden_scenario  (3.6s)
PASS  golden_frames  (189.1s)
PASS  purchases_change_the_place  (54.3s)
PASS  a3_the_pause_menu_is_reachable_on_a_short_phone_and_every_way_out_works  (12.2s)
PASS  a4_the_album_opens_without_a_render_storm_and_progress_survives_a_kill  (9.6s)
PASS  g_lines_and_reviews_do_not_repeat_themselves  (2.9s)
PASS  dylan_is_a_presence_not_a_story_trigger  (21.9s)
PASS  j_cat_furniture_comes_in_tiers_and_the_grass_pot_is_used  (18.0s)
PASS  w_the_album_is_a_living_history  (2.6s)
PASS  restock_during_service_is_one_tap_with_immediate_feedback  (3.7s)
PASS  restaurant_records_are_readable_in_the_journal  (1.8s)
PASS  main_and_side_hall_are_one_layout_system  (3.8s)
PASS  outdoor_area_is_a_project_and_its_tables_are_furniture_and_the_dog_rests_outside  (3.4s)
PASS  the_players_saves_load_through_a_real_reload  (6.7s)
PASS  infrastructure_you_can_see_and_a_calmer_incident_calendar  (2.5s)
PASS  a_second_signature_the_dessert_with_its_own_progression  (6.1s)
PASS  named_guests_keep_one_face_and_the_staff_have_theirs  (2.3s)
PASS  a_day_with_the_hooks_writes_copresence_named_history_and_nothing_twice  (5.8s)
PASS  staff_learn_places_coarsely_and_veterans_stay_useful  (8.9s)
PASS  phase7_the_arcs_run_on_real_history_and_leave_it_changed  (6.4s)
PASS  phase8_reviews_say_what_happened_posts_amplify_it_and_a_campaign_is_counted  (3.0s)
PASS  phase9_the_restaurant_remembers_milestones_slots_and_small_crossovers  (3.4s)
PASS  every_player_save_migrates_plays_a_day_and_keeps_its_story  (254.9s)
PASS  journal_social_page_opens_the_same_day_as_the_shops  (1.3s)
PASS  v24_walk_over_is_a_floor_walk_and_never_a_cook  (8.1s)
PASS  v24_names_staff_and_outside_cast_are_not_random_guests  (0.6s)
PASS  v24_day52_save_plays_the_stories_in_order_over_forty_days  (165.3s)
PASS  v24_xiuqin_is_there_from_day_one_and_is_not_free_labour  (4.6s)
PASS  rc83_a_special_evening_comes_back_with_its_room  (49.1s)
PASS  rc83_the_queue_waits_at_the_shopfront  (2.9s)
PASS  rc83_a_new_space_has_its_first_photo  (2.3s)
PASS  rc85_the_rooms_upstairs_are_bought_by_their_buttons  (2.8s)
PASS  rc85_small_talk_is_rare_and_makes_sense  (38.7s)
PASS  v24_the_day_is_held_for_the_beat_its_people_came_for  (2.9s)
PASS  v24_the_signature_steppers_stay_on_their_own_line  (2.6s)
PASS  v24_the_night_of_the_missing_cats  (90.1s)
PASS  v24_rc6_the_staff_room_comes_from_a_need_and_grows_in_place  (5.2s)
PASS  v24_rc6_the_staff_room_is_used_and_the_pools_stay_apart  (11.3s)
PASS  v24_rc6_private_dining_story_needs_two_tables_and_a_lived_in_staff_room  (2.0s)
PASS  v24_rc6_the_floor_and_its_rooms_are_tabs  (42.0s)
PASS  v24_rc6_the_floor_plan_grows_with_the_building  (3.4s)
PASS  v24_rc6_the_staff_room_plays_a_frame_and_dozes  (30.1s)
PASS  v24_rc6_bar_bites_take_no_menu_slot  (3.6s)
PASS  v24_rc6_anan_works_the_lounge_first  (6.1s)
PASS  v24_rc6_new_things_are_talked_about  (27.5s)
PASS  v24_rc6_more_to_spend_on  (7.1s)
PASS  v24_rc6_a_booked_party_comes_eats_and_pays  (9.1s)
PASS  v24_rc6_a_regulars_dated_beat_keeps_its_day  (2.0s)
PASS  v24_rc7_the_money  (15.6s)
PASS  v24_rc7_madame_lin_says_which_corner  (1.1s)
      the scene: —：下午，房東來了一趟。 / 房東：我上去一下，拿個東西。 / —：樓梯門在側廳。房東一開鎖，寶寶就從他腳邊鑽進去，一路跑上樓。 / Jill：寶寶！ / —：Jill 跟上去帶寶寶下來。整層都是空的，寶寶已經跳上窗台了。 / 房東：上面就這樣，空很久了。地板是好的，窗戶也是好的。 / Jill：嗯。 / —：角落靠著兩支舊滅火器；消防檢查快到了，他上來就是要拿去換新的。 / —：Jill 抱著寶寶下樓。房東一手提一支滅火器，把門鎖好才走。
PASS  v24_rc7_the_landlord_goes_up  (4.3s)
PASS  v24_rc7_ken_hosts_his_tasting_nights  (23.5s)
PASS  v24_rc7_2_xiuqin_first_evening_holds_the_service  (2.6s)
PASS  v24_rc7_2_the_heart_and_the_treat_chip_on_a_ticket  (1.4s)
PASS  v24_rc7_2_a_story_on_the_summary_opens_its_page  (9.2s)
PASS  v24_rc7_2_vip_cards_and_the_lounge_after_dinner  (4.3s)
PASS  v24_rc7_2_the_lounges_own_waiter_carries_its_bites  (4.8s)
PASS  v24_rc75_the_pizza_oven_one_more_cook_and_the_bar_pizza  (28.1s)
PASS  v25_first_photo_day_one_dylan_takes_one_of_jills_cameras  (10.3s)
PASS  v24_rc76_after_the_wine_the_tasting_night_is_the_players  (10.1s)
PASS  v24_rc76_the_chefs_night  (14.3s)
PASS  v24_rc8_the_lounge_is_the_shop_next_door  (12.7s)
PASS  v24_rc8_madame_lin_next_door_on_day_one  (5.0s)
PASS  v24_rc8_the_bar_next_door_scenes_are_staged_where_they_happen  (16.3s)
PASS  v24_rc8_mature_saves_get_the_line_as_history  (14.6s)
PASS  v24_lounge_one_after_the_viewing_and_50000_no_wait_for_her_last_night  (29.6s)
PASS  v24_rc8_the_bell_rings_when_the_door_opens  (1.6s)
PASS  qa_a_new_game_first_day_by_taps  (7.3s)
PASS  qa_the_private_dining_room_is_bought_by_a_tap  (1.8s)
PASS  qa_waiting_staff_do_not_stand_on_one_spot  (68.1s)
PASS  qa_the_inspection_money_is_in_the_summary  (230.7s)
PASS  qa_table_hearts_only_for_sophie_and_mia  (99.5s)
PASS  qa_a_review_talks_about_the_food_not_the_glass  (2.7s)
PASS  qa_the_first_two_days_say_the_stock_fills_itself  (3.4s)
PASS  qa_the_second_burner_bought_on_day_two_is_paid_back  (3.0s)
PASS  qa_the_signature_editor_shows_the_menus_price  (1.4s)
PASS  qa_every_level_named_in_the_text_exists  (0.0s)
PASS  qa_after_the_reveal_dylan_is_not_a_stranger  (4.2s)
PASS  qa_the_summarys_tomorrow_matches_the_shop  (0.8s)
PASS  qa_a_story_photo_comes_after_its_lines  (3.7s)
PASS  qa_a_late_save_reads_true  (4.9s)
PASS  qa_lines_with_a_face_do_not_cover_toasts  (14.2s)
PASS  qa_a_story_waiting_its_turn_is_not_done_yet  (2.6s)
PASS  qa_a_guest_who_moves_to_the_lounge_is_counted_once  (2.7s)
PASS  sim_player_hires_when_guests_wait_and_keeps_the_reserve  (0.0s)
PASS  sim_player_plays_three_days_by_taps  (16.0s)
PASS  sim_player_answers_a_window_that_stops_the_day  (4.6s)

103 passed, 0 failed
