PASS  single_file_in_sync  (0.4s)
PASS  new_game_starts  (1.0s)
PASS  main_loop_single_instance  (3.6s)
PASS  listeners_do_not_accumulate  (3.0s)
PASS  unreadable_save_is_kept  (3.7s)
PASS  ui_basics  (3.6s)
PASS  touch_controls  (9.3s)
PASS  cats_use_sofa_by_personality  (40.0s)
PASS  long_play_is_stable  (10.1s)
PASS  cooking_flow_families  (1.1s)
PASS  waiter_serves_ready_food  (1.7s)
PASS  dylan_pays_tidies_and_is_not_staff  (1.1s)
PASS  daylight_returns_every_morning  (12.3s)
PASS  research_is_solvable_from_visible_info  (3.1s)
PASS  album_notes_and_journal  (380.7s)
PASS  tables_need_clearing_after_checkout  (1.2s)
PASS  demand_recommendation_staff_v181  (2.3s)
PASS  hold_recipes_never_lock_the_game  (79.8s)
PASS  regulars_have_lives_v182  (4.7s)
PASS  weather_days_and_stock_v182  (1.1s)
PASS  mature_save_loads_into_2_0  (30.2s)
PASS  cats_use_their_things_and_stay_inside  (210.3s)
PASS  goal_ladder_and_dylan_scenes  (5.3s)
PASS  specials_are_a_finer_version_of_a_mastered_dish  (37.3s)
PASS  the_street_has_passers_by_and_some_walk_in  (71.0s)
PASS  a5_money_is_one_number_everywhere_after_the_side_hall  (9.7s)
PASS  b_staff_are_grouped_by_job  (2.4s)
PASS  c_restock_shortcuts_respect_both_the_fridge_and_the_money  (4.2s)
PASS  e_rating_card_is_structured_and_records_are_chips  (2.1s)
PASS  o_toggling_a_dish_keeps_the_scroll_position  (3.0s)
PASS  h_i_k_t_shop_rooms_decoration_pass_and_dreams  (8.9s)
PASS  l_m_n_hospitality_set_sales_and_the_weather_suggestion  (6.3s)
PASS  x_a_desktop_window_is_used_and_the_mouse_and_keyboard_work  (3.7s)
PASS  portrait_crops_isolate_each_figure  (9.1s)
PASS  album_has_two_entries_history_from_the_start_and_todays_photos_from_the_summary  (2.2s)
PASS  weather_dish_replaces_a_chosen_dish_when_the_menu_is_full  (3.4s)
PASS  story_state_is_empty_on_old_saves_and_stable_over_reloads  (10.3s)
PASS  sophie_and_baobao_the_arc_runs_on_real_conditions_and_leaves_a_pad_a_fact_and_a_story_photo  (3.2s)
PASS  the_lounge_is_the_same_restaurant_one_guest_one_visit_one_tab  (7.2s)
PASS  the_lounge_has_an_origin_ken_wine_a_tasting_and_a_project_that_never_disappears  (6.0s)
PASS  lounge_i_content_bar_food_in_the_kitchen_wine_at_dinner_the_cast_by_name  (8.5s)
PASS  followup_story_progress_is_visible_retrievable_and_honest  (9.6s)
PASS  followup_a_busy_service_keeps_every_line_and_the_journal_is_reachable  (3.2s)
PASS  qa_merged_room_tabs_cushion_light_and_social_entrances  (3.6s)
PASS  dylan_dialogue_revisions_2026_10_01  (3.9s)
PASS  regulars_remember_their_life_not_replay_it  (1.9s)
PASS  kitchen_works_walk_in_and_a_second_coffee_machine  (10.6s)
PASS  side_room_booths_one_row_at_a_time  (7.1s)
PASS  window_line_cats_stay_inside_and_in_sight  (16.0s)
PASS  guest_book_notes_drinks_the_usual_and_spacing  (2.6s)
PASS  v24_stage_gates_follow_the_chronology_and_their_own_gaps  (1.7s)
PASS  v24_yijun_comes_to_eat_and_her_mother_walks_over  (4.2s)
PASS  v24_the_wall_is_written_to_the_rules  (0.8s)
PASS  v24_xiuqin_goes_home_a_while_into_the_closing  (1.7s)
PASS  v24_yijun_comes_early_in_a_fresh_game_and_meets_her_mother_at_closing  (17.4s)
PASS  v24_manual_tutorial_and_news_cover_the_new_content  (5.5s)
PASS  rc8_jill_has_things_to_do_in_her_room  (144.0s)
PASS  rc8_a_booked_out_lounge_never_shares_its_evening_with_the_trial  (2.3s)
PASS  rc83_three_pizzas  (2.6s)
PASS  rc84_kens_three_nights_three_pictures  (2.4s)
PASS  v24_restaurant_and_lounge_staff_are_two_pools_that_never_share_places  (4.5s)
PASS  v24_a_guest_who_came_for_the_signature_says_so_rarely_and_in_different_words  (25.7s)
PASS  v24_the_second_floor_is_a_story_before_it_is_a_room  (1.6s)
PASS  v24_rc6_private_dining_reservations_follow_the_rules  (4.3s)
PASS  v24_rc6_a_name_finds_its_person_and_a_person_its_name  (15.3s)
PASS  v24_rc6_no_empty_sheet_over_a_service  (5.6s)
PASS  v24_rc6_an_authored_beat_holds_the_service_until_it_is_read  (41.8s)
PASS  v24_rc6_a_finished_lounge_opens_the_floor_in_a_mature_save  (23.1s)
PASS  v24_rc6_qing_and_tuo_move_on  (3.4s)
PASS  v24_rc6_the_morning_reports  (5.6s)
PASS  v24_rc7_ken_comes_back_and_proposes_a_tasting  (3.4s)
PASS  v24_rc7_yuan_comes_to_play_the_piano  (26.2s)
PASS  v24_rc7_2_a_named_guests_line_answers_a_touch  (9.8s)
PASS  v24_rc7_2_sophies_pad_seen_and_marked  (4.3s)
PASS  v24_rc7_2_no_firing_and_the_wages  (2.6s)
PASS  v24_rc73_the_cats_live_between_the_room_and_the_restaurant  (7.2s)
PASS  v24_rc73_the_cats_try_their_luck_and_never_get_it  (26.5s)
PASS  v24_rc74_the_lounges_new_bites  (24.5s)
PASS  v24_rc76_the_bar_turns_into_an_l  (6.0s)
PASS  v24_rc77_the_page_carries_only_the_portraits_the_game_shows  (0.5s)
PASS  v24_rc77_the_lounge_pours_kens_rounds  (14.4s)
PASS  v24_the_tasting_night_comes_from_kens_story_alone  (0.9s)
PASS  v24_rc8_the_restaurants_three_lists_and_the_lounges_one  (61.4s)
PASS  v24_rc8_madame_lin_comes_back_as_a_guest  (8.4s)
PASS  v24_story_first_the_doors_of_the_stories_open_with_story_keys  (1.4s)
PASS  v24_rc8_qing_tuo_after_work_five_scenes  (88.2s)
PASS  qa_every_button_on_the_prep_screen_does_something  (148.4s)
PASS  qa_restock_says_why_it_cannot  (2.9s)
PASS  qa_the_players_checkpoints_resume  (154.1s)
PASS  qa_a_checkpoint_survives_a_new_table_count  (2.6s)
PASS  qa_a_held_story_survives_leaving_the_app  (106.1s)
PASS  qa_every_tab_reaches_by_finger  (16.8s)
PASS  qa_every_tab_reaches_by_mouse_in_a_small_window  (38.9s)
PASS  qa_the_selected_tab_is_on_screen  (5.4s)
PASS  qa_a_drink_on_a_ticket_reads_right  (50.4s)
PASS  qa_a_favourite_is_missed_only_when_it_is_off_the_menu  (3.0s)
PASS  qa_the_stock_rule_is_said_the_way_it_works  (4.5s)
PASS  qa_regulars_do_not_repeat_a_line_within_the_week  (3.2s)
PASS  qa_room_lines_wait_for_the_story_panel  (10.4s)
PASS  qa_the_savings_goals_are_in_tonights_shop  (1.8s)
PASS  sim_player_reads_only_the_screen  (0.6s)
PASS  sim_player_waits_out_a_space_shown_on_its_first_day  (16.8s)

102 passed, 0 failed
