PASS  single_file_in_sync  (0.3s)
PASS  new_game_starts  (0.6s)
PASS  cooking_every_recipe  (0.7s)
PASS  five_cats_initialise  (0.3s)
PASS  cat_ai_keeps_running  (0.9s)
PASS  unreadable_save_is_kept  (2.1s)
PASS  cat_personality_fingerprint  (1.6s)
PASS  touch_controls  (5.3s)
PASS  jill_evening_life  (16.6s)
PASS  long_play_is_stable  (6.9s)
PASS  cooking_flow_families  (0.8s)
PASS  jill_rests_when_staff_cover_the_floor  (104.5s)
PASS  research_is_solvable_from_visible_info  (1.9s)
PASS  album_store_and_viewer_v181  (83.8s)
PASS  tickets_keep_the_guest_v182  (0.8s)
PASS  weather_days_and_stock_v182  (0.9s)
PASS  rating_story_records_and_panels_v182  (2.5s)
PASS  economy_ops_duties_and_prices_v182  (1.4s)
PASS  goal_ladder_and_dylan_scenes  (3.5s)
PASS  d_service_speed_scales_the_whole_simulation_and_keeps_hand_timing_fair  (6.5s)
PASS  a4b_a_mid_service_checkpoint_is_consistent_and_the_day_finishes_after_it  (110.8s)
PASS  g_lines_and_reviews_do_not_repeat_themselves  (1.9s)
PASS  h_i_k_t_shop_rooms_decoration_pass_and_dreams  (5.8s)
PASS  w_the_album_is_a_living_history  (1.9s)
PASS  x_a_desktop_window_is_used_and_the_mouse_and_keyboard_work  (2.8s)
PASS  z_regression_rooms_kitchen_construction_and_staff_assignment  (181.5s)
PASS  portrait_crops_isolate_each_figure  (1.4s)
PASS  restock_during_service_is_one_tap_with_immediate_feedback  (2.4s)
PASS  workstation_assignment_is_explicit_with_capacities_and_swaps  (4.4s)
PASS  main_and_side_hall_are_one_layout_system  (2.5s)
PASS  infrastructure_you_can_see_and_a_calmer_incident_calendar  (2.1s)
PASS  a_second_signature_the_dessert_with_its_own_progression  (4.3s)
PASS  named_guests_keep_one_face_and_the_staff_have_theirs  (1.8s)
PASS  a_lounge_guest_pays_once_per_phase_and_a_review_only_for_the_visit  (4.9s)
PASS  staff_learn_places_coarsely_and_veterans_stay_useful  (6.5s)
PASS  phase7_the_arcs_run_on_real_history_and_leave_it_changed  (4.5s)
PASS  followup_a_busy_service_keeps_every_line_and_the_journal_is_reachable  (3.0s)
PASS  followup_a_campaign_is_felt_in_the_room  (2.6s)
PASS  qa_merged_room_tabs_cushion_light_and_social_entrances  (3.3s)
PASS  story_photos_show_the_current_art_not_an_old_copy  (2.0s)
PASS  regular_card_says_her_for_sophie_and_mia  (2.1s)
PASS  kitchen_works_walk_in_and_a_second_coffee_machine  (7.8s)
PASS  v24_back_of_house_is_a_work_area_and_keeps_its_two  (1.3s)
PASS  v24_eras_open_in_order_and_dormant_ones_never_reverse  (1.2s)
PASS  v24_names_staff_and_outside_cast_are_not_random_guests  (0.4s)
PASS  v24_stage_gates_follow_the_chronology_and_their_own_gaps  (1.3s)
PASS  rc8_a_booked_out_lounge_never_shares_its_evening_with_the_trial  (1.7s)
PASS  rc83_the_queue_waits_at_the_shopfront  (1.9s)
PASS  rc83_three_pizzas  (1.9s)
PASS  rc84_kens_three_nights_three_pictures  (1.6s)
PASS  rc85_the_crew_go_up_to_the_staff_room_in_a_busy_evening  (13.2s)
PASS  rc85_small_talk_is_rare_and_makes_sense  (29.9s)
PASS  v24_restaurant_and_lounge_staff_are_two_pools_that_never_share_places  (2.7s)
PASS  v24_a_guest_who_came_for_the_signature_says_so_rarely_and_in_different_words  (16.0s)
PASS  v24_jill_calls_the_landlord_and_the_whole_floor_is_hers  (51.8s)
PASS  v24_rc6_the_staff_room_comes_from_a_need_and_grows_in_place  (3.3s)
PASS  v24_rc6_private_dining_bookings_are_seen_and_grow_with_the_room  (1.8s)
PASS  v24_rc6_the_floor_plan_grows_with_the_building  (2.0s)
PASS  v24_rc6_a_name_finds_its_person_and_a_person_its_name  (9.6s)
PASS  v24_rc6_cats_visit_the_rooms_and_leave  (22.0s)
PASS  v24_rc6_anan_works_the_lounge_first  (4.2s)
PASS  v24_rc6_a_finished_lounge_opens_the_floor_in_a_mature_save  (15.0s)
PASS  v24_rc6_new_things_are_talked_about  (18.7s)
PASS  v24_rc6_new_places_have_their_photos  (4.7s)
PASS  v24_rc6_a_booked_party_comes_eats_and_pays  (5.7s)
PASS  v24_rc6_the_morning_reports  (3.9s)
PASS  v24_rc7_the_money  (10.5s)
PASS  v24_rc7_madame_lin_says_which_corner  (0.8s)
PASS  v24_rc7_a_line_finds_its_table  (5.0s)
PASS  v24_rc7_the_wine_and_monsieur_du  (2.2s)
PASS  v24_rc7_2_the_heart_and_the_treat_chip_on_a_ticket  (0.7s)
PASS  v24_rc7_2_a_named_guests_line_answers_a_touch  (5.7s)
PASS  v24_rc7_2_the_missing_cats_stop_the_evening  (27.7s)
PASS  v24_rc7_2_the_lounges_own_waiter_carries_its_bites  (2.8s)
PASS  v24_rc73_the_evening_is_in_her_room  (25.9s)
PASS  v24_rc74_favourites_learned_in_play_and_marked_on_the_menu  (2.2s)
PASS  v24_rc76_after_the_wine_the_tasting_night_is_the_players  (6.1s)
PASS  v24_rc77_the_lounge_pours_kens_rounds  (7.5s)
PASS  v24_rc8_mature_saves_hear_nothing_new_from_next_door  (8.7s)
PASS  v24_rc8_mature_saves_get_the_line_as_history  (9.6s)
PASS  qa_every_button_in_the_shop_does_something  (49.2s)
PASS  qa_every_button_on_the_prep_screen_does_something  (104.5s)
PASS  qa_a_held_story_survives_leaving_the_app  (65.5s)
PASS  qa_every_tab_reaches_by_finger  (11.7s)
PASS  qa_every_tab_reaches_by_mouse_in_a_small_window  (25.4s)
PASS  qa_the_selected_tab_is_on_screen  (3.3s)
PASS  qa_waiting_staff_do_not_stand_on_one_spot  (43.5s)
PASS  qa_the_inspection_money_is_in_the_summary  (143.1s)
PASS  qa_a_favourite_is_missed_only_when_it_is_off_the_menu  (1.7s)
PASS  qa_a_review_talks_about_the_food_not_the_glass  (1.7s)
PASS  qa_a_new_game_gets_no_old_version_notes  (3.1s)
PASS  qa_the_signature_editor_shows_the_menus_price  (0.9s)
PASS  qa_every_level_named_in_the_text_exists  (0.0s)
PASS  qa_after_the_reveal_dylan_is_not_a_stranger  (2.5s)
PASS  qa_the_days_text_matches_the_day  (2.5s)
PASS  qa_one_exchange_at_a_time  (15.1s)
PASS  qa_room_lines_wait_for_the_story_panel  (6.4s)
PASS  qa_lines_with_a_face_do_not_cover_toasts  (8.3s)

98 passed, 0 failed
