PASS  close_shop_early  (0.9s)
PASS  ui_basics  (2.0s)
PASS  sofa_geometry  (0.4s)
PASS  cats_use_sofa_by_personality  (23.4s)
PASS  dylan_stays_a_quiet_regular_early_on  (5.0s)
PASS  dylan_hidden_reveal  (5.9s)
PASS  kitchen_staff_ladder  (0.8s)
PASS  waiter_serves_ready_food  (1.0s)
PASS  waiting_bench  (0.7s)
PASS  world_stays_visible_across_days  (36.6s)
PASS  v16_save_continues_in_v17  (7.6s)
PASS  demand_recommendation_staff_v181  (2.0s)
PASS  frame_loop_survives_a_draw_error  (0.7s)
PASS  regulars_have_lives_v182  (3.5s)
PASS  achievements_and_hold_variation_v182  (0.6s)
PASS  save_backup_and_restore  (2.5s)
PASS  golden_frames  (124.0s)
PASS  mature_save_loads_into_2_0  (21.5s)
PASS  specials_are_a_finer_version_of_a_mastered_dish  (25.2s)
PASS  the_street_has_passers_by_and_some_walk_in  (42.1s)
PASS  b_staff_are_grouped_by_job  (1.7s)
PASS  c_restock_shortcuts_respect_both_the_fridge_and_the_money  (3.0s)
PASS  e_rating_card_is_structured_and_records_are_chips  (1.3s)
PASS  j_cat_furniture_comes_in_tiers_and_the_grass_pot_is_used  (11.4s)
PASS  l_m_n_hospitality_set_sales_and_the_weather_suggestion  (3.9s)
PASS  q_portraits_are_one_system_with_a_fallback_and_fit_a_phone  (4.3s)
PASS  speech_log_logs_each_spoken_line_once  (2.2s)
PASS  restaurant_records_are_readable_in_the_journal  (1.2s)
PASS  weather_dish_replaces_a_chosen_dish_when_the_menu_is_full  (2.1s)
PASS  hospitality_stays_with_a_guest_from_stranger_to_regular  (6.9s)
PASS  sophie_and_baobao_the_arc_runs_on_real_conditions_and_leaves_a_pad_a_fact_and_a_story_photo  (2.4s)
PASS  the_lounge_is_the_same_restaurant_one_guest_one_visit_one_tab  (4.2s)
PASS  the_lounge_has_an_origin_ken_wine_a_tasting_and_a_project_that_never_disappears  (4.1s)
PASS  lounge_i_content_bar_food_in_the_kitchen_wine_at_dinner_the_cast_by_name  (4.7s)
PASS  phase8_reviews_say_what_happened_posts_amplify_it_and_a_campaign_is_counted  (1.9s)
PASS  followup_story_progress_is_visible_retrievable_and_honest  (6.8s)
PASS  dylan_dialogue_revisions_2026_10_01  (2.3s)
PASS  story_page_counts_only_real_beats_numbered_with_unseen_stages  (4.4s)
PASS  every_player_save_migrates_plays_a_day_and_keeps_its_story  (174.1s)
PASS  journal_social_page_opens_the_same_day_as_the_shops  (0.9s)
PASS  dogs_five_kinds_and_the_house_by_the_door  (2.1s)
PASS  window_line_cats_stay_inside_and_in_sight  (10.9s)
PASS  v24_legacy_tenure_is_a_class_not_the_days_since_v23  (1.4s)
PASS  v24_story_presence_for_one_day  (6.3s)
PASS  v24_walk_over_is_a_floor_walk_and_never_a_cook  (5.4s)
PASS  v24_illustrations_show_with_the_scene_and_reopen  (2.0s)
PASS  v24_yijun_comes_to_eat_and_her_mother_walks_over  (2.7s)
PASS  v24_xiuqin_is_there_from_day_one_and_is_not_free_labour  (4.1s)
PASS  v24_yijun_comes_early_in_a_fresh_game_and_meets_her_mother_at_closing  (10.3s)
PASS  v24_manual_tutorial_and_news_cover_the_new_content  (3.8s)
PASS  rc8_jill_has_things_to_do_in_her_room  (89.8s)
PASS  rc83_small_things_from_the_players_evenings  (1.8s)
PASS  rc83_a_new_space_has_its_first_photo  (1.6s)
PASS  rc85_a_picture_always_holds_the_service  (11.7s)
PASS  rc85_the_rooms_upstairs_are_bought_by_their_buttons  (2.0s)
PASS  v24_the_day_is_held_for_the_beat_its_people_came_for  (1.9s)
PASS  v24_the_second_floor_is_a_story_before_it_is_a_room  (1.1s)
PASS  v24_the_night_of_the_missing_cats  (55.1s)
PASS  v24_the_night_cut_short_is_not_counted_and_comes_again  (7.3s)
PASS  v24_rc6_private_dining_reservations_follow_the_rules  (3.7s)
PASS  v24_rc6_the_staff_room_has_a_way_to_every_seat  (7.7s)
PASS  v24_rc6_bar_bites_take_no_menu_slot  (2.7s)
PASS  v24_rc6_the_open_floor_keeps_its_ways  (2.8s)
PASS  v24_rc6_the_private_dining_room_minimum_service_and_long_table  (3.1s)
PASS  v24_rc6_qing_and_tuo_move_on  (2.4s)
PASS  v24_rc6_a_regulars_dated_beat_keeps_its_day  (1.7s)
PASS  v24_rc7_yuan_comes_to_play_the_piano  (15.5s)
PASS  v24_rc7_story_guests_have_their_own_faces  (0.5s)
PASS  v24_rc7_2_a_tap_on_the_pass_sends_the_plates  (0.7s)
PASS  v24_rc7_2_a_story_on_the_summary_opens_its_page  (5.7s)
PASS  v24_rc7_2_no_firing_and_the_wages  (1.8s)
PASS  v24_rc73_the_cats_try_their_luck_and_never_get_it  (15.1s)
PASS  v24_rc73_tora_waits_for_jill_after_closing  (83.3s)
PASS  v24_rc74_the_lounge_tv_and_its_sound  (6.2s)
PASS  v24_rc75_the_pizza_oven_one_more_cook_and_the_bar_pizza  (18.4s)
PASS  v25_first_photo_day_one_dylan_takes_one_of_jills_cameras  (7.7s)
PASS  v24_rc76_the_chefs_night  (10.4s)
PASS  v24_rc77_the_page_carries_only_the_portraits_the_game_shows  (0.4s)
PASS  v24_rc77_evan_is_behind_the_bar_from_the_first_night  (3.6s)
PASS  v24_rc8_the_lounge_is_the_shop_next_door  (8.2s)
PASS  v24_rc8_the_bar_next_door_scenes_are_staged_where_they_happen  (11.7s)
PASS  v24_rc8_the_restaurants_three_lists_and_the_lounges_one  (42.2s)
PASS  v24_rc8_the_signing_the_work_and_the_opening  (14.0s)
PASS  v24_rc8_the_bell_rings_when_the_door_opens  (1.0s)
PASS  v24_rc8_qing_tuo_after_work_five_scenes  (54.0s)
PASS  qa_a_late_day_by_taps_from_prep_to_the_next_prep  (133.0s)
PASS  qa_restock_says_why_it_cannot  (1.8s)
PASS  qa_a_checkpoint_survives_a_new_table_count  (1.5s)
PASS  qa_leaving_while_closing_after_a_resume_keeps_the_day  (92.2s)
PASS  qa_a_drink_on_a_ticket_reads_right  (31.5s)
PASS  qa_the_album_counts_all_five_cats  (1.1s)
PASS  qa_the_second_burner_bought_on_day_two_is_paid_back  (2.2s)
PASS  qa_who_is_still_there_at_closing  (1.9s)
PASS  qa_named_people_do_not_speak_a_strangers_lines  (7.0s)
PASS  qa_continuing_the_day_does_not_replay_its_opening  (1.9s)
PASS  qa_regulars_do_not_repeat_a_line_within_the_week  (1.7s)
PASS  qa_two_stories_do_not_share_a_panel  (3.0s)

97 passed, 0 failed
