PASS  main_loop_single_instance  (2.9s)
PASS  listeners_do_not_accumulate  (1.8s)
PASS  customer_full_flow_and_economy  (1.2s)
PASS  save_and_load_roundtrip  (2.1s)
PASS  old_saves_load  (4.4s)
PASS  dylan_pays_tidies_and_is_not_staff  (0.9s)
PASS  service_checkpoint_resumes_the_day  (24.7s)
PASS  daylight_returns_every_morning  (8.0s)
PASS  album_notes_and_journal  (246.5s)
PASS  tables_need_clearing_after_checkout  (0.9s)
PASS  hold_recipes_never_lock_the_game  (48.4s)
PASS  dylan_is_present_v182  (0.8s)
PASS  golden_scenario  (2.5s)
PASS  kitchen_cooks_walk_the_line_and_plate  (16.2s)
PASS  purchases_change_the_place  (34.5s)
PASS  cats_use_their_things_and_stay_inside  (134.4s)
PASS  a1_failed_restock_changes_nothing_and_the_suggestion_holds_still  (2.4s)
PASS  a2_the_game_never_buys_stock_for_the_player_and_money_never_goes_negative  (14.4s)
PASS  a3_the_pause_menu_is_reachable_on_a_short_phone_and_every_way_out_works  (11.1s)
PASS  a4_the_album_opens_without_a_render_storm_and_progress_survives_a_kill  (8.8s)
PASS  a5_money_is_one_number_everywhere_after_the_side_hall  (7.7s)
PASS  o_toggling_a_dish_keeps_the_scroll_position  (2.1s)
PASS  f_reviews_name_only_the_cats_the_table_actually_met  (2.7s)
PASS  dylan_is_a_presence_not_a_story_trigger  (16.7s)
PASS  q_plus_world_sprites_keep_jill_and_dylan_their_own  (0.7s)
PASS  u_v_world_memory_and_regulars_speak_with_their_faces  (8.5s)
PASS  wangs_are_two_people_who_usually_come_together  (1.8s)
PASS  album_has_two_entries_history_from_the_start_and_todays_photos_from_the_summary  (1.4s)
PASS  outdoor_area_is_a_project_and_its_tables_are_furniture_and_the_dog_rests_outside  (2.7s)
PASS  the_players_saves_load_through_a_real_reload  (5.1s)
PASS  dylan_leaves_a_trace_and_never_vanishes_at_a_closed_door  (3.1s)
PASS  stock_suggestion_follows_each_dish_and_counts_the_demand_it_missed  (12.3s)
PASS  story_foundation_facts_lanes_overdue_and_reload  (0.8s)
PASS  story_state_is_empty_on_old_saves_and_stable_over_reloads  (7.7s)
PASS  a_day_with_the_hooks_writes_copresence_named_history_and_nothing_twice  (4.1s)
PASS  phase9_the_restaurant_remembers_milestones_slots_and_small_crossovers  (2.4s)
PASS  followup_the_manual_describes_the_current_game  (0.9s)
PASS  regulars_remember_their_life_not_replay_it  (1.3s)
PASS  journal_pages_never_show_undefined  (8.7s)
PASS  side_room_booths_one_row_at_a_time  (4.7s)
PASS  guest_book_notes_drinks_the_usual_and_spacing  (1.8s)
PASS  v24_saves_load_and_nothing_fires_on_load  (41.9s)
PASS  v24_the_wall_is_written_to_the_rules  (0.4s)
PASS  v24_day52_save_plays_the_stories_in_order_over_forty_days  (93.7s)
PASS  v24_xiuqin_goes_home_a_while_into_the_closing  (0.9s)
PASS  v24_the_first_cleaner_hired_is_her_and_keeps_what_she_knows  (1.6s)
PASS  rc8_the_manual_shows_a_space_once_the_shop_has_it  (2.6s)
PASS  rc8_duode_has_no_picture  (1.5s)
PASS  rc83_a_special_evening_comes_back_with_its_room  (28.3s)
PASS  v24_an_old_shared_cap_save_keeps_everyone_and_waits  (2.1s)
PASS  v24_the_signature_steppers_stay_on_their_own_line  (2.0s)
PASS  v24_rc6_the_staff_room_is_used_and_the_pools_stay_apart  (7.1s)
PASS  v24_rc6_two_more_restaurant_places_and_the_lounge_unchanged  (3.5s)
PASS  v24_rc6_private_dining_story_needs_two_tables_and_a_lived_in_staff_room  (1.4s)
PASS  v24_rc6_the_floor_and_its_rooms_are_tabs  (30.2s)
PASS  v24_rc6_the_floor_is_shown_when_it_changes  (4.6s)
PASS  v24_rc6_the_staff_room_plays_a_frame_and_dozes  (18.4s)
PASS  v24_rc6_no_empty_sheet_over_a_service  (4.2s)
PASS  v24_rc6_an_authored_beat_holds_the_service_until_it_is_read  (26.6s)
PASS  v24_rc6_story_pages_keep_only_their_own_lines  (7.5s)
PASS  v24_rc6_sophie_and_mia_begin  (17.9s)
PASS  v24_rc6_more_to_spend_on  (5.5s)
PASS  v24_rc6_stalled_lines_move_on  (4.0s)
      the scene: —：下午，房東來了一趟。 / 房東：我上去一下，拿個東西。 / —：樓梯門在側廳。房東一開鎖，寶寶就從他腳邊鑽進去，一路跑上樓。 / Jill：寶寶！ / —：Jill 跟上去帶寶寶下來。整層都是空的，寶寶已經跳上窗台了。 / 房東：上面就這樣，空很久了。地板是好的，窗戶也是好的。 / Jill：嗯。 / —：角落靠著兩支舊滅火器；消防檢查快到了，他上來就是要拿去換新的。 / —：Jill 抱著寶寶下樓。房東一手提一支滅火器，把門鎖好才走。
PASS  v24_rc7_the_landlord_goes_up  (3.8s)
PASS  v24_rc7_ken_comes_back_and_proposes_a_tasting  (2.4s)
PASS  v24_rc7_ken_hosts_his_tasting_nights  (15.4s)
PASS  v24_rc7_2_xiuqin_first_evening_holds_the_service  (1.8s)
PASS  v24_rc7_2_a_regulars_head_at_a_busy_table_and_the_log_closes  (3.0s)
PASS  v24_rc7_2_the_random_menu  (2.8s)
PASS  v24_rc7_2_sophies_pad_seen_and_marked  (2.9s)
PASS  v24_rc7_2_vip_cards_and_the_lounge_after_dinner  (3.1s)
PASS  v24_rc73_jills_room_is_there_from_day_one  (10.0s)
PASS  v24_rc73_the_cats_live_between_the_room_and_the_restaurant  (4.5s)
PASS  v24_rc73_posts_carry_their_picture_and_likes_that_keep_coming  (2.6s)
PASS  v24_rc74_the_lounges_new_bites  (15.1s)
PASS  v25_first_photo_a_mature_save_gets_day_one_as_history  (3.2s)
PASS  v24_rc76_the_bar_turns_into_an_l  (4.0s)
PASS  v24_rc76_dylan_at_home_keeps_his_hood_up  (1.6s)
PASS  v24_rc77_kens_share_of_a_tasting_night  (7.9s)
PASS  v24_rc8_madame_lin_next_door_on_day_one  (3.7s)
PASS  v24_rc8_the_bar_next_door_from_kens_question_to_jills_decision  (64.7s)
PASS  v24_rc8_madame_lin_comes_back_as_a_guest  (5.4s)
PASS  qa_a_new_game_first_day_by_taps  (5.0s)
PASS  qa_the_private_dining_room_is_bought_by_a_tap  (1.1s)
PASS  qa_the_players_checkpoints_resume  (97.8s)
PASS  qa_the_screens_fit_375_390_430  (96.9s)
PASS  qa_the_pause_button_works_outside_the_service  (1.6s)
PASS  qa_table_hearts_only_for_sophie_and_mia  (62.0s)
PASS  qa_photos_of_jills_room_are_taken_in_her_room  (0.9s)
PASS  qa_the_first_two_days_say_the_stock_fills_itself  (2.5s)
PASS  qa_no_text_copy_backup  (0.8s)
PASS  qa_stories_wait_for_stories_not_for_dates  (0.4s)
PASS  qa_the_summarys_tomorrow_matches_the_shop  (0.4s)
PASS  qa_a_story_photo_comes_after_its_lines  (2.3s)
PASS  qa_a_story_waiting_its_turn_is_not_done_yet  (1.7s)
PASS  qa_the_savings_goals_are_in_tonights_shop  (1.2s)
PASS  qa_a_guest_who_moves_to_the_lounge_is_counted_once  (1.9s)

97 passed, 0 failed
